******************************************************************************
                  TI ARM Linker Unix v20.2.7                   
******************************************************************************
>> Linked Wed Sep 20 23:40:46 2023

OUTPUT FILE NAME:   <activity_arrays.out>
ENTRY POINT SYMBOL: "_c_int00_noargs"  address: 0000306d


MEMORY CONFIGURATION

         name            origin    length      used     unused   attr    fill
----------------------  --------  ---------  --------  --------  ----  --------
  MAIN                  00000000   00040000  00003551  0003caaf  R  X
  INFO                  00200000   00004000  00000000  00004000  R  X
  SRAM_CODE             01000000   00010000  00000bbc  0000f444  RW X
  SRAM_DATA             20000000   00010000  00000bbc  0000f444  RW  


SEGMENT ALLOCATION MAP

run origin  load origin   length   init length attrs members
----------  ----------- ---------- ----------- ----- -------
00000000    00000000    00003558   00003558    r-x
  00000000    00000000    000000e4   000000e4    r-- .intvecs
  000000e4    000000e4    000032ac   000032ac    r-x .text
  00003390    00003390    00000131   00000131    r-- .const
  000034c8    000034c8    00000090   00000090    r-- .cinit
20000000    20000000    000007bc   00000000    rw-
  20000000    20000000    00000400   00000000    rw- .sysmem
  20000400    20000400    000001f4   00000000    rw- .data
  200005f4    200005f4    000001c8   00000000    rw- .bss
2000fc00    2000fc00    00000400   00000000    rw-
  2000fc00    2000fc00    00000400   00000000    rw- .stack


SECTION ALLOCATION MAP

 output                                  attributes/
section   page    origin      length       input sections
--------  ----  ----------  ----------   ----------------
.intvecs   0    00000000    000000e4     
                  00000000    000000e4     startup_msp432p401r_ccs.obj (.intvecs:retain)

.text      0    000000e4    000032ac     
                  000000e4    00000a4e     rtsv7M4_T_le_v4SPD16_eabi.lib : _printfi.c.obj (.text:__TI_printfi)
                  00000b32    00000002     startup_msp432p401r_ccs.obj (.text:Default_Handler)
                  00000b34    00000270     rtsv7M4_T_le_v4SPD16_eabi.lib : _printfi.c.obj (.text:_pconv_a)
                  00000da4    000001d0                                   : _printfi.c.obj (.text:_pconv_g)
                  00000f74    000001b6                                   : fd_add_t2.asm.obj (.text)
                  0000112a    00000002                                   : _lock.c.obj (.text:_nop)
                  0000112c    0000019c     main.obj (.text:main)
                  000012c8    0000013c     rtsv7M4_T_le_v4SPD16_eabi.lib : _printfi.c.obj (.text:_pconv_e)
                  00001404    00000136                                   : fd_div_t2.asm.obj (.text)
                  0000153a    00000002                                   : div0.asm.obj (.text)
                  0000153c    00000124                                   : _printfi.c.obj (.text:fcvt)
                  00001660    0000011c     msp432p4xx_driverlib.lib : uart.o (.text:UART_initModule)
                  0000177c    00000114     rtsv7M4_T_le_v4SPD16_eabi.lib : fputs.c.obj (.text:fputs)
                  00001890    00000110                                   : fopen.c.obj (.text:_openfile)
                  000019a0    00000110                                   : s_scalbn.c.obj (.text:scalbn)
                  00001ab0    00000100                                   : memory.c.obj (.text:aligned_alloc)
                  00001bb0    000000fc                                   : fd_mul_t2.asm.obj (.text)
                  00001cac    000000e4                                   : memory.c.obj (.text:free)
                  00001d90    000000dc                                   : setvbuf.c.obj (.text:setvbuf)
                  00001e6c    000000bc                                   : open.c.obj (.text:open)
                  00001f28    000000b8                                   : add_device.c.obj (.text:add_device)
                  00001fe0    000000b1                                   : _printfi.c.obj (.text:_ltostr)
                  00002091    00000003     --HOLE-- [fill = 0]
                  00002094    0000009c     engr2350_msp432.obj (.text:init_std_uart)
                  00002130    0000009c     rtsv7M4_T_le_v4SPD16_eabi.lib : memcpy_t2.asm.obj (.text)
                  000021cc    00000098     system_msp432p401r.obj (.text:SystemInit)
                  00002264    00000096     rtsv7M4_T_le_v4SPD16_eabi.lib : ull_div_t2.asm.obj (.text)
                  000022fa    00000002     --HOLE-- [fill = 0]
                  000022fc    0000008c                                   : fputc.c.obj (.text:fputc)
                  00002388    00000086                                   : fd_cmp_t2.asm.obj (.text:__aeabi_cdcmple)
                  0000240e    00000086                                   : fd_cmp_t2.asm.obj (.text:__aeabi_cdrcmple)
                  00002494    00000080     engr2350_msp432.obj (.text:dopen)
                  00002514    0000007a     rtsv7M4_T_le_v4SPD16_eabi.lib : memset_t2.asm.obj (.text)
                  0000258e    00000002     --HOLE-- [fill = 0]
                  00002590    00000074                                   : fclose.c.obj (.text:__TI_closefile)
                  00002604    00000070                                   : memory.c.obj (.text:split)
                  00002674    0000006e                                   : _printfi.c.obj (.text:_mcpy)
                  000026e2    00000002     --HOLE-- [fill = 0]
                  000026e4    0000006c                                   : hostrename.c.obj (.text:HOSTrename)
                  00002750    00000068                                   : hostlseek.c.obj (.text:HOSTlseek)
                  000027b8    00000068                                   : copy_decompress_lzss.c.obj (.text:decompress:lzss:__TI_decompress_lzss)
                  00002820    00000068                                   : printf.c.obj (.text:printf)
                  00002888    00000064                                   : s_frexp.c.obj (.text:frexp)
                  000028ec    00000064                                   : fseek.c.obj (.text:fseek)
                  00002950    00000062                                   : _io_perm.c.obj (.text:__TI_wrt_ok)
                  000029b2    00000002     --HOLE-- [fill = 0]
                  000029b4    00000060                                   : hostopen.c.obj (.text:HOSTopen)
                  00002a14    0000005e                                   : i_divt2.asm.obj (.text)
                  00002a72    00000002     --HOLE-- [fill = 0]
                  00002a74    0000005c                                   : close.c.obj (.text:close)
                  00002ad0    00000058                                   : hostread.c.obj (.text:HOSTread)
                  00002b28    00000058                                   : hostwrite.c.obj (.text:HOSTwrite)
                  00002b80    00000056                                   : _printfi.c.obj (.text:_pconv_f)
                  00002bd6    00000054                                   : _ltoa.c.obj (.text:__TI_ltoa)
                  00002c2a    00000002     --HOLE-- [fill = 0]
                  00002c2c    00000054     engr2350_msp432.obj (.text:dread)
                  00002c80    00000052     rtsv7M4_T_le_v4SPD16_eabi.lib : _printfi.c.obj (.text:_ecpy)
                  00002cd2    0000004c                                   : fflush.c.obj (.text:__TI_doflush)
                  00002d1e    00000002     --HOLE-- [fill = 0]
                  00002d20    0000004c                                   : atoi.c.obj (.text:atoi)
                  00002d6c    00000048     engr2350_msp432.obj (.text:dwrite)
                  00002db4    00000048     rtsv7M4_T_le_v4SPD16_eabi.lib : exit.c.obj (.text:exit)
                  00002dfc    00000048                                   : fd_toi_t2.asm.obj (.text)
                  00002e44    00000044                                   : hostclose.c.obj (.text:HOSTclose)
                  00002e88    00000044                                   : hostunlink.c.obj (.text:HOSTunlink)
                  00002ecc    00000044                                   : autoinit.c.obj (.text:__TI_auto_init_nobinit_nopinit:__TI_auto_init_nobinit_nopinit)
                  00002f10    00000044                                   : getdevice.c.obj (.text:getdevice)
                  00002f54    0000003e                                   : _printfi.c.obj (.text:_fcpy)
                  00002f92    00000002     --HOLE-- [fill = 0]
                  00002f94    00000038                                   : trgmsg.c.obj (.text:__TI_writemsg)
                  00002fcc    00000036                                   : strncpy.c.obj (.text:strncpy)
                  00003002    00000002     --HOLE-- [fill = 0]
                  00003004    00000034                                   : fopen.c.obj (.text:__TI_cleanup)
                  00003038    00000034                                   : trgmsg.c.obj (.text:__TI_readmsg)
                  0000306c    00000034                                   : boot_cortex_m.c.obj (.text:_c_int00_noargs:_c_int00_noargs)
                  000030a0    00000034                                   : fopen.c.obj (.text:freopen)
                  000030d4    00000034                                   : rand.c.obj (.text:rand)
                  00003108    00000030                                   : getdevice.c.obj (.text:finddevice)
                  00003138    0000002e                                   : i_tofd_t2.asm.obj (.text)
                  00003166    00000002     --HOLE-- [fill = 0]
                  00003168    0000002c                                   : unlink.c.obj (.text:unlink)
                  00003194    00000028                                   : memory.c.obj (.text:free_list_insert)
                  000031bc    00000028                                   : lseek.c.obj (.text:lseek)
                  000031e4    00000028                                   : write.c.obj (.text:write)
                  0000320c    00000020                                   : memchr.c.obj (.text:memchr)
                  0000322c    0000001c     engr2350_msp432.obj (.text:dclose)
                  00003248    0000001c     rtsv7M4_T_le_v4SPD16_eabi.lib : copy_zero_init.c.obj (.text:decompress:ZI:__TI_zero_init_nomemset:__TI_zero_init_nomemset)
                  00003264    0000001c                                   : memory.c.obj (.text:free_list_remove)
                  00003280    0000001c                                   : memccpy.c.obj (.text:memccpy)
                  0000329c    0000001a                                   : s_copysign.c.obj (.text:copysign)
                  000032b6    00000018                                   : strcmp.c.obj (.text:strcmp)
                  000032ce    00000016                                   : strchr.c.obj (.text:strchr)
                  000032e4    00000014                                   : strcpy.c.obj (.text:strcpy)
                  000032f8    00000014                                   : strlen.c.obj (.text:strlen)
                  0000330c    00000012     engr2350_msp432.obj (.text:dlseek)
                  0000331e    00000012     rtsv7M4_T_le_v4SPD16_eabi.lib : wcslen.c.obj (.text:wcslen)
                  00003330    00000010     engr2350_msp432.obj (.text:drename)
                  00003340    0000000e     rtsv7M4_T_le_v4SPD16_eabi.lib : copy_decompress_none.c.obj (.text:decompress:none:__TI_decompress_none)
                  0000334e    0000000e     engr2350_msp432.obj (.text:dunlink)
                  0000335c    0000000c     startup_msp432p401r_ccs.obj (.text:Reset_Handler)
                  00003368    00000008     engr2350_msp432.obj (.text:SysInit)
                  00003370    00000008     rtsv7M4_T_le_v4SPD16_eabi.lib : errno.c.obj (.text:__aeabi_errno_addr)
                  00003378    00000008                                   : memory.c.obj (.text:malloc)
                  00003380    00000004                                   : printf.c.obj (.text:_outc)
                  00003384    00000004                                   : printf.c.obj (.text:_outs)
                  00003388    00000004                                   : pre_init.c.obj (.text:_system_pre_init)
                  0000338c    00000004                                   : exit.c.obj (.text:abort:abort)

.const     0    00003390    00000131     
                  00003390    00000101     rtsv7M4_T_le_v4SPD16_eabi.lib : ctype.c.obj (.const:.string:_ctypes_)
                  00003491    00000003     --HOLE-- [fill = 0]
                  00003494    00000028     engr2350_msp432.obj (.const:$P$T1$2)
                  000034bc    00000005     engr2350_msp432.obj (.const:.string:$P$T0$1)

.cinit     0    000034c8    00000090     
                  000034c8    0000006b     (.cinit..data.load) [load image, compression = lzss]
                  00003533    00000001     --HOLE-- [fill = 0]
                  00003534    0000000c     (__TI_handler_table)
                  00003540    00000008     (.cinit..bss.load) [load image, compression = zero_init]
                  00003548    00000010     (__TI_cinit_table)

.init_array 
*          0    00000000    00000000     UNINITIALIZED

.binit     0    00000000    00000000     

.sysmem    0    20000000    00000400     UNINITIALIZED
                  20000000    00000010     rtsv7M4_T_le_v4SPD16_eabi.lib : memory.c.obj (.sysmem)
                  20000010    000003f0     --HOLE--

.data      0    20000400    000001f4     UNINITIALIZED
                  20000400    000000f0     rtsv7M4_T_le_v4SPD16_eabi.lib : defs.c.obj (.data:_ftable)
                  200004f0    00000078                                   : host_device.c.obj (.data:_device)
                  20000568    00000050                                   : host_device.c.obj (.data:_stream)
                  200005b8    00000010                                   : defs.c.obj (.data)
                  200005c8    0000000c                                   : exit.c.obj (.data:$O1$$)
                  200005d4    00000008                                   : _lock.c.obj (.data:$O1$$)
                  200005dc    00000008                                   : memory.c.obj (.data:$O1$$)
                  200005e4    00000004                                   : add_device.c.obj (.data)
                  200005e8    00000004                                   : errno.c.obj (.data)
                  200005ec    00000004                                   : open.c.obj (.data)
                  200005f0    00000004                                   : rand.c.obj (.data)

.bss       0    200005f4    000001c8     UNINITIALIZED
                  200005f4    00000120     rtsv7M4_T_le_v4SPD16_eabi.lib : trgmsg.c.obj (.bss:_CIOBUF_)
                  20000714    000000a0     (.common:__TI_tmpnams)
                  200007b4    00000008     (.common:parmbuf)

.stack     0    2000fc00    00000400     UNINITIALIZED
                  2000fc00    00000004     rtsv7M4_T_le_v4SPD16_eabi.lib : boot_cortex_m.c.obj (.stack)
                  2000fc04    000003fc     --HOLE--

__llvm_prf_cnts 
*          0    20000000    00000000     UNINITIALIZED

MODULE SUMMARY

       Module                        code    ro data   rw data
       ------                        ----    -------   -------
    ./
       main.obj                      412     0         0      
    +--+-----------------------------+-------+---------+---------+
       Total:                        412     0         0      
                                                              
    ./src/
       engr2350_msp432.obj           524     45        0      
       startup_msp432p401r_ccs.obj   14      228       0      
       system_msp432p401r.obj        152     0         0      
    +--+-----------------------------+-------+---------+---------+
       Total:                        690     273       0      
                                                              
    /Applications/ti/ccs1240/ccs/tools/compiler/ti-cgt-arm_20.2.7.LTS/lib/rtsv7M4_T_le_v4SPD16_eabi.lib
       _printfi.c.obj                4851    0         0      
       defs.c.obj                    0       0         832    
       memory.c.obj                  672     0         16     
       trgmsg.c.obj                  108     0         576    
       fd_add_t2.asm.obj             438     0         0      
       host_device.c.obj             0       0         400    
       fopen.c.obj                   376     0         0      
       fd_div_t2.asm.obj             310     0         0      
       fputs.c.obj                   276     0         0      
       s_scalbn.c.obj                272     0         0      
       fd_cmp_t2.asm.obj             268     0         0      
       ctype.c.obj                   0       257       0      
       fd_mul_t2.asm.obj             252     0         0      
       setvbuf.c.obj                 220     0         0      
       open.c.obj                    188     0         8      
       add_device.c.obj              184     0         8      
       memcpy_t2.asm.obj             156     0         0      
       ull_div_t2.asm.obj            150     0         0      
       fputc.c.obj                   140     0         0      
       memset_t2.asm.obj             122     0         0      
       fclose.c.obj                  116     0         0      
       getdevice.c.obj               116     0         0      
       hostopen.c.obj                96      0         16     
       printf.c.obj                  112     0         0      
       hostrename.c.obj              108     0         0      
       copy_decompress_lzss.c.obj    104     0         0      
       hostlseek.c.obj               104     0         0      
       exit.c.obj                    76      0         24     
       fseek.c.obj                   100     0         0      
       s_frexp.c.obj                 100     0         0      
       _io_perm.c.obj                98      0         0      
       i_divt2.asm.obj               94      0         0      
       close.c.obj                   92      0         0      
       hostread.c.obj                88      0         0      
       hostwrite.c.obj               88      0         0      
       _ltoa.c.obj                   84      0         0      
       atoi.c.obj                    76      0         0      
       fflush.c.obj                  76      0         0      
       fd_toi_t2.asm.obj             72      0         0      
       autoinit.c.obj                68      0         0      
       hostclose.c.obj               68      0         0      
       hostunlink.c.obj              68      0         0      
       rand.c.obj                    52      0         8      
       strncpy.c.obj                 54      0         0      
       boot_cortex_m.c.obj           52      0         0      
       i_tofd_t2.asm.obj             46      0         0      
       unlink.c.obj                  44      0         0      
       lseek.c.obj                   40      0         0      
       write.c.obj                   40      0         0      
       memchr.c.obj                  32      0         0      
       copy_zero_init.c.obj          28      0         0      
       memccpy.c.obj                 28      0         0      
       s_copysign.c.obj              26      0         0      
       strcmp.c.obj                  24      0         0      
       strchr.c.obj                  22      0         0      
       strcpy.c.obj                  20      0         0      
       strlen.c.obj                  20      0         0      
       _lock.c.obj                   2       0         16     
       wcslen.c.obj                  18      0         0      
       errno.c.obj                   8       0         8      
       copy_decompress_none.c.obj    14      0         0      
       pre_init.c.obj                4       0         0      
       div0.asm.obj                  2       0         0      
    +--+-----------------------------+-------+---------+---------+
       Total:                        11563   257       1912   
                                                              
    /Applications/ti/simplelink_msp432p4_sdk_3_40_01_02/source/ti/devices/msp432p4xx/driverlib/ccs/msp432p4xx_driverlib.lib
       uart.o                        284     0         0      
    +--+-----------------------------+-------+---------+---------+
       Total:                        284     0         0      
                                                              
       Heap:                         0       0         2048   
       Stack:                        0       0         2048   
       Linker Generated:             0       143       0      
    +--+-----------------------------+-------+---------+---------+
       Grand Total:                  12949   673       6008   


LINKER GENERATED COPY TABLES

__TI_cinit_table @ 00003548 records: 2, size/record: 8, table size: 16
	.data: load addr=000034c8, load size=0000006b bytes, run addr=20000400, run size=000001f4 bytes, compression=lzss
	.bss: load addr=00003540, load size=00000008 bytes, run addr=200005f4, run size=000001c8 bytes, compression=zero_init


LINKER GENERATED HANDLER TABLE

__TI_handler_table @ 00003534 records: 3, size/record: 4, table size: 12
	index: 0, handler: __TI_decompress_lzss
	index: 1, handler: __TI_decompress_none
	index: 2, handler: __TI_zero_init


GLOBAL SYMBOLS: SORTED ALPHABETICALLY BY Name 

address   name                           
-------   ----                           
00000b33  ADC14_IRQHandler               
00000b33  AES256_IRQHandler              
00000b33  BusFault_Handler               
0000338d  C$$EXIT                        
00002fc3  C$$IO$$                        
00000b33  COMP_E0_IRQHandler             
00000b33  COMP_E1_IRQHandler             
00000b33  CS_IRQHandler                  
00000b33  DMA_ERR_IRQHandler             
00000b33  DMA_INT0_IRQHandler            
00000b33  DMA_INT1_IRQHandler            
00000b33  DMA_INT2_IRQHandler            
00000b33  DMA_INT3_IRQHandler            
00000b33  DebugMon_Handler               
00000b33  Default_Handler                
00000b33  EUSCIA0_IRQHandler             
00000b33  EUSCIA1_IRQHandler             
00000b33  EUSCIA2_IRQHandler             
00000b33  EUSCIA3_IRQHandler             
00000b33  EUSCIB0_IRQHandler             
00000b33  EUSCIB1_IRQHandler             
00000b33  EUSCIB2_IRQHandler             
00000b33  EUSCIB3_IRQHandler             
00000b33  FLCTL_IRQHandler               
00000b33  FPU_IRQHandler                 
00002e45  HOSTclose                      
00002751  HOSTlseek                      
000029b5  HOSTopen                       
00002ad1  HOSTread                       
000026e5  HOSTrename                     
00002e89  HOSTunlink                     
00002b29  HOSTwrite                      
00000b33  HardFault_Handler              
00000b33  MemManage_Handler              
00000b33  NMI_Handler                    
00000b33  PCM_IRQHandler                 
00000b33  PORT1_IRQHandler               
00000b33  PORT2_IRQHandler               
00000b33  PORT3_IRQHandler               
00000b33  PORT4_IRQHandler               
00000b33  PORT5_IRQHandler               
00000b33  PORT6_IRQHandler               
00000b33  PSS_IRQHandler                 
00000b33  PendSV_Handler                 
00000b33  RTC_C_IRQHandler               
0000335d  Reset_Handler                  
00000b33  SVC_Handler                    
00003369  SysInit                        
00000b33  SysTick_Handler                
000021cd  SystemInit                     
00000b33  T32_INT1_IRQHandler            
00000b33  T32_INT2_IRQHandler            
00000b33  T32_INTC_IRQHandler            
00000b33  TA0_0_IRQHandler               
00000b33  TA0_N_IRQHandler               
00000b33  TA1_0_IRQHandler               
00000b33  TA1_N_IRQHandler               
00000b33  TA2_0_IRQHandler               
00000b33  TA2_N_IRQHandler               
00000b33  TA3_0_IRQHandler               
00000b33  TA3_N_IRQHandler               
00001661  UART_initModule                
00000b33  UsageFault_Handler             
4000480c  WDTCTL_SYM                     
00000b33  WDT_A_IRQHandler               
200005f4  __CIOBUF_                      
20010000  __STACK_END                    
00000400  __STACK_SIZE                   
00000400  __SYSMEM_SIZE                  
00003548  __TI_CINIT_Base                
00003558  __TI_CINIT_Limit               
00003534  __TI_Handler_Table_Base        
00003540  __TI_Handler_Table_Limit       
00002ecd  __TI_auto_init_nobinit_nopinit 
00003005  __TI_cleanup                   
200005c8  __TI_cleanup_ptr               
00002591  __TI_closefile                 
000027b9  __TI_decompress_lzss           
00003341  __TI_decompress_none           
00002cd3  __TI_doflush                   
200005cc  __TI_dtors_ptr                 
200005d0  __TI_enable_exit_profile_output
200005b8  __TI_ft_end                    
00002bd7  __TI_ltoa                      
ffffffff  __TI_pprof_out_hndl            
000000e5  __TI_printfi                   
ffffffff  __TI_prof_data_size            
ffffffff  __TI_prof_data_start           
00003039  __TI_readmsg                   
00000000  __TI_static_base__             
20000714  __TI_tmpnams                   
00002f95  __TI_writemsg                  
00002951  __TI_wrt_ok                    
00003249  __TI_zero_init_nomemset        
00002389  __aeabi_cdcmpeq                
00002389  __aeabi_cdcmple                
0000240f  __aeabi_cdrcmple               
00002dfd  __aeabi_d2iz                   
00000f7f  __aeabi_dadd                   
00001405  __aeabi_ddiv                   
00001bb1  __aeabi_dmul                   
00000f75  __aeabi_dsub                   
00003371  __aeabi_errno_addr             
00003139  __aeabi_i2d                    
00002a15  __aeabi_idiv                   
0000153b  __aeabi_idiv0                  
00002a15  __aeabi_idivmod                
0000153b  __aeabi_ldiv0                  
00002515  __aeabi_memclr                 
00002515  __aeabi_memclr4                
00002515  __aeabi_memclr8                
00002131  __aeabi_memcpy                 
00002131  __aeabi_memcpy4                
00002131  __aeabi_memcpy8                
00002517  __aeabi_memset                 
00002517  __aeabi_memset4                
00002517  __aeabi_memset8                
200005c4  __aeabi_stderr                 
200005bc  __aeabi_stdin                  
200005c0  __aeabi_stdout                 
00002265  __aeabi_uldivmod               
ffffffff  __binit__                      
ffffffff  __c_args__                     
UNDEFED   __mpu_init                     
2000fc00  __stack                        
20000000  __start___llvm_prf_cnts        
20000000  __stop___llvm_prf_cnts         
0000306d  _c_int00_noargs                
00003390  _ctypes_                       
200004f0  _device                        
20000400  _ftable                        
200005d4  _lock                          
0000112b  _nop                           
20000568  _stream                        
20000000  _sys_memory                    
UNDEFED   _system_post_cinit             
00003389  _system_pre_init               
200005d8  _unlock                        
0000338d  abort                          
00001f29  add_device                     
00001ab1  aligned_alloc                  
00002d21  atoi                           
ffffffff  binit                          
00002a75  close                          
0000329d  copysign                       
0000329d  copysignl                      
0000322d  dclose                         
0000330d  dlseek                         
00002495  dopen                          
00002c2d  dread                          
00003331  drename                        
0000334f  dunlink                        
00002d6d  dwrite                         
200005e8  errno                          
00002db5  exit                           
00003109  finddevice                     
000022fd  fputc                          
0000177d  fputs                          
00001cad  free                           
000030a1  freopen                        
00002889  frexp                          
00002889  frexpl                         
000028ed  fseek                          
00002f11  getdevice                      
00002095  init_std_uart                  
00000000  interruptVectors               
000019a1  ldexp                          
000019a1  ldexpl                         
000031bd  lseek                          
0000112d  main                           
00003379  malloc                         
00001ab1  memalign                       
00003281  memccpy                        
0000320d  memchr                         
00002131  memcpy                         
0000251d  memset                         
00001e6d  open                           
200007b4  parmbuf                        
00002821  printf                         
000022fd  putc                           
000030d5  rand                           
00003169  remove                         
000019a1  scalbn                         
000019a1  scalbnl                        
00001d91  setvbuf                        
000032cf  strchr                         
000032b7  strcmp                         
000032e5  strcpy                         
000032f9  strlen                         
00002fcd  strncpy                        
00003169  unlink                         
0000331f  wcslen                         
000031e5  write                          


GLOBAL SYMBOLS: SORTED BY Symbol Address 

address   name                           
-------   ----                           
00000000  __TI_static_base__             
00000000  interruptVectors               
000000e5  __TI_printfi                   
00000400  __STACK_SIZE                   
00000400  __SYSMEM_SIZE                  
00000b33  ADC14_IRQHandler               
00000b33  AES256_IRQHandler              
00000b33  BusFault_Handler               
00000b33  COMP_E0_IRQHandler             
00000b33  COMP_E1_IRQHandler             
00000b33  CS_IRQHandler                  
00000b33  DMA_ERR_IRQHandler             
00000b33  DMA_INT0_IRQHandler            
00000b33  DMA_INT1_IRQHandler            
00000b33  DMA_INT2_IRQHandler            
00000b33  DMA_INT3_IRQHandler            
00000b33  DebugMon_Handler               
00000b33  Default_Handler                
00000b33  EUSCIA0_IRQHandler             
00000b33  EUSCIA1_IRQHandler             
00000b33  EUSCIA2_IRQHandler             
00000b33  EUSCIA3_IRQHandler             
00000b33  EUSCIB0_IRQHandler             
00000b33  EUSCIB1_IRQHandler             
00000b33  EUSCIB2_IRQHandler             
00000b33  EUSCIB3_IRQHandler             
00000b33  FLCTL_IRQHandler               
00000b33  FPU_IRQHandler                 
00000b33  HardFault_Handler              
00000b33  MemManage_Handler              
00000b33  NMI_Handler                    
00000b33  PCM_IRQHandler                 
00000b33  PORT1_IRQHandler               
00000b33  PORT2_IRQHandler               
00000b33  PORT3_IRQHandler               
00000b33  PORT4_IRQHandler               
00000b33  PORT5_IRQHandler               
00000b33  PORT6_IRQHandler               
00000b33  PSS_IRQHandler                 
00000b33  PendSV_Handler                 
00000b33  RTC_C_IRQHandler               
00000b33  SVC_Handler                    
00000b33  SysTick_Handler                
00000b33  T32_INT1_IRQHandler            
00000b33  T32_INT2_IRQHandler            
00000b33  T32_INTC_IRQHandler            
00000b33  TA0_0_IRQHandler               
00000b33  TA0_N_IRQHandler               
00000b33  TA1_0_IRQHandler               
00000b33  TA1_N_IRQHandler               
00000b33  TA2_0_IRQHandler               
00000b33  TA2_N_IRQHandler               
00000b33  TA3_0_IRQHandler               
00000b33  TA3_N_IRQHandler               
00000b33  UsageFault_Handler             
00000b33  WDT_A_IRQHandler               
00000f75  __aeabi_dsub                   
00000f7f  __aeabi_dadd                   
0000112b  _nop                           
0000112d  main                           
00001405  __aeabi_ddiv                   
0000153b  __aeabi_idiv0                  
0000153b  __aeabi_ldiv0                  
00001661  UART_initModule                
0000177d  fputs                          
000019a1  ldexp                          
000019a1  ldexpl                         
000019a1  scalbn                         
000019a1  scalbnl                        
00001ab1  aligned_alloc                  
00001ab1  memalign                       
00001bb1  __aeabi_dmul                   
00001cad  free                           
00001d91  setvbuf                        
00001e6d  open                           
00001f29  add_device                     
00002095  init_std_uart                  
00002131  __aeabi_memcpy                 
00002131  __aeabi_memcpy4                
00002131  __aeabi_memcpy8                
00002131  memcpy                         
000021cd  SystemInit                     
00002265  __aeabi_uldivmod               
000022fd  fputc                          
000022fd  putc                           
00002389  __aeabi_cdcmpeq                
00002389  __aeabi_cdcmple                
0000240f  __aeabi_cdrcmple               
00002495  dopen                          
00002515  __aeabi_memclr                 
00002515  __aeabi_memclr4                
00002515  __aeabi_memclr8                
00002517  __aeabi_memset                 
00002517  __aeabi_memset4                
00002517  __aeabi_memset8                
0000251d  memset                         
00002591  __TI_closefile                 
000026e5  HOSTrename                     
00002751  HOSTlseek                      
000027b9  __TI_decompress_lzss           
00002821  printf                         
00002889  frexp                          
00002889  frexpl                         
000028ed  fseek                          
00002951  __TI_wrt_ok                    
000029b5  HOSTopen                       
00002a15  __aeabi_idiv                   
00002a15  __aeabi_idivmod                
00002a75  close                          
00002ad1  HOSTread                       
00002b29  HOSTwrite                      
00002bd7  __TI_ltoa                      
00002c2d  dread                          
00002cd3  __TI_doflush                   
00002d21  atoi                           
00002d6d  dwrite                         
00002db5  exit                           
00002dfd  __aeabi_d2iz                   
00002e45  HOSTclose                      
00002e89  HOSTunlink                     
00002ecd  __TI_auto_init_nobinit_nopinit 
00002f11  getdevice                      
00002f95  __TI_writemsg                  
00002fc3  C$$IO$$                        
00002fcd  strncpy                        
00003005  __TI_cleanup                   
00003039  __TI_readmsg                   
0000306d  _c_int00_noargs                
000030a1  freopen                        
000030d5  rand                           
00003109  finddevice                     
00003139  __aeabi_i2d                    
00003169  remove                         
00003169  unlink                         
000031bd  lseek                          
000031e5  write                          
0000320d  memchr                         
0000322d  dclose                         
00003249  __TI_zero_init_nomemset        
00003281  memccpy                        
0000329d  copysign                       
0000329d  copysignl                      
000032b7  strcmp                         
000032cf  strchr                         
000032e5  strcpy                         
000032f9  strlen                         
0000330d  dlseek                         
0000331f  wcslen                         
00003331  drename                        
00003341  __TI_decompress_none           
0000334f  dunlink                        
0000335d  Reset_Handler                  
00003369  SysInit                        
00003371  __aeabi_errno_addr             
00003379  malloc                         
00003389  _system_pre_init               
0000338d  C$$EXIT                        
0000338d  abort                          
00003390  _ctypes_                       
00003534  __TI_Handler_Table_Base        
00003540  __TI_Handler_Table_Limit       
00003548  __TI_CINIT_Base                
00003558  __TI_CINIT_Limit               
20000000  __start___llvm_prf_cnts        
20000000  __stop___llvm_prf_cnts         
20000000  _sys_memory                    
20000400  _ftable                        
200004f0  _device                        
20000568  _stream                        
200005b8  __TI_ft_end                    
200005bc  __aeabi_stdin                  
200005c0  __aeabi_stdout                 
200005c4  __aeabi_stderr                 
200005c8  __TI_cleanup_ptr               
200005cc  __TI_dtors_ptr                 
200005d0  __TI_enable_exit_profile_output
200005d4  _lock                          
200005d8  _unlock                        
200005e8  errno                          
200005f4  __CIOBUF_                      
20000714  __TI_tmpnams                   
200007b4  parmbuf                        
2000fc00  __stack                        
20010000  __STACK_END                    
4000480c  WDTCTL_SYM                     
ffffffff  __TI_pprof_out_hndl            
ffffffff  __TI_prof_data_size            
ffffffff  __TI_prof_data_start           
ffffffff  __binit__                      
ffffffff  __c_args__                     
ffffffff  binit                          
UNDEFED   __mpu_init                     
UNDEFED   _system_post_cinit             

[193 symbols]
