******************************************************************************
                  TI ARM Linker Unix v20.2.7                   
******************************************************************************
>> Linked Thu Nov 30 11:05:30 2023

OUTPUT FILE NAME:   <TemplateProject.out>
ENTRY POINT SYMBOL: "_c_int00_noargs"  address: 00003e65


MEMORY CONFIGURATION

         name            origin    length      used     unused   attr    fill
----------------------  --------  ---------  --------  --------  ----  --------
  MAIN                  00000000   00040000  000045a1  0003ba5f  R  X
  INFO                  00200000   00004000  00000000  00004000  R  X
  SRAM_CODE             01000000   00010000  00000d9c  0000f264  RW X
  SRAM_DATA             20000000   00010000  00000d9c  0000f264  RW  


SEGMENT ALLOCATION MAP

run origin  load origin   length   init length attrs members
----------  ----------- ---------- ----------- ----- -------
00000000    00000000    000045a8   000045a8    r-x
  00000000    00000000    000000e4   000000e4    r-- .intvecs
  000000e4    000000e4    0000429c   0000429c    r-x .text
  00004380    00004380    00000169   00000169    r-- .const
  000044f0    000044f0    000000b8   000000b8    r-- .cinit
20000000    20000000    0000099c   00000000    rw-
  20000000    20000000    000000e8   00000000    rw- .vtable
  200000e8    200000e8    00000400   00000000    rw- .sysmem
  200004e8    200004e8    000002a8   00000000    rw- .bss
  20000790    20000790    0000020c   00000000    rw- .data
2000fc00    2000fc00    00000400   00000000    rw-
  2000fc00    2000fc00    00000400   00000000    rw- .stack


SECTION ALLOCATION MAP

 output                                  attributes/
section   page    origin      length       input sections
--------  ----  ----------  ----------   ----------------
.intvecs   0    00000000    000000e4     
                  00000000    000000e4     startup_msp432p401r_ccs.obj (.intvecs:retain)

.text      0    000000e4    0000429c     
                  000000e4    00000a4e     rtsv7M4_T_le_v4SPD16_eabi.lib : _printfi.c.obj (.text:__TI_printfi)
                  00000b32    00000002     startup_msp432p401r_ccs.obj (.text:Default_Handler)
                  00000b34    0000038c     main.obj (.text:main)
                  00000ec0    00000270     rtsv7M4_T_le_v4SPD16_eabi.lib : _printfi.c.obj (.text:_pconv_a)
                  00001130    000001d0                                   : _printfi.c.obj (.text:_pconv_g)
                  00001300    000001b6                                   : fd_add_t2.asm.obj (.text)
                  000014b6    00000002                                   : _lock.c.obj (.text:_nop)
                  000014b8    000001a0     main.obj (.text:TimerInit)
                  00001658    0000018c     main.obj (.text:Encoder_ISR)
                  000017e4    00000144     msp432p4xx_driverlib.lib : timer_a.o (.text:privateTimer_AProcessClockSourceDivider)
                  00001928    0000013c     rtsv7M4_T_le_v4SPD16_eabi.lib : _printfi.c.obj (.text:_pconv_e)
                  00001a64    00000136                                   : fd_div_t2.asm.obj (.text)
                  00001b9a    00000002                                   : div0.asm.obj (.text)
                  00001b9c    00000124                                   : _printfi.c.obj (.text:fcvt)
                  00001cc0    0000011c     msp432p4xx_driverlib.lib : uart.o (.text:UART_initModule)
                  00001ddc    00000114     rtsv7M4_T_le_v4SPD16_eabi.lib : fputs.c.obj (.text:fputs)
                  00001ef0    00000110                                   : fopen.c.obj (.text:_openfile)
                  00002000    00000110                                   : s_scalbn.c.obj (.text:scalbn)
                  00002110    00000100                                   : memory.c.obj (.text:aligned_alloc)
                  00002210    000000fc                                   : fd_mul_t2.asm.obj (.text)
                  0000230c    000000e4                                   : memory.c.obj (.text:free)
                  000023f0    000000dc                                   : setvbuf.c.obj (.text:setvbuf)
                  000024cc    000000d2     msp432p4xx_driverlib.lib : timer_a.o (.text:Timer_A_registerInterrupt)
                  0000259e    00000002     --HOLE-- [fill = 0]
                  000025a0    000000bc     rtsv7M4_T_le_v4SPD16_eabi.lib : open.c.obj (.text:open)
                  0000265c    000000b8                                   : add_device.c.obj (.text:add_device)
                  00002714    000000b6     main.obj (.text:I2C_readData)
                  000027ca    00000002     --HOLE-- [fill = 0]
                  000027cc    000000b1     rtsv7M4_T_le_v4SPD16_eabi.lib : _printfi.c.obj (.text:_ltostr)
                  0000287d    00000003     --HOLE-- [fill = 0]
                  00002880    0000009c     engr2350_msp432.obj (.text:init_std_uart)
                  0000291c    0000009c     rtsv7M4_T_le_v4SPD16_eabi.lib : memcpy_t2.asm.obj (.text)
                  000029b8    00000098     system_msp432p401r.obj (.text:SystemInit)
                  00002a50    00000096     rtsv7M4_T_le_v4SPD16_eabi.lib : ull_div_t2.asm.obj (.text)
                  00002ae6    00000002     --HOLE-- [fill = 0]
                  00002ae8    0000008c                                   : fputc.c.obj (.text:fputc)
                  00002b74    00000088     msp432p4xx_driverlib.lib : gpio.o (.text:GPIO_setAsPeripheralModuleFunctionInputPin)
                  00002bfc    00000088                              : gpio.o (.text:GPIO_setAsPeripheralModuleFunctionOutputPin)
                  00002c84    00000086     rtsv7M4_T_le_v4SPD16_eabi.lib : fd_cmp_t2.asm.obj (.text:__aeabi_cdcmple)
                  00002d0a    00000086                                   : fd_cmp_t2.asm.obj (.text:__aeabi_cdrcmple)
                  00002d90    00000080     msp432p4xx_driverlib.lib : interrupt.o (.text:Interrupt_enableInterrupt)
                  00002e10    00000080     engr2350_msp432.obj (.text:dopen)
                  00002e90    0000007a     rtsv7M4_T_le_v4SPD16_eabi.lib : memset_t2.asm.obj (.text)
                  00002f0a    00000002     --HOLE-- [fill = 0]
                  00002f0c    00000074                                   : fclose.c.obj (.text:__TI_closefile)
                  00002f80    00000070                                   : memory.c.obj (.text:split)
                  00002ff0    0000006e                                   : _printfi.c.obj (.text:_mcpy)
                  0000305e    00000002     --HOLE-- [fill = 0]
                  00003060    0000006c                                   : hostrename.c.obj (.text:HOSTrename)
                  000030cc    0000006a     main.obj (.text:I2C_writeData)
                  00003136    00000002     --HOLE-- [fill = 0]
                  00003138    00000068     rtsv7M4_T_le_v4SPD16_eabi.lib : hostlseek.c.obj (.text:HOSTlseek)
                  000031a0    00000068     msp432p4xx_driverlib.lib : i2c.o (.text:I2C_masterSendMultiByteStart)
                  00003208    00000068                              : timer_a.o (.text:Timer_A_configureUpMode)
                  00003270    00000068     rtsv7M4_T_le_v4SPD16_eabi.lib : copy_decompress_lzss.c.obj (.text:decompress:lzss:__TI_decompress_lzss)
                  000032d8    00000068                                   : printf.c.obj (.text:printf)
                  00003340    00000064                                   : s_frexp.c.obj (.text:frexp)
                  000033a4    00000064                                   : fseek.c.obj (.text:fseek)
                  00003408    00000062     msp432p4xx_driverlib.lib : i2c.o (.text:I2C_initMaster)
                  0000346a    00000062     rtsv7M4_T_le_v4SPD16_eabi.lib : _io_perm.c.obj (.text:__TI_wrt_ok)
                  000034cc    00000060                                   : hostopen.c.obj (.text:HOSTopen)
                  0000352c    0000005c     msp432p4xx_driverlib.lib : interrupt.o (.text:Interrupt_registerInterrupt)
                  00003588    0000005c     rtsv7M4_T_le_v4SPD16_eabi.lib : close.c.obj (.text:close)
                  000035e4    00000058                                   : hostread.c.obj (.text:HOSTread)
                  0000363c    00000058                                   : hostwrite.c.obj (.text:HOSTwrite)
                  00003694    00000058     msp432p4xx_driverlib.lib : timer_a.o (.text:Timer_A_initCapture)
                  000036ec    00000056     rtsv7M4_T_le_v4SPD16_eabi.lib : _printfi.c.obj (.text:_pconv_f)
                  00003742    00000054                                   : _ltoa.c.obj (.text:__TI_ltoa)
                  00003796    00000002     --HOLE-- [fill = 0]
                  00003798    00000054     engr2350_msp432.obj (.text:dread)
                  000037ec    00000054     main.obj (.text:readRanger)
                  00003840    00000052     rtsv7M4_T_le_v4SPD16_eabi.lib : _printfi.c.obj (.text:_ecpy)
                  00003892    0000004e     msp432p4xx_driverlib.lib : timer_a.o (.text:Timer_A_initCompare)
                  000038e0    0000004c     main.obj (.text:GPIOInit)
                  0000392c    0000004c     rtsv7M4_T_le_v4SPD16_eabi.lib : fflush.c.obj (.text:__TI_doflush)
                  00003978    0000004c                                   : atoi.c.obj (.text:atoi)
                  000039c4    00000048     main.obj (.text:I2CInit)
                  00003a0c    00000048     engr2350_msp432.obj (.text:dwrite)
                  00003a54    00000048     rtsv7M4_T_le_v4SPD16_eabi.lib : exit.c.obj (.text:exit)
                  00003a9c    00000048                                   : fd_toi_t2.asm.obj (.text)
                  00003ae4    00000044                                   : hostclose.c.obj (.text:HOSTclose)
                  00003b28    00000044                                   : hostunlink.c.obj (.text:HOSTunlink)
                  00003b6c    00000044                                   : autoinit.c.obj (.text:__TI_auto_init_nobinit_nopinit:__TI_auto_init_nobinit_nopinit)
                  00003bb0    00000044                                   : getdevice.c.obj (.text:getdevice)
                  00003bf4    00000040     msp432p4xx_driverlib.lib : gpio.o (.text:GPIO_setAsOutputPin)
                  00003c34    00000040                              : i2c.o (.text:I2C_masterReceiveMultiByteFinish)
                  00003c74    0000003e     rtsv7M4_T_le_v4SPD16_eabi.lib : _printfi.c.obj (.text:_fcpy)
                  00003cb2    00000002     --HOLE-- [fill = 0]
                  00003cb4    00000038     msp432p4xx_driverlib.lib : i2c.o (.text:I2C_masterSendMultiByteStop)
                  00003cec    00000038                              : timer_a.o (.text:Timer_A_getCaptureCompareEnabledInterruptStatus)
                  00003d24    00000038     rtsv7M4_T_le_v4SPD16_eabi.lib : trgmsg.c.obj (.text:__TI_writemsg)
                  00003d5c    00000036                                   : strncpy.c.obj (.text:strncpy)
                  00003d92    00000002     --HOLE-- [fill = 0]
                  00003d94    00000034     msp432p4xx_driverlib.lib : i2c.o (.text:I2C_masterSendMultiByteNext)
                  00003dc8    00000034                              : timer_a.o (.text:Timer_A_configureContinuousMode)
                  00003dfc    00000034     rtsv7M4_T_le_v4SPD16_eabi.lib : fopen.c.obj (.text:__TI_cleanup)
                  00003e30    00000034                                   : trgmsg.c.obj (.text:__TI_readmsg)
                  00003e64    00000034                                   : boot_cortex_m.c.obj (.text:_c_int00_noargs:_c_int00_noargs)
                  00003e98    00000034                                   : fopen.c.obj (.text:freopen)
                  00003ecc    00000030                                   : getdevice.c.obj (.text:finddevice)
                  00003efc    0000002e                                   : i_tofd_t2.asm.obj (.text)
                  00003f2a    00000002     --HOLE-- [fill = 0]
                  00003f2c    0000002c     msp432p4xx_driverlib.lib : timer_a.o (.text:Timer_A_clearCaptureCompareInterrupt)
                  00003f58    0000002c     rtsv7M4_T_le_v4SPD16_eabi.lib : unlink.c.obj (.text:unlink)
                  00003f84    00000028     msp432p4xx_driverlib.lib : gpio.o (.text:GPIO_setOutputHighOnPin)
                  00003fac    00000028                              : gpio.o (.text:GPIO_setOutputLowOnPin)
                  00003fd4    00000028                              : timer_a.o (.text:Timer_A_getCaptureCompareInterruptStatus)
                  00003ffc    00000028                              : timer_a.o (.text:Timer_A_setCompareValue)
                  00004024    00000028     rtsv7M4_T_le_v4SPD16_eabi.lib : memory.c.obj (.text:free_list_insert)
                  0000404c    00000028                                   : lseek.c.obj (.text:lseek)
                  00004074    00000028                                   : write.c.obj (.text:write)
                  0000409c    00000022     msp432p4xx_driverlib.lib : timer_a.o (.text:Timer_A_getCaptureCompareCount)
                  000040be    00000020     rtsv7M4_T_le_v4SPD16_eabi.lib : memchr.c.obj (.text:memchr)
                  000040de    00000020                                   : u_tofd_t2.asm.obj (.text)
                  000040fe    0000001c     msp432p4xx_driverlib.lib : i2c.o (.text:I2C_setMode)
                  0000411a    00000002     --HOLE-- [fill = 0]
                  0000411c    0000001c     engr2350_msp432.obj (.text:dclose)
                  00004138    0000001c     rtsv7M4_T_le_v4SPD16_eabi.lib : copy_zero_init.c.obj (.text:decompress:ZI:__TI_zero_init_nomemset:__TI_zero_init_nomemset)
                  00004154    0000001c                                   : memory.c.obj (.text:free_list_remove)
                  00004170    0000001c                                   : memccpy.c.obj (.text:memccpy)
                  0000418c    0000001a     msp432p4xx_driverlib.lib : i2c.o (.text:I2C_masterReceiveStart)
                  000041a6    0000001a     rtsv7M4_T_le_v4SPD16_eabi.lib : s_copysign.c.obj (.text:copysign)
                  000041c0    00000018     main.obj (.text:T1_100ms_ISR)
                  000041d8    00000018     msp432p4xx_driverlib.lib : timer_a.o (.text:Timer_A_getEnabledInterruptStatus)
                  000041f0    00000018     rtsv7M4_T_le_v4SPD16_eabi.lib : strcmp.c.obj (.text:strcmp)
                  00004208    00000016     msp432p4xx_driverlib.lib : i2c.o (.text:I2C_enableModule)
                  0000421e    00000016                              : timer_a.o (.text:Timer_A_clearInterruptFlag)
                  00004234    00000016                              : timer_a.o (.text:Timer_A_startCounter)
                  0000424a    00000016     rtsv7M4_T_le_v4SPD16_eabi.lib : strchr.c.obj (.text:strchr)
                  00004260    00000014     msp432p4xx_driverlib.lib : i2c.o (.text:I2C_masterReceiveMultiByteNext)
                  00004274    00000014                              : i2c.o (.text:I2C_setSlaveAddress)
                  00004288    00000014     rtsv7M4_T_le_v4SPD16_eabi.lib : strcpy.c.obj (.text:strcpy)
                  0000429c    00000014                                   : strlen.c.obj (.text:strlen)
                  000042b0    00000012     msp432p4xx_driverlib.lib : timer_a.o (.text:Timer_A_getInterruptStatus)
                  000042c2    00000012     engr2350_msp432.obj (.text:dlseek)
                  000042d4    00000012     rtsv7M4_T_le_v4SPD16_eabi.lib : wcslen.c.obj (.text:wcslen)
                  000042e6    00000010     msp432p4xx_driverlib.lib : interrupt.o (.text:Interrupt_disableMaster)
                  000042f6    00000010                              : interrupt.o (.text:Interrupt_enableMaster)
                  00004306    00000010     engr2350_msp432.obj (.text:drename)
                  00004316    0000000e     rtsv7M4_T_le_v4SPD16_eabi.lib : copy_decompress_none.c.obj (.text:decompress:none:__TI_decompress_none)
                  00004324    0000000e     engr2350_msp432.obj (.text:dunlink)
                  00004332    0000000c     msp432p4xx_driverlib.lib : cpu.o (.text:CPU_cpsid)
                  0000433e    0000000c                              : cpu.o (.text:CPU_cpsie)
                  0000434a    0000000c     startup_msp432p401r_ccs.obj (.text:Reset_Handler)
                  00004356    00000008     engr2350_msp432.obj (.text:SysInit)
                  0000435e    00000002     --HOLE-- [fill = 0]
                  00004360    00000008     rtsv7M4_T_le_v4SPD16_eabi.lib : errno.c.obj (.text:__aeabi_errno_addr)
                  00004368    00000008                                   : memory.c.obj (.text:malloc)
                  00004370    00000004                                   : printf.c.obj (.text:_outc)
                  00004374    00000004                                   : printf.c.obj (.text:_outs)
                  00004378    00000004                                   : pre_init.c.obj (.text:_system_pre_init)
                  0000437c    00000004                                   : exit.c.obj (.text:abort:abort)

.const     0    00004380    00000169     
                  00004380    00000101     rtsv7M4_T_le_v4SPD16_eabi.lib : ctype.c.obj (.const:.string:_ctypes_)
                  00004481    00000003     --HOLE-- [fill = 0]
                  00004484    00000030     msp432p4xx_driverlib.lib : gpio.o (.const:GPIO_PORT_TO_BASE)
                  000044b4    00000028     engr2350_msp432.obj (.const:$P$T1$2)
                  000044dc    00000008     msp432p4xx_driverlib.lib : interrupt.o (.const:g_pulEnRegs)
                  000044e4    00000005     engr2350_msp432.obj (.const:.string:$P$T0$1)

.cinit     0    000044f0    000000b8     
                  000044f0    00000080     (.cinit..data.load) [load image, compression = lzss]
                  00004570    0000000c     (__TI_handler_table)
                  0000457c    00000004     --HOLE-- [fill = 0]
                  00004580    00000008     (.cinit..bss.load) [load image, compression = zero_init]
                  00004588    00000008     (.cinit..vtable.load) [load image, compression = zero_init]
                  00004590    00000018     (__TI_cinit_table)

.init_array 
*          0    00000000    00000000     UNINITIALIZED

.binit     0    00000000    00000000     

.vtable    0    20000000    000000e8     UNINITIALIZED
                  20000000    000000e8     msp432p4xx_driverlib.lib : interrupt.o (.vtable)

.sysmem    0    200000e8    00000400     UNINITIALIZED
                  200000e8    00000010     rtsv7M4_T_le_v4SPD16_eabi.lib : memory.c.obj (.sysmem)
                  200000f8    000003f0     --HOLE--

.bss       0    200004e8    000002a8     UNINITIALIZED
                  200004e8    00000120     rtsv7M4_T_le_v4SPD16_eabi.lib : trgmsg.c.obj (.bss:_CIOBUF_)
                  20000608    000000a0     (.common:__TI_tmpnams)
                  200006a8    00000018     (.common:TA0cfg)
                  200006c0    00000018     (.common:TA1cfg)
                  200006d8    00000018     (.common:TA3_ccr0)
                  200006f0    00000018     (.common:TA3_ccr1)
                  20000708    00000014     (.common:eUSCI_config)
                  2000071c    00000010     (.common:TA0_ccr3)
                  2000072c    00000010     (.common:TA0_ccr4)
                  2000073c    00000010     (.common:TA3cfg)
                  2000074c    00000008     (.common:parmbuf)
                  20000754    00000004     (.common:Tach_L)
                  20000758    00000004     (.common:Tach_L_avg)
                  2000075c    00000004     (.common:Tach_L_count)
                  20000760    00000004     (.common:Tach_L_sum)
                  20000764    00000004     (.common:Tach_L_sum_count)
                  20000768    00000004     (.common:Tach_R)
                  2000076c    00000004     (.common:Tach_R_avg)
                  20000770    00000004     (.common:Tach_R_count)
                  20000774    00000004     (.common:Tach_R_sum)
                  20000778    00000004     (.common:Tach_R_sum_count)
                  2000077c    00000004     (.common:enc_total_L)
                  20000780    00000004     (.common:enc_total_R)
                  20000784    00000002     (.common:current_speed_L)
                  20000786    00000002     (.common:current_speed_R)
                  20000788    00000002     (.common:desired_speed_L)
                  2000078a    00000002     (.common:desired_speed_R)
                  2000078c    00000002     (.common:differential_speed)
                  2000078e    00000002     (.common:range)

.data      0    20000790    0000020c     UNINITIALIZED
                  20000790    000000f0     rtsv7M4_T_le_v4SPD16_eabi.lib : defs.c.obj (.data:_ftable)
                  20000880    00000078                                   : host_device.c.obj (.data:_device)
                  200008f8    00000050                                   : host_device.c.obj (.data:_stream)
                  20000948    0000001c     main.obj (.data)
                  20000964    00000010     rtsv7M4_T_le_v4SPD16_eabi.lib : defs.c.obj (.data)
                  20000974    0000000c                                   : exit.c.obj (.data:$O1$$)
                  20000980    00000008                                   : _lock.c.obj (.data:$O1$$)
                  20000988    00000008                                   : memory.c.obj (.data:$O1$$)
                  20000990    00000004                                   : add_device.c.obj (.data)
                  20000994    00000004                                   : errno.c.obj (.data)
                  20000998    00000004                                   : open.c.obj (.data)

.stack     0    2000fc00    00000400     UNINITIALIZED
                  2000fc00    00000004     rtsv7M4_T_le_v4SPD16_eabi.lib : boot_cortex_m.c.obj (.stack)
                  2000fc04    000003fc     --HOLE--

__llvm_prf_cnts 
*          0    20000000    00000000     UNINITIALIZED

MODULE SUMMARY

       Module                        code    ro data   rw data
       ------                        ----    -------   -------
    ./
       main.obj                      2264    0         504    
    +--+-----------------------------+-------+---------+---------+
       Total:                        2264    0         504    
                                                              
    ./src/
       engr2350_msp432.obj           524     45        0      
       startup_msp432p401r_ccs.obj   14      228       0      
       system_msp432p401r.obj        152     0         0      
    +--+-----------------------------+-------+---------+---------+
       Total:                        690     273       0      
                                                              
    /Applications/ti/ccs1240/ccs/tools/compiler/ti-cgt-arm_20.2.7.LTS/lib/rtsv7M4_T_le_v4SPD16_eabi.lib
       _printfi.c.obj                4851    0         0      
       defs.c.obj                    0       0         832    
       memory.c.obj                  672     0         16     
       trgmsg.c.obj                  108     0         576    
       fd_add_t2.asm.obj             438     0         0      
       host_device.c.obj             0       0         400    
       fopen.c.obj                   376     0         0      
       fd_div_t2.asm.obj             310     0         0      
       fputs.c.obj                   276     0         0      
       s_scalbn.c.obj                272     0         0      
       fd_cmp_t2.asm.obj             268     0         0      
       ctype.c.obj                   0       257       0      
       fd_mul_t2.asm.obj             252     0         0      
       setvbuf.c.obj                 220     0         0      
       open.c.obj                    188     0         8      
       add_device.c.obj              184     0         8      
       memcpy_t2.asm.obj             156     0         0      
       ull_div_t2.asm.obj            150     0         0      
       fputc.c.obj                   140     0         0      
       memset_t2.asm.obj             122     0         0      
       fclose.c.obj                  116     0         0      
       getdevice.c.obj               116     0         0      
       hostopen.c.obj                96      0         16     
       printf.c.obj                  112     0         0      
       hostrename.c.obj              108     0         0      
       copy_decompress_lzss.c.obj    104     0         0      
       hostlseek.c.obj               104     0         0      
       exit.c.obj                    76      0         24     
       fseek.c.obj                   100     0         0      
       s_frexp.c.obj                 100     0         0      
       _io_perm.c.obj                98      0         0      
       close.c.obj                   92      0         0      
       hostread.c.obj                88      0         0      
       hostwrite.c.obj               88      0         0      
       _ltoa.c.obj                   84      0         0      
       atoi.c.obj                    76      0         0      
       fflush.c.obj                  76      0         0      
       fd_toi_t2.asm.obj             72      0         0      
       autoinit.c.obj                68      0         0      
       hostclose.c.obj               68      0         0      
       hostunlink.c.obj              68      0         0      
       strncpy.c.obj                 54      0         0      
       boot_cortex_m.c.obj           52      0         0      
       i_tofd_t2.asm.obj             46      0         0      
       unlink.c.obj                  44      0         0      
       lseek.c.obj                   40      0         0      
       write.c.obj                   40      0         0      
       memchr.c.obj                  32      0         0      
       u_tofd_t2.asm.obj             32      0         0      
       copy_zero_init.c.obj          28      0         0      
       memccpy.c.obj                 28      0         0      
       s_copysign.c.obj              26      0         0      
       strcmp.c.obj                  24      0         0      
       strchr.c.obj                  22      0         0      
       strcpy.c.obj                  20      0         0      
       strlen.c.obj                  20      0         0      
       _lock.c.obj                   2       0         16     
       wcslen.c.obj                  18      0         0      
       errno.c.obj                   8       0         8      
       copy_decompress_none.c.obj    14      0         0      
       pre_init.c.obj                4       0         0      
       div0.asm.obj                  2       0         0      
    +--+-----------------------------+-------+---------+---------+
       Total:                        11449   257       1904   
                                                              
    /Applications/ti/simplelink_msp432p4_sdk_3_40_01_02/source/ti/devices/msp432p4xx/driverlib/ccs/msp432p4xx_driverlib.lib
       timer_a.o                     1156    0         0      
       interrupt.o                   252     8         464    
       i2c.o                         490     0         0      
       gpio.o                        416     48        0      
       uart.o                        284     0         0      
       cpu.o                         24      0         0      
    +--+-----------------------------+-------+---------+---------+
       Total:                        2622    56        464    
                                                              
       Heap:                         0       0         2048   
       Stack:                        0       0         2048   
       Linker Generated:             0       180       0      
    +--+-----------------------------+-------+---------+---------+
       Grand Total:                  17025   766       6968   


LINKER GENERATED COPY TABLES

__TI_cinit_table @ 00004590 records: 3, size/record: 8, table size: 24
	.data: load addr=000044f0, load size=00000080 bytes, run addr=20000790, run size=0000020c bytes, compression=lzss
	.bss: load addr=00004580, load size=00000008 bytes, run addr=200004e8, run size=000002a8 bytes, compression=zero_init
	.vtable: load addr=00004588, load size=00000008 bytes, run addr=20000000, run size=000000e8 bytes, compression=zero_init


LINKER GENERATED HANDLER TABLE

__TI_handler_table @ 00004570 records: 3, size/record: 4, table size: 12
	index: 0, handler: __TI_zero_init
	index: 1, handler: __TI_decompress_lzss
	index: 2, handler: __TI_decompress_none


GLOBAL SYMBOLS: SORTED ALPHABETICALLY BY Name 

address   name                                           
-------   ----                                           
00000b33  ADC14_IRQHandler                               
00000b33  AES256_IRQHandler                              
00000b33  BusFault_Handler                               
0000437d  C$$EXIT                                        
00003d53  C$$IO$$                                        
00000b33  COMP_E0_IRQHandler                             
00000b33  COMP_E1_IRQHandler                             
00004333  CPU_cpsid                                      
0000433f  CPU_cpsie                                      
00000b33  CS_IRQHandler                                  
2000095c  DISTANCE_BETWEEN_WHEELS_IN_MM                  
00000b33  DMA_ERR_IRQHandler                             
00000b33  DMA_INT0_IRQHandler                            
00000b33  DMA_INT1_IRQHandler                            
00000b33  DMA_INT2_IRQHandler                            
00000b33  DMA_INT3_IRQHandler                            
00000b33  DebugMon_Handler                               
00000b33  Default_Handler                                
00000b33  EUSCIA0_IRQHandler                             
00000b33  EUSCIA1_IRQHandler                             
00000b33  EUSCIA2_IRQHandler                             
00000b33  EUSCIA3_IRQHandler                             
00000b33  EUSCIB0_IRQHandler                             
00000b33  EUSCIB1_IRQHandler                             
00000b33  EUSCIB2_IRQHandler                             
00000b33  EUSCIB3_IRQHandler                             
00001659  Encoder_ISR                                    
00000b33  FLCTL_IRQHandler                               
00000b33  FPU_IRQHandler                                 
000038e1  GPIOInit                                       
00003bf5  GPIO_setAsOutputPin                            
00002b75  GPIO_setAsPeripheralModuleFunctionInputPin     
00002bfd  GPIO_setAsPeripheralModuleFunctionOutputPin    
00003f85  GPIO_setOutputHighOnPin                        
00003fad  GPIO_setOutputLowOnPin                         
00003ae5  HOSTclose                                      
00003139  HOSTlseek                                      
000034cd  HOSTopen                                       
000035e5  HOSTread                                       
00003061  HOSTrename                                     
00003b29  HOSTunlink                                     
0000363d  HOSTwrite                                      
00000b33  HardFault_Handler                              
000039c5  I2CInit                                        
00004209  I2C_enableModule                               
00003409  I2C_initMaster                                 
00003c35  I2C_masterReceiveMultiByteFinish               
00004261  I2C_masterReceiveMultiByteNext                 
0000418d  I2C_masterReceiveStart                         
00003d95  I2C_masterSendMultiByteNext                    
000031a1  I2C_masterSendMultiByteStart                   
00003cb5  I2C_masterSendMultiByteStop                    
00002715  I2C_readData                                   
000040ff  I2C_setMode                                    
00004275  I2C_setSlaveAddress                            
000030cd  I2C_writeData                                  
000042e7  Interrupt_disableMaster                        
00002d91  Interrupt_enableInterrupt                      
000042f7  Interrupt_enableMaster                         
0000352d  Interrupt_registerInterrupt                    
00000b33  MemManage_Handler                              
00000b33  NMI_Handler                                    
00000b33  PCM_IRQHandler                                 
00000b33  PORT1_IRQHandler                               
00000b33  PORT2_IRQHandler                               
00000b33  PORT3_IRQHandler                               
00000b33  PORT4_IRQHandler                               
00000b33  PORT5_IRQHandler                               
00000b33  PORT6_IRQHandler                               
00000b33  PSS_IRQHandler                                 
00000b33  PendSV_Handler                                 
00000b33  RTC_C_IRQHandler                               
0000434b  Reset_Handler                                  
00000b33  SVC_Handler                                    
00004357  SysInit                                        
00000b33  SysTick_Handler                                
000029b9  SystemInit                                     
000041c1  T1_100ms_ISR                                   
00000b33  T32_INT1_IRQHandler                            
00000b33  T32_INT2_IRQHandler                            
00000b33  T32_INTC_IRQHandler                            
00000b33  TA0_0_IRQHandler                               
00000b33  TA0_N_IRQHandler                               
2000071c  TA0_ccr3                                       
2000072c  TA0_ccr4                                       
200006a8  TA0cfg                                         
00000b33  TA1_0_IRQHandler                               
00000b33  TA1_N_IRQHandler                               
200006c0  TA1cfg                                         
00000b33  TA2_0_IRQHandler                               
00000b33  TA2_N_IRQHandler                               
00000b33  TA3_0_IRQHandler                               
00000b33  TA3_N_IRQHandler                               
200006d8  TA3_ccr0                                       
200006f0  TA3_ccr1                                       
2000073c  TA3cfg                                         
20000754  Tach_L                                         
20000758  Tach_L_avg                                     
2000075c  Tach_L_count                                   
20000760  Tach_L_sum                                     
20000764  Tach_L_sum_count                               
20000768  Tach_R                                         
2000076c  Tach_R_avg                                     
20000770  Tach_R_count                                   
20000774  Tach_R_sum                                     
20000778  Tach_R_sum_count                               
000014b9  TimerInit                                      
00003f2d  Timer_A_clearCaptureCompareInterrupt           
0000421f  Timer_A_clearInterruptFlag                     
00003dc9  Timer_A_configureContinuousMode                
00003209  Timer_A_configureUpMode                        
0000409d  Timer_A_getCaptureCompareCount                 
00003ced  Timer_A_getCaptureCompareEnabledInterruptStatus
00003fd5  Timer_A_getCaptureCompareInterruptStatus       
000041d9  Timer_A_getEnabledInterruptStatus              
000042b1  Timer_A_getInterruptStatus                     
00003695  Timer_A_initCapture                            
00003893  Timer_A_initCompare                            
000024cd  Timer_A_registerInterrupt                      
00003ffd  Timer_A_setCompareValue                        
00004235  Timer_A_startCounter                           
00001cc1  UART_initModule                                
00000b33  UsageFault_Handler                             
4000480c  WDTCTL_SYM                                     
00000b33  WDT_A_IRQHandler                               
2000095d  WHEEL_RADIUS_IN_MM                             
200004e8  __CIOBUF_                                      
20010000  __STACK_END                                    
00000400  __STACK_SIZE                                   
00000400  __SYSMEM_SIZE                                  
00004590  __TI_CINIT_Base                                
000045a8  __TI_CINIT_Limit                               
00004570  __TI_Handler_Table_Base                        
0000457c  __TI_Handler_Table_Limit                       
00003b6d  __TI_auto_init_nobinit_nopinit                 
00003dfd  __TI_cleanup                                   
20000974  __TI_cleanup_ptr                               
00002f0d  __TI_closefile                                 
00003271  __TI_decompress_lzss                           
00004317  __TI_decompress_none                           
0000392d  __TI_doflush                                   
20000978  __TI_dtors_ptr                                 
2000097c  __TI_enable_exit_profile_output                
20000964  __TI_ft_end                                    
00003743  __TI_ltoa                                      
ffffffff  __TI_pprof_out_hndl                            
000000e5  __TI_printfi                                   
ffffffff  __TI_prof_data_size                            
ffffffff  __TI_prof_data_start                           
00003e31  __TI_readmsg                                   
00000000  __TI_static_base__                             
20000608  __TI_tmpnams                                   
00003d25  __TI_writemsg                                  
0000346b  __TI_wrt_ok                                    
00004139  __TI_zero_init_nomemset                        
00002c85  __aeabi_cdcmpeq                                
00002c85  __aeabi_cdcmple                                
00002d0b  __aeabi_cdrcmple                               
00003a9d  __aeabi_d2iz                                   
0000130b  __aeabi_dadd                                   
00001a65  __aeabi_ddiv                                   
00002211  __aeabi_dmul                                   
00001301  __aeabi_dsub                                   
00004361  __aeabi_errno_addr                             
00003efd  __aeabi_i2d                                    
00001b9b  __aeabi_idiv0                                  
00001b9b  __aeabi_ldiv0                                  
00002e91  __aeabi_memclr                                 
00002e91  __aeabi_memclr4                                
00002e91  __aeabi_memclr8                                
0000291d  __aeabi_memcpy                                 
0000291d  __aeabi_memcpy4                                
0000291d  __aeabi_memcpy8                                
00002e93  __aeabi_memset                                 
00002e93  __aeabi_memset4                                
00002e93  __aeabi_memset8                                
20000970  __aeabi_stderr                                 
20000968  __aeabi_stdin                                  
2000096c  __aeabi_stdout                                 
000040df  __aeabi_ui2d                                   
00002a51  __aeabi_uldivmod                               
ffffffff  __binit__                                      
ffffffff  __c_args__                                     
UNDEFED   __mpu_init                                     
2000fc00  __stack                                        
20000000  __start___llvm_prf_cnts                        
20000000  __stop___llvm_prf_cnts                         
00003e65  _c_int00_noargs                                
00004380  _ctypes_                                       
20000880  _device                                        
20000790  _ftable                                        
20000980  _lock                                          
000014b7  _nop                                           
200008f8  _stream                                        
200000e8  _sys_memory                                    
UNDEFED   _system_post_cinit                             
00004379  _system_pre_init                               
20000984  _unlock                                        
0000437d  abort                                          
0000265d  add_device                                     
00002111  aligned_alloc                                  
00003979  atoi                                           
ffffffff  binit                                          
00003589  close                                          
000041a7  copysign                                       
000041a7  copysignl                                      
20000784  current_speed_L                                
20000786  current_speed_R                                
0000411d  dclose                                         
2000094a  desired_speed                                  
20000788  desired_speed_L                                
2000078a  desired_speed_R                                
2000078c  differential_speed                             
000042c3  dlseek                                         
00002e11  dopen                                          
00003799  dread                                          
00004307  drename                                        
00004325  dunlink                                        
00003a0d  dwrite                                         
20000708  eUSCI_config                                   
2000077c  enc_total_L                                    
20000780  enc_total_R                                    
20000994  errno                                          
2000094c  error_sum_L                                    
20000950  error_sum_R                                    
00003a55  exit                                           
00003ecd  finddevice                                     
00002ae9  fputc                                          
00001ddd  fputs                                          
0000230d  free                                           
00003e99  freopen                                        
00003341  frexp                                          
00003341  frexpl                                         
000033a5  fseek                                          
20000000  g_pfnRAMVectors                                
00003bb1  getdevice                                      
00002881  init_std_uart                                  
00000000  interruptVectors                               
20000960  ki                                             
00002001  ldexp                                          
00002001  ldexpl                                         
0000404d  lseek                                          
00000b35  main                                           
00004369  malloc                                         
00002111  memalign                                       
00004171  memccpy                                        
000040bf  memchr                                         
0000291d  memcpy                                         
00002e99  memset                                         
000025a1  open                                           
2000074c  parmbuf                                        
000032d9  printf                                         
00002ae9  putc                                           
20000954  pwm_max                                        
20000956  pwm_min                                        
20000958  pwm_set_L                                      
2000095a  pwm_set_R                                      
2000078e  range                                          
000037ed  readRanger                                     
00003f59  remove                                         
20000948  run_control                                    
00002001  scalbn                                         
00002001  scalbnl                                        
000023f1  setvbuf                                        
0000424b  strchr                                         
000041f1  strcmp                                         
00004289  strcpy                                         
0000429d  strlen                                         
00003d5d  strncpy                                        
00003f59  unlink                                         
000042d5  wcslen                                         
00004075  write                                          


GLOBAL SYMBOLS: SORTED BY Symbol Address 

address   name                                           
-------   ----                                           
00000000  __TI_static_base__                             
00000000  interruptVectors                               
000000e5  __TI_printfi                                   
00000400  __STACK_SIZE                                   
00000400  __SYSMEM_SIZE                                  
00000b33  ADC14_IRQHandler                               
00000b33  AES256_IRQHandler                              
00000b33  BusFault_Handler                               
00000b33  COMP_E0_IRQHandler                             
00000b33  COMP_E1_IRQHandler                             
00000b33  CS_IRQHandler                                  
00000b33  DMA_ERR_IRQHandler                             
00000b33  DMA_INT0_IRQHandler                            
00000b33  DMA_INT1_IRQHandler                            
00000b33  DMA_INT2_IRQHandler                            
00000b33  DMA_INT3_IRQHandler                            
00000b33  DebugMon_Handler                               
00000b33  Default_Handler                                
00000b33  EUSCIA0_IRQHandler                             
00000b33  EUSCIA1_IRQHandler                             
00000b33  EUSCIA2_IRQHandler                             
00000b33  EUSCIA3_IRQHandler                             
00000b33  EUSCIB0_IRQHandler                             
00000b33  EUSCIB1_IRQHandler                             
00000b33  EUSCIB2_IRQHandler                             
00000b33  EUSCIB3_IRQHandler                             
00000b33  FLCTL_IRQHandler                               
00000b33  FPU_IRQHandler                                 
00000b33  HardFault_Handler                              
00000b33  MemManage_Handler                              
00000b33  NMI_Handler                                    
00000b33  PCM_IRQHandler                                 
00000b33  PORT1_IRQHandler                               
00000b33  PORT2_IRQHandler                               
00000b33  PORT3_IRQHandler                               
00000b33  PORT4_IRQHandler                               
00000b33  PORT5_IRQHandler                               
00000b33  PORT6_IRQHandler                               
00000b33  PSS_IRQHandler                                 
00000b33  PendSV_Handler                                 
00000b33  RTC_C_IRQHandler                               
00000b33  SVC_Handler                                    
00000b33  SysTick_Handler                                
00000b33  T32_INT1_IRQHandler                            
00000b33  T32_INT2_IRQHandler                            
00000b33  T32_INTC_IRQHandler                            
00000b33  TA0_0_IRQHandler                               
00000b33  TA0_N_IRQHandler                               
00000b33  TA1_0_IRQHandler                               
00000b33  TA1_N_IRQHandler                               
00000b33  TA2_0_IRQHandler                               
00000b33  TA2_N_IRQHandler                               
00000b33  TA3_0_IRQHandler                               
00000b33  TA3_N_IRQHandler                               
00000b33  UsageFault_Handler                             
00000b33  WDT_A_IRQHandler                               
00000b35  main                                           
00001301  __aeabi_dsub                                   
0000130b  __aeabi_dadd                                   
000014b7  _nop                                           
000014b9  TimerInit                                      
00001659  Encoder_ISR                                    
00001a65  __aeabi_ddiv                                   
00001b9b  __aeabi_idiv0                                  
00001b9b  __aeabi_ldiv0                                  
00001cc1  UART_initModule                                
00001ddd  fputs                                          
00002001  ldexp                                          
00002001  ldexpl                                         
00002001  scalbn                                         
00002001  scalbnl                                        
00002111  aligned_alloc                                  
00002111  memalign                                       
00002211  __aeabi_dmul                                   
0000230d  free                                           
000023f1  setvbuf                                        
000024cd  Timer_A_registerInterrupt                      
000025a1  open                                           
0000265d  add_device                                     
00002715  I2C_readData                                   
00002881  init_std_uart                                  
0000291d  __aeabi_memcpy                                 
0000291d  __aeabi_memcpy4                                
0000291d  __aeabi_memcpy8                                
0000291d  memcpy                                         
000029b9  SystemInit                                     
00002a51  __aeabi_uldivmod                               
00002ae9  fputc                                          
00002ae9  putc                                           
00002b75  GPIO_setAsPeripheralModuleFunctionInputPin     
00002bfd  GPIO_setAsPeripheralModuleFunctionOutputPin    
00002c85  __aeabi_cdcmpeq                                
00002c85  __aeabi_cdcmple                                
00002d0b  __aeabi_cdrcmple                               
00002d91  Interrupt_enableInterrupt                      
00002e11  dopen                                          
00002e91  __aeabi_memclr                                 
00002e91  __aeabi_memclr4                                
00002e91  __aeabi_memclr8                                
00002e93  __aeabi_memset                                 
00002e93  __aeabi_memset4                                
00002e93  __aeabi_memset8                                
00002e99  memset                                         
00002f0d  __TI_closefile                                 
00003061  HOSTrename                                     
000030cd  I2C_writeData                                  
00003139  HOSTlseek                                      
000031a1  I2C_masterSendMultiByteStart                   
00003209  Timer_A_configureUpMode                        
00003271  __TI_decompress_lzss                           
000032d9  printf                                         
00003341  frexp                                          
00003341  frexpl                                         
000033a5  fseek                                          
00003409  I2C_initMaster                                 
0000346b  __TI_wrt_ok                                    
000034cd  HOSTopen                                       
0000352d  Interrupt_registerInterrupt                    
00003589  close                                          
000035e5  HOSTread                                       
0000363d  HOSTwrite                                      
00003695  Timer_A_initCapture                            
00003743  __TI_ltoa                                      
00003799  dread                                          
000037ed  readRanger                                     
00003893  Timer_A_initCompare                            
000038e1  GPIOInit                                       
0000392d  __TI_doflush                                   
00003979  atoi                                           
000039c5  I2CInit                                        
00003a0d  dwrite                                         
00003a55  exit                                           
00003a9d  __aeabi_d2iz                                   
00003ae5  HOSTclose                                      
00003b29  HOSTunlink                                     
00003b6d  __TI_auto_init_nobinit_nopinit                 
00003bb1  getdevice                                      
00003bf5  GPIO_setAsOutputPin                            
00003c35  I2C_masterReceiveMultiByteFinish               
00003cb5  I2C_masterSendMultiByteStop                    
00003ced  Timer_A_getCaptureCompareEnabledInterruptStatus
00003d25  __TI_writemsg                                  
00003d53  C$$IO$$                                        
00003d5d  strncpy                                        
00003d95  I2C_masterSendMultiByteNext                    
00003dc9  Timer_A_configureContinuousMode                
00003dfd  __TI_cleanup                                   
00003e31  __TI_readmsg                                   
00003e65  _c_int00_noargs                                
00003e99  freopen                                        
00003ecd  finddevice                                     
00003efd  __aeabi_i2d                                    
00003f2d  Timer_A_clearCaptureCompareInterrupt           
00003f59  remove                                         
00003f59  unlink                                         
00003f85  GPIO_setOutputHighOnPin                        
00003fad  GPIO_setOutputLowOnPin                         
00003fd5  Timer_A_getCaptureCompareInterruptStatus       
00003ffd  Timer_A_setCompareValue                        
0000404d  lseek                                          
00004075  write                                          
0000409d  Timer_A_getCaptureCompareCount                 
000040bf  memchr                                         
000040df  __aeabi_ui2d                                   
000040ff  I2C_setMode                                    
0000411d  dclose                                         
00004139  __TI_zero_init_nomemset                        
00004171  memccpy                                        
0000418d  I2C_masterReceiveStart                         
000041a7  copysign                                       
000041a7  copysignl                                      
000041c1  T1_100ms_ISR                                   
000041d9  Timer_A_getEnabledInterruptStatus              
000041f1  strcmp                                         
00004209  I2C_enableModule                               
0000421f  Timer_A_clearInterruptFlag                     
00004235  Timer_A_startCounter                           
0000424b  strchr                                         
00004261  I2C_masterReceiveMultiByteNext                 
00004275  I2C_setSlaveAddress                            
00004289  strcpy                                         
0000429d  strlen                                         
000042b1  Timer_A_getInterruptStatus                     
000042c3  dlseek                                         
000042d5  wcslen                                         
000042e7  Interrupt_disableMaster                        
000042f7  Interrupt_enableMaster                         
00004307  drename                                        
00004317  __TI_decompress_none                           
00004325  dunlink                                        
00004333  CPU_cpsid                                      
0000433f  CPU_cpsie                                      
0000434b  Reset_Handler                                  
00004357  SysInit                                        
00004361  __aeabi_errno_addr                             
00004369  malloc                                         
00004379  _system_pre_init                               
0000437d  C$$EXIT                                        
0000437d  abort                                          
00004380  _ctypes_                                       
00004570  __TI_Handler_Table_Base                        
0000457c  __TI_Handler_Table_Limit                       
00004590  __TI_CINIT_Base                                
000045a8  __TI_CINIT_Limit                               
20000000  __start___llvm_prf_cnts                        
20000000  __stop___llvm_prf_cnts                         
20000000  g_pfnRAMVectors                                
200000e8  _sys_memory                                    
200004e8  __CIOBUF_                                      
20000608  __TI_tmpnams                                   
200006a8  TA0cfg                                         
200006c0  TA1cfg                                         
200006d8  TA3_ccr0                                       
200006f0  TA3_ccr1                                       
20000708  eUSCI_config                                   
2000071c  TA0_ccr3                                       
2000072c  TA0_ccr4                                       
2000073c  TA3cfg                                         
2000074c  parmbuf                                        
20000754  Tach_L                                         
20000758  Tach_L_avg                                     
2000075c  Tach_L_count                                   
20000760  Tach_L_sum                                     
20000764  Tach_L_sum_count                               
20000768  Tach_R                                         
2000076c  Tach_R_avg                                     
20000770  Tach_R_count                                   
20000774  Tach_R_sum                                     
20000778  Tach_R_sum_count                               
2000077c  enc_total_L                                    
20000780  enc_total_R                                    
20000784  current_speed_L                                
20000786  current_speed_R                                
20000788  desired_speed_L                                
2000078a  desired_speed_R                                
2000078c  differential_speed                             
2000078e  range                                          
20000790  _ftable                                        
20000880  _device                                        
200008f8  _stream                                        
20000948  run_control                                    
2000094a  desired_speed                                  
2000094c  error_sum_L                                    
20000950  error_sum_R                                    
20000954  pwm_max                                        
20000956  pwm_min                                        
20000958  pwm_set_L                                      
2000095a  pwm_set_R                                      
2000095c  DISTANCE_BETWEEN_WHEELS_IN_MM                  
2000095d  WHEEL_RADIUS_IN_MM                             
20000960  ki                                             
20000964  __TI_ft_end                                    
20000968  __aeabi_stdin                                  
2000096c  __aeabi_stdout                                 
20000970  __aeabi_stderr                                 
20000974  __TI_cleanup_ptr                               
20000978  __TI_dtors_ptr                                 
2000097c  __TI_enable_exit_profile_output                
20000980  _lock                                          
20000984  _unlock                                        
20000994  errno                                          
2000fc00  __stack                                        
20010000  __STACK_END                                    
4000480c  WDTCTL_SYM                                     
ffffffff  __TI_pprof_out_hndl                            
ffffffff  __TI_prof_data_size                            
ffffffff  __TI_prof_data_start                           
ffffffff  __binit__                                      
ffffffff  __c_args__                                     
ffffffff  binit                                          
UNDEFED   __mpu_init                                     
UNDEFED   _system_post_cinit                             

[272 symbols]
