<?xml version="1.0" encoding="ISO-8859-1" ?>
<link_info>
   <banner>TI ARM Linker Unix v20.2.7.LTS</banner>
   <copyright>Copyright (c) 1996-2018 Texas Instruments Incorporated</copyright>
   <link_time>0x6568b2ca</link_time>
   <link_errors>0x0</link_errors>
   <output_file>TemplateProject.out</output_file>
   <entry_point>
      <name>_c_int00_noargs</name>
      <address>0x3e65</address>
   </entry_point>
   <input_file_list>
      <input_file id="fl-1">
         <path>./</path>
         <kind>object</kind>
         <file>main.obj</file>
         <name>main.obj</name>
      </input_file>
      <input_file id="fl-2">
         <path>./src/</path>
         <kind>object</kind>
         <file>engr2350_msp432.obj</file>
         <name>engr2350_msp432.obj</name>
      </input_file>
      <input_file id="fl-3">
         <path>./src/</path>
         <kind>object</kind>
         <file>startup_msp432p401r_ccs.obj</file>
         <name>startup_msp432p401r_ccs.obj</name>
      </input_file>
      <input_file id="fl-4">
         <path>./src/</path>
         <kind>object</kind>
         <file>system_msp432p401r.obj</file>
         <name>system_msp432p401r.obj</name>
      </input_file>
      <input_file id="fl-e">
         <kind>object</kind>
         <file>&lt;internal&gt;</file>
         <name>&lt;internal&gt;</name>
      </input_file>
      <input_file id="fl-f">
         <path>/Applications/ti/simplelink_msp432p4_sdk_3_40_01_02/source/ti/devices/msp432p4xx/driverlib/ccs/</path>
         <kind>archive</kind>
         <file>msp432p4xx_driverlib.lib</file>
         <name>gpio.o</name>
      </input_file>
      <input_file id="fl-10">
         <path>/Applications/ti/simplelink_msp432p4_sdk_3_40_01_02/source/ti/devices/msp432p4xx/driverlib/ccs/</path>
         <kind>archive</kind>
         <file>msp432p4xx_driverlib.lib</file>
         <name>i2c.o</name>
      </input_file>
      <input_file id="fl-11">
         <path>/Applications/ti/simplelink_msp432p4_sdk_3_40_01_02/source/ti/devices/msp432p4xx/driverlib/ccs/</path>
         <kind>archive</kind>
         <file>msp432p4xx_driverlib.lib</file>
         <name>interrupt.o</name>
      </input_file>
      <input_file id="fl-12">
         <path>/Applications/ti/simplelink_msp432p4_sdk_3_40_01_02/source/ti/devices/msp432p4xx/driverlib/ccs/</path>
         <kind>archive</kind>
         <file>msp432p4xx_driverlib.lib</file>
         <name>timer_a.o</name>
      </input_file>
      <input_file id="fl-13">
         <path>/Applications/ti/simplelink_msp432p4_sdk_3_40_01_02/source/ti/devices/msp432p4xx/driverlib/ccs/</path>
         <kind>archive</kind>
         <file>msp432p4xx_driverlib.lib</file>
         <name>uart.o</name>
      </input_file>
      <input_file id="fl-14">
         <path>/Applications/ti/simplelink_msp432p4_sdk_3_40_01_02/source/ti/devices/msp432p4xx/driverlib/ccs/</path>
         <kind>archive</kind>
         <file>msp432p4xx_driverlib.lib</file>
         <name>cpu.o</name>
      </input_file>
      <input_file id="fl-ca">
         <path>/Applications/ti/ccs1240/ccs/tools/compiler/ti-cgt-arm_20.2.7.LTS/lib/</path>
         <kind>archive</kind>
         <file>rtsv7M4_T_le_v4SPD16_eabi.lib</file>
         <name>printf.c.obj</name>
      </input_file>
      <input_file id="fl-cb">
         <path>/Applications/ti/ccs1240/ccs/tools/compiler/ti-cgt-arm_20.2.7.LTS/lib/</path>
         <kind>archive</kind>
         <file>rtsv7M4_T_le_v4SPD16_eabi.lib</file>
         <name>_printfi.c.obj</name>
      </input_file>
      <input_file id="fl-cc">
         <path>/Applications/ti/ccs1240/ccs/tools/compiler/ti-cgt-arm_20.2.7.LTS/lib/</path>
         <kind>archive</kind>
         <file>rtsv7M4_T_le_v4SPD16_eabi.lib</file>
         <name>fopen.c.obj</name>
      </input_file>
      <input_file id="fl-cd">
         <path>/Applications/ti/ccs1240/ccs/tools/compiler/ti-cgt-arm_20.2.7.LTS/lib/</path>
         <kind>archive</kind>
         <file>rtsv7M4_T_le_v4SPD16_eabi.lib</file>
         <name>fputc.c.obj</name>
      </input_file>
      <input_file id="fl-ce">
         <path>/Applications/ti/ccs1240/ccs/tools/compiler/ti-cgt-arm_20.2.7.LTS/lib/</path>
         <kind>archive</kind>
         <file>rtsv7M4_T_le_v4SPD16_eabi.lib</file>
         <name>fputs.c.obj</name>
      </input_file>
      <input_file id="fl-cf">
         <path>/Applications/ti/ccs1240/ccs/tools/compiler/ti-cgt-arm_20.2.7.LTS/lib/</path>
         <kind>archive</kind>
         <file>rtsv7M4_T_le_v4SPD16_eabi.lib</file>
         <name>_io_perm.c.obj</name>
      </input_file>
      <input_file id="fl-d0">
         <path>/Applications/ti/ccs1240/ccs/tools/compiler/ti-cgt-arm_20.2.7.LTS/lib/</path>
         <kind>archive</kind>
         <file>rtsv7M4_T_le_v4SPD16_eabi.lib</file>
         <name>setvbuf.c.obj</name>
      </input_file>
      <input_file id="fl-d1">
         <path>/Applications/ti/ccs1240/ccs/tools/compiler/ti-cgt-arm_20.2.7.LTS/lib/</path>
         <kind>archive</kind>
         <file>rtsv7M4_T_le_v4SPD16_eabi.lib</file>
         <name>fd_add_t2.asm.obj</name>
      </input_file>
      <input_file id="fl-d2">
         <path>/Applications/ti/ccs1240/ccs/tools/compiler/ti-cgt-arm_20.2.7.LTS/lib/</path>
         <kind>archive</kind>
         <file>rtsv7M4_T_le_v4SPD16_eabi.lib</file>
         <name>fd_cmp_t2.asm.obj</name>
      </input_file>
      <input_file id="fl-d3">
         <path>/Applications/ti/ccs1240/ccs/tools/compiler/ti-cgt-arm_20.2.7.LTS/lib/</path>
         <kind>archive</kind>
         <file>rtsv7M4_T_le_v4SPD16_eabi.lib</file>
         <name>fd_div_t2.asm.obj</name>
      </input_file>
      <input_file id="fl-d4">
         <path>/Applications/ti/ccs1240/ccs/tools/compiler/ti-cgt-arm_20.2.7.LTS/lib/</path>
         <kind>archive</kind>
         <file>rtsv7M4_T_le_v4SPD16_eabi.lib</file>
         <name>fd_mul_t2.asm.obj</name>
      </input_file>
      <input_file id="fl-d5">
         <path>/Applications/ti/ccs1240/ccs/tools/compiler/ti-cgt-arm_20.2.7.LTS/lib/</path>
         <kind>archive</kind>
         <file>rtsv7M4_T_le_v4SPD16_eabi.lib</file>
         <name>fd_toi_t2.asm.obj</name>
      </input_file>
      <input_file id="fl-d6">
         <path>/Applications/ti/ccs1240/ccs/tools/compiler/ti-cgt-arm_20.2.7.LTS/lib/</path>
         <kind>archive</kind>
         <file>rtsv7M4_T_le_v4SPD16_eabi.lib</file>
         <name>i_tofd_t2.asm.obj</name>
      </input_file>
      <input_file id="fl-d7">
         <path>/Applications/ti/ccs1240/ccs/tools/compiler/ti-cgt-arm_20.2.7.LTS/lib/</path>
         <kind>archive</kind>
         <file>rtsv7M4_T_le_v4SPD16_eabi.lib</file>
         <name>memcpy_t2.asm.obj</name>
      </input_file>
      <input_file id="fl-d8">
         <path>/Applications/ti/ccs1240/ccs/tools/compiler/ti-cgt-arm_20.2.7.LTS/lib/</path>
         <kind>archive</kind>
         <file>rtsv7M4_T_le_v4SPD16_eabi.lib</file>
         <name>u_tofd_t2.asm.obj</name>
      </input_file>
      <input_file id="fl-d9">
         <path>/Applications/ti/ccs1240/ccs/tools/compiler/ti-cgt-arm_20.2.7.LTS/lib/</path>
         <kind>archive</kind>
         <file>rtsv7M4_T_le_v4SPD16_eabi.lib</file>
         <name>memset_t2.asm.obj</name>
      </input_file>
      <input_file id="fl-da">
         <path>/Applications/ti/ccs1240/ccs/tools/compiler/ti-cgt-arm_20.2.7.LTS/lib/</path>
         <kind>archive</kind>
         <file>rtsv7M4_T_le_v4SPD16_eabi.lib</file>
         <name>ull_div_t2.asm.obj</name>
      </input_file>
      <input_file id="fl-db">
         <path>/Applications/ti/ccs1240/ccs/tools/compiler/ti-cgt-arm_20.2.7.LTS/lib/</path>
         <kind>archive</kind>
         <file>rtsv7M4_T_le_v4SPD16_eabi.lib</file>
         <name>copy_zero_init.c.obj</name>
      </input_file>
      <input_file id="fl-dc">
         <path>/Applications/ti/ccs1240/ccs/tools/compiler/ti-cgt-arm_20.2.7.LTS/lib/</path>
         <kind>archive</kind>
         <file>rtsv7M4_T_le_v4SPD16_eabi.lib</file>
         <name>copy_decompress_none.c.obj</name>
      </input_file>
      <input_file id="fl-dd">
         <path>/Applications/ti/ccs1240/ccs/tools/compiler/ti-cgt-arm_20.2.7.LTS/lib/</path>
         <kind>archive</kind>
         <file>rtsv7M4_T_le_v4SPD16_eabi.lib</file>
         <name>copy_decompress_lzss.c.obj</name>
      </input_file>
      <input_file id="fl-de">
         <path>/Applications/ti/ccs1240/ccs/tools/compiler/ti-cgt-arm_20.2.7.LTS/lib/</path>
         <kind>archive</kind>
         <file>rtsv7M4_T_le_v4SPD16_eabi.lib</file>
         <name>exit.c.obj</name>
      </input_file>
      <input_file id="fl-df">
         <path>/Applications/ti/ccs1240/ccs/tools/compiler/ti-cgt-arm_20.2.7.LTS/lib/</path>
         <kind>archive</kind>
         <file>rtsv7M4_T_le_v4SPD16_eabi.lib</file>
         <name>_lock.c.obj</name>
      </input_file>
      <input_file id="fl-e0">
         <path>/Applications/ti/ccs1240/ccs/tools/compiler/ti-cgt-arm_20.2.7.LTS/lib/</path>
         <kind>archive</kind>
         <file>rtsv7M4_T_le_v4SPD16_eabi.lib</file>
         <name>_ltoa.c.obj</name>
      </input_file>
      <input_file id="fl-e1">
         <path>/Applications/ti/ccs1240/ccs/tools/compiler/ti-cgt-arm_20.2.7.LTS/lib/</path>
         <kind>archive</kind>
         <file>rtsv7M4_T_le_v4SPD16_eabi.lib</file>
         <name>atoi.c.obj</name>
      </input_file>
      <input_file id="fl-e2">
         <path>/Applications/ti/ccs1240/ccs/tools/compiler/ti-cgt-arm_20.2.7.LTS/lib/</path>
         <kind>archive</kind>
         <file>rtsv7M4_T_le_v4SPD16_eabi.lib</file>
         <name>ctype.c.obj</name>
      </input_file>
      <input_file id="fl-e3">
         <path>/Applications/ti/ccs1240/ccs/tools/compiler/ti-cgt-arm_20.2.7.LTS/lib/</path>
         <kind>archive</kind>
         <file>rtsv7M4_T_le_v4SPD16_eabi.lib</file>
         <name>defs.c.obj</name>
      </input_file>
      <input_file id="fl-e4">
         <path>/Applications/ti/ccs1240/ccs/tools/compiler/ti-cgt-arm_20.2.7.LTS/lib/</path>
         <kind>archive</kind>
         <file>rtsv7M4_T_le_v4SPD16_eabi.lib</file>
         <name>memccpy.c.obj</name>
      </input_file>
      <input_file id="fl-e5">
         <path>/Applications/ti/ccs1240/ccs/tools/compiler/ti-cgt-arm_20.2.7.LTS/lib/</path>
         <kind>archive</kind>
         <file>rtsv7M4_T_le_v4SPD16_eabi.lib</file>
         <name>memchr.c.obj</name>
      </input_file>
      <input_file id="fl-e6">
         <path>/Applications/ti/ccs1240/ccs/tools/compiler/ti-cgt-arm_20.2.7.LTS/lib/</path>
         <kind>archive</kind>
         <file>rtsv7M4_T_le_v4SPD16_eabi.lib</file>
         <name>memory.c.obj</name>
      </input_file>
      <input_file id="fl-e7">
         <path>/Applications/ti/ccs1240/ccs/tools/compiler/ti-cgt-arm_20.2.7.LTS/lib/</path>
         <kind>archive</kind>
         <file>rtsv7M4_T_le_v4SPD16_eabi.lib</file>
         <name>strchr.c.obj</name>
      </input_file>
      <input_file id="fl-e8">
         <path>/Applications/ti/ccs1240/ccs/tools/compiler/ti-cgt-arm_20.2.7.LTS/lib/</path>
         <kind>archive</kind>
         <file>rtsv7M4_T_le_v4SPD16_eabi.lib</file>
         <name>strlen.c.obj</name>
      </input_file>
      <input_file id="fl-e9">
         <path>/Applications/ti/ccs1240/ccs/tools/compiler/ti-cgt-arm_20.2.7.LTS/lib/</path>
         <kind>archive</kind>
         <file>rtsv7M4_T_le_v4SPD16_eabi.lib</file>
         <name>boot_cortex_m.c.obj</name>
      </input_file>
      <input_file id="fl-ea">
         <path>/Applications/ti/ccs1240/ccs/tools/compiler/ti-cgt-arm_20.2.7.LTS/lib/</path>
         <kind>archive</kind>
         <file>rtsv7M4_T_le_v4SPD16_eabi.lib</file>
         <name>write.c.obj</name>
      </input_file>
      <input_file id="fl-eb">
         <path>/Applications/ti/ccs1240/ccs/tools/compiler/ti-cgt-arm_20.2.7.LTS/lib/</path>
         <kind>archive</kind>
         <file>rtsv7M4_T_le_v4SPD16_eabi.lib</file>
         <name>host_device.c.obj</name>
      </input_file>
      <input_file id="fl-ec">
         <path>/Applications/ti/ccs1240/ccs/tools/compiler/ti-cgt-arm_20.2.7.LTS/lib/</path>
         <kind>archive</kind>
         <file>rtsv7M4_T_le_v4SPD16_eabi.lib</file>
         <name>open.c.obj</name>
      </input_file>
      <input_file id="fl-ed">
         <path>/Applications/ti/ccs1240/ccs/tools/compiler/ti-cgt-arm_20.2.7.LTS/lib/</path>
         <kind>archive</kind>
         <file>rtsv7M4_T_le_v4SPD16_eabi.lib</file>
         <name>add_device.c.obj</name>
      </input_file>
      <input_file id="fl-ee">
         <path>/Applications/ti/ccs1240/ccs/tools/compiler/ti-cgt-arm_20.2.7.LTS/lib/</path>
         <kind>archive</kind>
         <file>rtsv7M4_T_le_v4SPD16_eabi.lib</file>
         <name>errno.c.obj</name>
      </input_file>
      <input_file id="fl-ef">
         <path>/Applications/ti/ccs1240/ccs/tools/compiler/ti-cgt-arm_20.2.7.LTS/lib/</path>
         <kind>archive</kind>
         <file>rtsv7M4_T_le_v4SPD16_eabi.lib</file>
         <name>wcslen.c.obj</name>
      </input_file>
      <input_file id="fl-f0">
         <path>/Applications/ti/ccs1240/ccs/tools/compiler/ti-cgt-arm_20.2.7.LTS/lib/</path>
         <kind>archive</kind>
         <file>rtsv7M4_T_le_v4SPD16_eabi.lib</file>
         <name>s_frexp.c.obj</name>
      </input_file>
      <input_file id="fl-f1">
         <path>/Applications/ti/ccs1240/ccs/tools/compiler/ti-cgt-arm_20.2.7.LTS/lib/</path>
         <kind>archive</kind>
         <file>rtsv7M4_T_le_v4SPD16_eabi.lib</file>
         <name>s_scalbn.c.obj</name>
      </input_file>
      <input_file id="fl-f2">
         <path>/Applications/ti/ccs1240/ccs/tools/compiler/ti-cgt-arm_20.2.7.LTS/lib/</path>
         <kind>archive</kind>
         <file>rtsv7M4_T_le_v4SPD16_eabi.lib</file>
         <name>fclose.c.obj</name>
      </input_file>
      <input_file id="fl-f3">
         <path>/Applications/ti/ccs1240/ccs/tools/compiler/ti-cgt-arm_20.2.7.LTS/lib/</path>
         <kind>archive</kind>
         <file>rtsv7M4_T_le_v4SPD16_eabi.lib</file>
         <name>fflush.c.obj</name>
      </input_file>
      <input_file id="fl-f4">
         <path>/Applications/ti/ccs1240/ccs/tools/compiler/ti-cgt-arm_20.2.7.LTS/lib/</path>
         <kind>archive</kind>
         <file>rtsv7M4_T_le_v4SPD16_eabi.lib</file>
         <name>fseek.c.obj</name>
      </input_file>
      <input_file id="fl-f5">
         <path>/Applications/ti/ccs1240/ccs/tools/compiler/ti-cgt-arm_20.2.7.LTS/lib/</path>
         <kind>archive</kind>
         <file>rtsv7M4_T_le_v4SPD16_eabi.lib</file>
         <name>getdevice.c.obj</name>
      </input_file>
      <input_file id="fl-f6">
         <path>/Applications/ti/ccs1240/ccs/tools/compiler/ti-cgt-arm_20.2.7.LTS/lib/</path>
         <kind>archive</kind>
         <file>rtsv7M4_T_le_v4SPD16_eabi.lib</file>
         <name>div0.asm.obj</name>
      </input_file>
      <input_file id="fl-f7">
         <path>/Applications/ti/ccs1240/ccs/tools/compiler/ti-cgt-arm_20.2.7.LTS/lib/</path>
         <kind>archive</kind>
         <file>rtsv7M4_T_le_v4SPD16_eabi.lib</file>
         <name>autoinit.c.obj</name>
      </input_file>
      <input_file id="fl-f8">
         <path>/Applications/ti/ccs1240/ccs/tools/compiler/ti-cgt-arm_20.2.7.LTS/lib/</path>
         <kind>archive</kind>
         <file>rtsv7M4_T_le_v4SPD16_eabi.lib</file>
         <name>pre_init.c.obj</name>
      </input_file>
      <input_file id="fl-f9">
         <path>/Applications/ti/ccs1240/ccs/tools/compiler/ti-cgt-arm_20.2.7.LTS/lib/</path>
         <kind>archive</kind>
         <file>rtsv7M4_T_le_v4SPD16_eabi.lib</file>
         <name>cpy_tbl.c.obj</name>
      </input_file>
      <input_file id="fl-fa">
         <path>/Applications/ti/ccs1240/ccs/tools/compiler/ti-cgt-arm_20.2.7.LTS/lib/</path>
         <kind>archive</kind>
         <file>rtsv7M4_T_le_v4SPD16_eabi.lib</file>
         <name>args_main.c.obj</name>
      </input_file>
      <input_file id="fl-fb">
         <path>/Applications/ti/ccs1240/ccs/tools/compiler/ti-cgt-arm_20.2.7.LTS/lib/</path>
         <kind>archive</kind>
         <file>rtsv7M4_T_le_v4SPD16_eabi.lib</file>
         <name>strcmp.c.obj</name>
      </input_file>
      <input_file id="fl-fc">
         <path>/Applications/ti/ccs1240/ccs/tools/compiler/ti-cgt-arm_20.2.7.LTS/lib/</path>
         <kind>archive</kind>
         <file>rtsv7M4_T_le_v4SPD16_eabi.lib</file>
         <name>strncpy.c.obj</name>
      </input_file>
      <input_file id="fl-fd">
         <path>/Applications/ti/ccs1240/ccs/tools/compiler/ti-cgt-arm_20.2.7.LTS/lib/</path>
         <kind>archive</kind>
         <file>rtsv7M4_T_le_v4SPD16_eabi.lib</file>
         <name>hostclose.c.obj</name>
      </input_file>
      <input_file id="fl-fe">
         <path>/Applications/ti/ccs1240/ccs/tools/compiler/ti-cgt-arm_20.2.7.LTS/lib/</path>
         <kind>archive</kind>
         <file>rtsv7M4_T_le_v4SPD16_eabi.lib</file>
         <name>hostlseek.c.obj</name>
      </input_file>
      <input_file id="fl-ff">
         <path>/Applications/ti/ccs1240/ccs/tools/compiler/ti-cgt-arm_20.2.7.LTS/lib/</path>
         <kind>archive</kind>
         <file>rtsv7M4_T_le_v4SPD16_eabi.lib</file>
         <name>hostopen.c.obj</name>
      </input_file>
      <input_file id="fl-100">
         <path>/Applications/ti/ccs1240/ccs/tools/compiler/ti-cgt-arm_20.2.7.LTS/lib/</path>
         <kind>archive</kind>
         <file>rtsv7M4_T_le_v4SPD16_eabi.lib</file>
         <name>hostread.c.obj</name>
      </input_file>
      <input_file id="fl-101">
         <path>/Applications/ti/ccs1240/ccs/tools/compiler/ti-cgt-arm_20.2.7.LTS/lib/</path>
         <kind>archive</kind>
         <file>rtsv7M4_T_le_v4SPD16_eabi.lib</file>
         <name>hostrename.c.obj</name>
      </input_file>
      <input_file id="fl-102">
         <path>/Applications/ti/ccs1240/ccs/tools/compiler/ti-cgt-arm_20.2.7.LTS/lib/</path>
         <kind>archive</kind>
         <file>rtsv7M4_T_le_v4SPD16_eabi.lib</file>
         <name>hostunlink.c.obj</name>
      </input_file>
      <input_file id="fl-103">
         <path>/Applications/ti/ccs1240/ccs/tools/compiler/ti-cgt-arm_20.2.7.LTS/lib/</path>
         <kind>archive</kind>
         <file>rtsv7M4_T_le_v4SPD16_eabi.lib</file>
         <name>hostwrite.c.obj</name>
      </input_file>
      <input_file id="fl-104">
         <path>/Applications/ti/ccs1240/ccs/tools/compiler/ti-cgt-arm_20.2.7.LTS/lib/</path>
         <kind>archive</kind>
         <file>rtsv7M4_T_le_v4SPD16_eabi.lib</file>
         <name>trgmsg.c.obj</name>
      </input_file>
      <input_file id="fl-105">
         <path>/Applications/ti/ccs1240/ccs/tools/compiler/ti-cgt-arm_20.2.7.LTS/lib/</path>
         <kind>archive</kind>
         <file>rtsv7M4_T_le_v4SPD16_eabi.lib</file>
         <name>remove.c.obj</name>
      </input_file>
      <input_file id="fl-106">
         <path>/Applications/ti/ccs1240/ccs/tools/compiler/ti-cgt-arm_20.2.7.LTS/lib/</path>
         <kind>archive</kind>
         <file>rtsv7M4_T_le_v4SPD16_eabi.lib</file>
         <name>lseek.c.obj</name>
      </input_file>
      <input_file id="fl-107">
         <path>/Applications/ti/ccs1240/ccs/tools/compiler/ti-cgt-arm_20.2.7.LTS/lib/</path>
         <kind>archive</kind>
         <file>rtsv7M4_T_le_v4SPD16_eabi.lib</file>
         <name>close.c.obj</name>
      </input_file>
      <input_file id="fl-108">
         <path>/Applications/ti/ccs1240/ccs/tools/compiler/ti-cgt-arm_20.2.7.LTS/lib/</path>
         <kind>archive</kind>
         <file>rtsv7M4_T_le_v4SPD16_eabi.lib</file>
         <name>s_copysign.c.obj</name>
      </input_file>
      <input_file id="fl-109">
         <path>/Applications/ti/ccs1240/ccs/tools/compiler/ti-cgt-arm_20.2.7.LTS/lib/</path>
         <kind>archive</kind>
         <file>rtsv7M4_T_le_v4SPD16_eabi.lib</file>
         <name>strcpy.c.obj</name>
      </input_file>
      <input_file id="fl-10a">
         <path>/Applications/ti/ccs1240/ccs/tools/compiler/ti-cgt-arm_20.2.7.LTS/lib/</path>
         <kind>archive</kind>
         <file>rtsv7M4_T_le_v4SPD16_eabi.lib</file>
         <name>unlink.c.obj</name>
      </input_file>
   </input_file_list>
   <object_component_list>
      <object_component id="oc-26">
         <name>.intvecs:retain</name>
         <load_address>0x0</load_address>
         <run_address>0x0</run_address>
         <size>0xe4</size>
         <input_file_ref idref="fl-3"/>
      </object_component>
      <object_component id="oc-203">
         <name>.text:__TI_printfi</name>
         <load_address>0xe4</load_address>
         <run_address>0xe4</run_address>
         <size>0xa4e</size>
         <input_file_ref idref="fl-cb"/>
      </object_component>
      <object_component id="oc-70">
         <name>.text:Default_Handler</name>
         <load_address>0xb32</load_address>
         <run_address>0xb32</run_address>
         <size>0x2</size>
         <input_file_ref idref="fl-3"/>
      </object_component>
      <object_component id="oc-a0">
         <name>.text:main</name>
         <load_address>0xb34</load_address>
         <run_address>0xb34</run_address>
         <size>0x38c</size>
         <input_file_ref idref="fl-1"/>
      </object_component>
      <object_component id="oc-361">
         <name>.text:_pconv_a</name>
         <load_address>0xec0</load_address>
         <run_address>0xec0</run_address>
         <size>0x270</size>
         <input_file_ref idref="fl-cb"/>
      </object_component>
      <object_component id="oc-34f">
         <name>.text:_pconv_g</name>
         <load_address>0x1130</load_address>
         <run_address>0x1130</run_address>
         <size>0x1d0</size>
         <input_file_ref idref="fl-cb"/>
      </object_component>
      <object_component id="oc-485">
         <name>.text</name>
         <load_address>0x1300</load_address>
         <run_address>0x1300</run_address>
         <size>0x1b6</size>
         <input_file_ref idref="fl-d1"/>
      </object_component>
      <object_component id="oc-385">
         <name>.text:_nop</name>
         <load_address>0x14b6</load_address>
         <run_address>0x14b6</run_address>
         <size>0x2</size>
         <input_file_ref idref="fl-df"/>
      </object_component>
      <object_component id="oc-ef">
         <name>.text:TimerInit</name>
         <load_address>0x14b8</load_address>
         <run_address>0x14b8</run_address>
         <size>0x1a0</size>
         <input_file_ref idref="fl-1"/>
      </object_component>
      <object_component id="oc-1d5">
         <name>.text:Encoder_ISR</name>
         <load_address>0x1658</load_address>
         <run_address>0x1658</run_address>
         <size>0x18c</size>
         <input_file_ref idref="fl-1"/>
      </object_component>
      <object_component id="oc-2aa">
         <name>.text:privateTimer_AProcessClockSourceDivider</name>
         <load_address>0x17e4</load_address>
         <run_address>0x17e4</run_address>
         <size>0x144</size>
         <input_file_ref idref="fl-12"/>
      </object_component>
      <object_component id="oc-35b">
         <name>.text:_pconv_e</name>
         <load_address>0x1928</load_address>
         <run_address>0x1928</run_address>
         <size>0x13c</size>
         <input_file_ref idref="fl-cb"/>
      </object_component>
      <object_component id="oc-10c">
         <name>.text</name>
         <load_address>0x1a64</load_address>
         <run_address>0x1a64</run_address>
         <size>0x136</size>
         <input_file_ref idref="fl-d3"/>
      </object_component>
      <object_component id="oc-58a">
         <name>.text</name>
         <load_address>0x1b9a</load_address>
         <run_address>0x1b9a</run_address>
         <size>0x2</size>
         <input_file_ref idref="fl-f6"/>
      </object_component>
      <object_component id="oc-497">
         <name>.text:fcvt</name>
         <load_address>0x1b9c</load_address>
         <run_address>0x1b9c</run_address>
         <size>0x124</size>
         <input_file_ref idref="fl-cb"/>
      </object_component>
      <object_component id="oc-404">
         <name>.text:UART_initModule</name>
         <load_address>0x1cc0</load_address>
         <run_address>0x1cc0</run_address>
         <size>0x11c</size>
         <input_file_ref idref="fl-13"/>
      </object_component>
      <object_component id="oc-393">
         <name>.text:fputs</name>
         <load_address>0x1ddc</load_address>
         <run_address>0x1ddc</run_address>
         <size>0x114</size>
         <input_file_ref idref="fl-ce"/>
      </object_component>
      <object_component id="oc-3d7">
         <name>.text:_openfile</name>
         <load_address>0x1ef0</load_address>
         <run_address>0x1ef0</run_address>
         <size>0x110</size>
         <input_file_ref idref="fl-cc"/>
      </object_component>
      <object_component id="oc-4ab">
         <name>.text:scalbn</name>
         <load_address>0x2000</load_address>
         <run_address>0x2000</run_address>
         <size>0x110</size>
         <input_file_ref idref="fl-f1"/>
      </object_component>
      <object_component id="oc-567">
         <name>.text:aligned_alloc</name>
         <load_address>0x2110</load_address>
         <run_address>0x2110</run_address>
         <size>0x100</size>
         <input_file_ref idref="fl-e6"/>
      </object_component>
      <object_component id="oc-111">
         <name>.text</name>
         <load_address>0x2210</load_address>
         <run_address>0x2210</run_address>
         <size>0xfc</size>
         <input_file_ref idref="fl-d4"/>
      </object_component>
      <object_component id="oc-3df">
         <name>.text:free</name>
         <load_address>0x230c</load_address>
         <run_address>0x230c</run_address>
         <size>0xe4</size>
         <input_file_ref idref="fl-e6"/>
      </object_component>
      <object_component id="oc-26e">
         <name>.text:setvbuf</name>
         <load_address>0x23f0</load_address>
         <run_address>0x23f0</run_address>
         <size>0xdc</size>
         <input_file_ref idref="fl-d0"/>
      </object_component>
      <object_component id="oc-1c3">
         <name>.text:Timer_A_registerInterrupt</name>
         <load_address>0x24cc</load_address>
         <run_address>0x24cc</run_address>
         <size>0xd2</size>
         <input_file_ref idref="fl-12"/>
      </object_component>
      <object_component id="oc-551">
         <name>.text:open</name>
         <load_address>0x25a0</load_address>
         <run_address>0x25a0</run_address>
         <size>0xbc</size>
         <input_file_ref idref="fl-ec"/>
      </object_component>
      <object_component id="oc-262">
         <name>.text:add_device</name>
         <load_address>0x265c</load_address>
         <run_address>0x265c</run_address>
         <size>0xb8</size>
         <input_file_ref idref="fl-ed"/>
      </object_component>
      <object_component id="oc-1f1">
         <name>.text:I2C_readData</name>
         <load_address>0x2714</load_address>
         <run_address>0x2714</run_address>
         <size>0xb6</size>
         <input_file_ref idref="fl-1"/>
      </object_component>
      <object_component id="oc-344">
         <name>.text:_ltostr</name>
         <load_address>0x27cc</load_address>
         <run_address>0x27cc</run_address>
         <size>0xb1</size>
         <input_file_ref idref="fl-cb"/>
      </object_component>
      <object_component id="oc-17d">
         <name>.text:init_std_uart</name>
         <load_address>0x2880</load_address>
         <run_address>0x2880</run_address>
         <size>0x9c</size>
         <input_file_ref idref="fl-2"/>
      </object_component>
      <object_component id="oc-3a">
         <name>.text</name>
         <load_address>0x291c</load_address>
         <run_address>0x291c</run_address>
         <size>0x9c</size>
         <input_file_ref idref="fl-d7"/>
      </object_component>
      <object_component id="oc-b2">
         <name>.text:SystemInit</name>
         <load_address>0x29b8</load_address>
         <run_address>0x29b8</run_address>
         <size>0x98</size>
         <input_file_ref idref="fl-4"/>
      </object_component>
      <object_component id="oc-478">
         <name>.text</name>
         <load_address>0x2a50</load_address>
         <run_address>0x2a50</run_address>
         <size>0x96</size>
         <input_file_ref idref="fl-da"/>
      </object_component>
      <object_component id="oc-39a">
         <name>.text:fputc</name>
         <load_address>0x2ae8</load_address>
         <run_address>0x2ae8</run_address>
         <size>0x8c</size>
         <input_file_ref idref="fl-cd"/>
      </object_component>
      <object_component id="oc-190">
         <name>.text:GPIO_setAsPeripheralModuleFunctionInputPin</name>
         <load_address>0x2b74</load_address>
         <run_address>0x2b74</run_address>
         <size>0x88</size>
         <input_file_ref idref="fl-f"/>
      </object_component>
      <object_component id="oc-18a">
         <name>.text:GPIO_setAsPeripheralModuleFunctionOutputPin</name>
         <load_address>0x2bfc</load_address>
         <run_address>0x2bfc</run_address>
         <size>0x88</size>
         <input_file_ref idref="fl-f"/>
      </object_component>
      <object_component id="oc-34a">
         <name>.text:__aeabi_cdcmple</name>
         <load_address>0x2c84</load_address>
         <run_address>0x2c84</run_address>
         <size>0x86</size>
         <input_file_ref idref="fl-d2"/>
      </object_component>
      <object_component id="oc-2cf">
         <name>.text:__aeabi_cdrcmple</name>
         <load_address>0x2d0a</load_address>
         <run_address>0x2d0a</run_address>
         <size>0x86</size>
         <input_file_ref idref="fl-d2"/>
      </object_component>
      <object_component id="oc-2bb">
         <name>.text:Interrupt_enableInterrupt</name>
         <load_address>0x2d90</load_address>
         <run_address>0x2d90</run_address>
         <size>0x80</size>
         <input_file_ref idref="fl-11"/>
      </object_component>
      <object_component id="oc-295">
         <name>.text:dopen</name>
         <load_address>0x2e10</load_address>
         <run_address>0x2e10</run_address>
         <size>0x80</size>
         <input_file_ref idref="fl-2"/>
      </object_component>
      <object_component id="oc-94">
         <name>.text</name>
         <load_address>0x2e90</load_address>
         <run_address>0x2e90</run_address>
         <size>0x7a</size>
         <input_file_ref idref="fl-d9"/>
      </object_component>
      <object_component id="oc-3d1">
         <name>.text:__TI_closefile</name>
         <load_address>0x2f0c</load_address>
         <run_address>0x2f0c</run_address>
         <size>0x74</size>
         <input_file_ref idref="fl-f2"/>
      </object_component>
      <object_component id="oc-611">
         <name>.text:split</name>
         <load_address>0x2f80</load_address>
         <run_address>0x2f80</run_address>
         <size>0x70</size>
         <input_file_ref idref="fl-e6"/>
      </object_component>
      <object_component id="oc-490">
         <name>.text:_mcpy</name>
         <load_address>0x2ff0</load_address>
         <run_address>0x2ff0</run_address>
         <size>0x6e</size>
         <input_file_ref idref="fl-cb"/>
      </object_component>
      <object_component id="oc-532">
         <name>.text:HOSTrename</name>
         <load_address>0x3060</load_address>
         <run_address>0x3060</run_address>
         <size>0x6c</size>
         <input_file_ref idref="fl-101"/>
      </object_component>
      <object_component id="oc-1f7">
         <name>.text:I2C_writeData</name>
         <load_address>0x30cc</load_address>
         <run_address>0x30cc</run_address>
         <size>0x6a</size>
         <input_file_ref idref="fl-1"/>
      </object_component>
      <object_component id="oc-526">
         <name>.text:HOSTlseek</name>
         <load_address>0x3138</load_address>
         <run_address>0x3138</run_address>
         <size>0x68</size>
         <input_file_ref idref="fl-fe"/>
      </object_component>
      <object_component id="oc-325">
         <name>.text:I2C_masterSendMultiByteStart</name>
         <load_address>0x31a0</load_address>
         <run_address>0x31a0</run_address>
         <size>0x68</size>
         <input_file_ref idref="fl-10"/>
      </object_component>
      <object_component id="oc-1ab">
         <name>.text:Timer_A_configureUpMode</name>
         <load_address>0x3208</load_address>
         <run_address>0x3208</run_address>
         <size>0x68</size>
         <input_file_ref idref="fl-12"/>
      </object_component>
      <object_component id="oc-17">
         <name>.text:decompress:lzss:__TI_decompress_lzss</name>
         <load_address>0x3270</load_address>
         <run_address>0x3270</run_address>
         <size>0x68</size>
         <input_file_ref idref="fl-dd"/>
      </object_component>
      <object_component id="oc-101">
         <name>.text:printf</name>
         <load_address>0x32d8</load_address>
         <run_address>0x32d8</run_address>
         <size>0x68</size>
         <input_file_ref idref="fl-ca"/>
      </object_component>
      <object_component id="oc-4a5">
         <name>.text:frexp</name>
         <load_address>0x3340</load_address>
         <run_address>0x3340</run_address>
         <size>0x64</size>
         <input_file_ref idref="fl-f0"/>
      </object_component>
      <object_component id="oc-5ba">
         <name>.text:fseek</name>
         <load_address>0x33a4</load_address>
         <run_address>0x33a4</run_address>
         <size>0x64</size>
         <input_file_ref idref="fl-f4"/>
      </object_component>
      <object_component id="oc-19d">
         <name>.text:I2C_initMaster</name>
         <load_address>0x3408</load_address>
         <run_address>0x3408</run_address>
         <size>0x62</size>
         <input_file_ref idref="fl-10"/>
      </object_component>
      <object_component id="oc-4dc">
         <name>.text:__TI_wrt_ok</name>
         <load_address>0x346a</load_address>
         <run_address>0x346a</run_address>
         <size>0x62</size>
         <input_file_ref idref="fl-cf"/>
      </object_component>
      <object_component id="oc-50e">
         <name>.text:HOSTopen</name>
         <load_address>0x34cc</load_address>
         <run_address>0x34cc</run_address>
         <size>0x60</size>
         <input_file_ref idref="fl-ff"/>
      </object_component>
      <object_component id="oc-2b5">
         <name>.text:Interrupt_registerInterrupt</name>
         <load_address>0x352c</load_address>
         <run_address>0x352c</run_address>
         <size>0x5c</size>
         <input_file_ref idref="fl-11"/>
      </object_component>
      <object_component id="oc-542">
         <name>.text:close</name>
         <load_address>0x3588</load_address>
         <run_address>0x3588</run_address>
         <size>0x5c</size>
         <input_file_ref idref="fl-107"/>
      </object_component>
      <object_component id="oc-51a">
         <name>.text:HOSTread</name>
         <load_address>0x35e4</load_address>
         <run_address>0x35e4</run_address>
         <size>0x58</size>
         <input_file_ref idref="fl-100"/>
      </object_component>
      <object_component id="oc-520">
         <name>.text:HOSTwrite</name>
         <load_address>0x363c</load_address>
         <run_address>0x363c</run_address>
         <size>0x58</size>
         <input_file_ref idref="fl-103"/>
      </object_component>
      <object_component id="oc-1bd">
         <name>.text:Timer_A_initCapture</name>
         <load_address>0x3694</load_address>
         <run_address>0x3694</run_address>
         <size>0x58</size>
         <input_file_ref idref="fl-12"/>
      </object_component>
      <object_component id="oc-355">
         <name>.text:_pconv_f</name>
         <load_address>0x36ec</load_address>
         <run_address>0x36ec</run_address>
         <size>0x56</size>
         <input_file_ref idref="fl-cb"/>
      </object_component>
      <object_component id="oc-47f">
         <name>.text:__TI_ltoa</name>
         <load_address>0x3742</load_address>
         <run_address>0x3742</run_address>
         <size>0x54</size>
         <input_file_ref idref="fl-e0"/>
      </object_component>
      <object_component id="oc-277">
         <name>.text:dread</name>
         <load_address>0x3798</load_address>
         <run_address>0x3798</run_address>
         <size>0x54</size>
         <input_file_ref idref="fl-2"/>
      </object_component>
      <object_component id="oc-fb">
         <name>.text:readRanger</name>
         <load_address>0x37ec</load_address>
         <run_address>0x37ec</run_address>
         <size>0x54</size>
         <input_file_ref idref="fl-1"/>
      </object_component>
      <object_component id="oc-48a">
         <name>.text:_ecpy</name>
         <load_address>0x3840</load_address>
         <run_address>0x3840</run_address>
         <size>0x52</size>
         <input_file_ref idref="fl-cb"/>
      </object_component>
      <object_component id="oc-1b1">
         <name>.text:Timer_A_initCompare</name>
         <load_address>0x3892</load_address>
         <run_address>0x3892</run_address>
         <size>0x4e</size>
         <input_file_ref idref="fl-12"/>
      </object_component>
      <object_component id="oc-e3">
         <name>.text:GPIOInit</name>
         <load_address>0x38e0</load_address>
         <run_address>0x38e0</run_address>
         <size>0x4c</size>
         <input_file_ref idref="fl-1"/>
      </object_component>
      <object_component id="oc-4e8">
         <name>.text:__TI_doflush</name>
         <load_address>0x392c</load_address>
         <run_address>0x392c</run_address>
         <size>0x4c</size>
         <input_file_ref idref="fl-f3"/>
      </object_component>
      <object_component id="oc-33e">
         <name>.text:atoi</name>
         <load_address>0x3978</load_address>
         <run_address>0x3978</run_address>
         <size>0x4c</size>
         <input_file_ref idref="fl-e1"/>
      </object_component>
      <object_component id="oc-e9">
         <name>.text:I2CInit</name>
         <load_address>0x39c4</load_address>
         <run_address>0x39c4</run_address>
         <size>0x48</size>
         <input_file_ref idref="fl-1"/>
      </object_component>
      <object_component id="oc-27d">
         <name>.text:dwrite</name>
         <load_address>0x3a0c</load_address>
         <run_address>0x3a0c</run_address>
         <size>0x48</size>
         <input_file_ref idref="fl-2"/>
      </object_component>
      <object_component id="oc-13f">
         <name>.text:exit</name>
         <load_address>0x3a54</load_address>
         <run_address>0x3a54</run_address>
         <size>0x48</size>
         <input_file_ref idref="fl-de"/>
      </object_component>
      <object_component id="oc-116">
         <name>.text</name>
         <load_address>0x3a9c</load_address>
         <run_address>0x3a9c</run_address>
         <size>0x48</size>
         <input_file_ref idref="fl-d5"/>
      </object_component>
      <object_component id="oc-514">
         <name>.text:HOSTclose</name>
         <load_address>0x3ae4</load_address>
         <run_address>0x3ae4</run_address>
         <size>0x44</size>
         <input_file_ref idref="fl-fd"/>
      </object_component>
      <object_component id="oc-52c">
         <name>.text:HOSTunlink</name>
         <load_address>0x3b28</load_address>
         <run_address>0x3b28</run_address>
         <size>0x44</size>
         <input_file_ref idref="fl-102"/>
      </object_component>
      <object_component id="oc-145">
         <name>.text:__TI_auto_init_nobinit_nopinit:__TI_auto_init_nobinit_nopinit</name>
         <load_address>0x3b6c</load_address>
         <run_address>0x3b6c</run_address>
         <size>0x44</size>
         <input_file_ref idref="fl-f7"/>
      </object_component>
      <object_component id="oc-5ff">
         <name>.text:getdevice</name>
         <load_address>0x3bb0</load_address>
         <run_address>0x3bb0</run_address>
         <size>0x44</size>
         <input_file_ref idref="fl-f5"/>
      </object_component>
      <object_component id="oc-184">
         <name>.text:GPIO_setAsOutputPin</name>
         <load_address>0x3bf4</load_address>
         <run_address>0x3bf4</run_address>
         <size>0x40</size>
         <input_file_ref idref="fl-f"/>
      </object_component>
      <object_component id="oc-318">
         <name>.text:I2C_masterReceiveMultiByteFinish</name>
         <load_address>0x3c34</load_address>
         <run_address>0x3c34</run_address>
         <size>0x40</size>
         <input_file_ref idref="fl-10"/>
      </object_component>
      <object_component id="oc-49d">
         <name>.text:_fcpy</name>
         <load_address>0x3c74</load_address>
         <run_address>0x3c74</run_address>
         <size>0x3e</size>
         <input_file_ref idref="fl-cb"/>
      </object_component>
      <object_component id="oc-331">
         <name>.text:I2C_masterSendMultiByteStop</name>
         <load_address>0x3cb4</load_address>
         <run_address>0x3cb4</run_address>
         <size>0x38</size>
         <input_file_ref idref="fl-10"/>
      </object_component>
      <object_component id="oc-2d4">
         <name>.text:Timer_A_getCaptureCompareEnabledInterruptStatus</name>
         <load_address>0x3cec</load_address>
         <run_address>0x3cec</run_address>
         <size>0x38</size>
         <input_file_ref idref="fl-12"/>
      </object_component>
      <object_component id="oc-5d4">
         <name>.text:__TI_writemsg</name>
         <load_address>0x3d24</load_address>
         <run_address>0x3d24</run_address>
         <size>0x38</size>
         <input_file_ref idref="fl-104"/>
      </object_component>
      <object_component id="oc-3c5">
         <name>.text:strncpy</name>
         <load_address>0x3d5c</load_address>
         <run_address>0x3d5c</run_address>
         <size>0x36</size>
         <input_file_ref idref="fl-fc"/>
      </object_component>
      <object_component id="oc-32b">
         <name>.text:I2C_masterSendMultiByteNext</name>
         <load_address>0x3d94</load_address>
         <run_address>0x3d94</run_address>
         <size>0x34</size>
         <input_file_ref idref="fl-10"/>
      </object_component>
      <object_component id="oc-1b7">
         <name>.text:Timer_A_configureContinuousMode</name>
         <load_address>0x3dc8</load_address>
         <run_address>0x3dc8</run_address>
         <size>0x34</size>
         <input_file_ref idref="fl-12"/>
      </object_component>
      <object_component id="oc-3eb">
         <name>.text:__TI_cleanup</name>
         <load_address>0x3dfc</load_address>
         <run_address>0x3dfc</run_address>
         <size>0x34</size>
         <input_file_ref idref="fl-cc"/>
      </object_component>
      <object_component id="oc-5da">
         <name>.text:__TI_readmsg</name>
         <load_address>0x3e30</load_address>
         <run_address>0x3e30</run_address>
         <size>0x34</size>
         <input_file_ref idref="fl-104"/>
      </object_component>
      <object_component id="oc-58">
         <name>.text:_c_int00_noargs:_c_int00_noargs</name>
         <load_address>0x3e64</load_address>
         <run_address>0x3e64</run_address>
         <size>0x34</size>
         <input_file_ref idref="fl-e9"/>
      </object_component>
      <object_component id="oc-268">
         <name>.text:freopen</name>
         <load_address>0x3e98</load_address>
         <run_address>0x3e98</run_address>
         <size>0x34</size>
         <input_file_ref idref="fl-cc"/>
      </object_component>
      <object_component id="oc-3bf">
         <name>.text:finddevice</name>
         <load_address>0x3ecc</load_address>
         <run_address>0x3ecc</run_address>
         <size>0x30</size>
         <input_file_ref idref="fl-f5"/>
      </object_component>
      <object_component id="oc-11b">
         <name>.text</name>
         <load_address>0x3efc</load_address>
         <run_address>0x3efc</run_address>
         <size>0x2e</size>
         <input_file_ref idref="fl-d6"/>
      </object_component>
      <object_component id="oc-2da">
         <name>.text:Timer_A_clearCaptureCompareInterrupt</name>
         <load_address>0x3f2c</load_address>
         <run_address>0x3f2c</run_address>
         <size>0x2c</size>
         <input_file_ref idref="fl-12"/>
      </object_component>
      <object_component id="oc-548">
         <name>.text:unlink</name>
         <load_address>0x3f58</load_address>
         <run_address>0x3f58</run_address>
         <size>0x2c</size>
         <input_file_ref idref="fl-10a"/>
      </object_component>
      <object_component id="oc-f5">
         <name>.text:GPIO_setOutputHighOnPin</name>
         <load_address>0x3f84</load_address>
         <run_address>0x3f84</run_address>
         <size>0x28</size>
         <input_file_ref idref="fl-f"/>
      </object_component>
      <object_component id="oc-196">
         <name>.text:GPIO_setOutputLowOnPin</name>
         <load_address>0x3fac</load_address>
         <run_address>0x3fac</run_address>
         <size>0x28</size>
         <input_file_ref idref="fl-f"/>
      </object_component>
      <object_component id="oc-450">
         <name>.text:Timer_A_getCaptureCompareInterruptStatus</name>
         <load_address>0x3fd4</load_address>
         <run_address>0x3fd4</run_address>
         <size>0x28</size>
         <input_file_ref idref="fl-12"/>
      </object_component>
      <object_component id="oc-120">
         <name>.text:Timer_A_setCompareValue</name>
         <load_address>0x3ffc</load_address>
         <run_address>0x3ffc</run_address>
         <size>0x28</size>
         <input_file_ref idref="fl-12"/>
      </object_component>
      <object_component id="oc-560">
         <name>.text:free_list_insert</name>
         <load_address>0x4024</load_address>
         <run_address>0x4024</run_address>
         <size>0x28</size>
         <input_file_ref idref="fl-e6"/>
      </object_component>
      <object_component id="oc-634">
         <name>.text:lseek</name>
         <load_address>0x404c</load_address>
         <run_address>0x404c</run_address>
         <size>0x28</size>
         <input_file_ref idref="fl-106"/>
      </object_component>
      <object_component id="oc-4ee">
         <name>.text:write</name>
         <load_address>0x4074</load_address>
         <run_address>0x4074</run_address>
         <size>0x28</size>
         <input_file_ref idref="fl-ea"/>
      </object_component>
      <object_component id="oc-2e0">
         <name>.text:Timer_A_getCaptureCompareCount</name>
         <load_address>0x409c</load_address>
         <run_address>0x409c</run_address>
         <size>0x22</size>
         <input_file_ref idref="fl-12"/>
      </object_component>
      <object_component id="oc-4e2">
         <name>.text:memchr</name>
         <load_address>0x40be</load_address>
         <run_address>0x40be</run_address>
         <size>0x20</size>
         <input_file_ref idref="fl-e5"/>
      </object_component>
      <object_component id="oc-107">
         <name>.text</name>
         <load_address>0x40de</load_address>
         <run_address>0x40de</run_address>
         <size>0x20</size>
         <input_file_ref idref="fl-d8"/>
      </object_component>
      <object_component id="oc-306">
         <name>.text:I2C_setMode</name>
         <load_address>0x40fe</load_address>
         <run_address>0x40fe</run_address>
         <size>0x1c</size>
         <input_file_ref idref="fl-10"/>
      </object_component>
      <object_component id="oc-29b">
         <name>.text:dclose</name>
         <load_address>0x411c</load_address>
         <run_address>0x411c</run_address>
         <size>0x1c</size>
         <input_file_ref idref="fl-2"/>
      </object_component>
      <object_component id="oc-46">
         <name>.text:decompress:ZI:__TI_zero_init_nomemset:__TI_zero_init_nomemset</name>
         <load_address>0x4138</load_address>
         <run_address>0x4138</run_address>
         <size>0x1c</size>
         <input_file_ref idref="fl-db"/>
      </object_component>
      <object_component id="oc-55a">
         <name>.text:free_list_remove</name>
         <load_address>0x4154</load_address>
         <run_address>0x4154</run_address>
         <size>0x1c</size>
         <input_file_ref idref="fl-e6"/>
      </object_component>
      <object_component id="oc-367">
         <name>.text:memccpy</name>
         <load_address>0x4170</load_address>
         <run_address>0x4170</run_address>
         <size>0x1c</size>
         <input_file_ref idref="fl-e4"/>
      </object_component>
      <object_component id="oc-30c">
         <name>.text:I2C_masterReceiveStart</name>
         <load_address>0x418c</load_address>
         <run_address>0x418c</run_address>
         <size>0x1a</size>
         <input_file_ref idref="fl-10"/>
      </object_component>
      <object_component id="oc-59e">
         <name>.text:copysign</name>
         <load_address>0x41a6</load_address>
         <run_address>0x41a6</run_address>
         <size>0x1a</size>
         <input_file_ref idref="fl-108"/>
      </object_component>
      <object_component id="oc-1dc">
         <name>.text:T1_100ms_ISR</name>
         <load_address>0x41c0</load_address>
         <run_address>0x41c0</run_address>
         <size>0x18</size>
         <input_file_ref idref="fl-1"/>
      </object_component>
      <object_component id="oc-2c3">
         <name>.text:Timer_A_getEnabledInterruptStatus</name>
         <load_address>0x41d8</load_address>
         <run_address>0x41d8</run_address>
         <size>0x18</size>
         <input_file_ref idref="fl-12"/>
      </object_component>
      <object_component id="oc-504">
         <name>.text:strcmp</name>
         <load_address>0x41f0</load_address>
         <run_address>0x41f0</run_address>
         <size>0x18</size>
         <input_file_ref idref="fl-fb"/>
      </object_component>
      <object_component id="oc-1a3">
         <name>.text:I2C_enableModule</name>
         <load_address>0x4208</load_address>
         <run_address>0x4208</run_address>
         <size>0x16</size>
         <input_file_ref idref="fl-10"/>
      </object_component>
      <object_component id="oc-2c9">
         <name>.text:Timer_A_clearInterruptFlag</name>
         <load_address>0x421e</load_address>
         <run_address>0x421e</run_address>
         <size>0x16</size>
         <input_file_ref idref="fl-12"/>
      </object_component>
      <object_component id="oc-1c9">
         <name>.text:Timer_A_startCounter</name>
         <load_address>0x4234</load_address>
         <run_address>0x4234</run_address>
         <size>0x16</size>
         <input_file_ref idref="fl-12"/>
      </object_component>
      <object_component id="oc-4b1">
         <name>.text:strchr</name>
         <load_address>0x424a</load_address>
         <run_address>0x424a</run_address>
         <size>0x16</size>
         <input_file_ref idref="fl-e7"/>
      </object_component>
      <object_component id="oc-312">
         <name>.text:I2C_masterReceiveMultiByteNext</name>
         <load_address>0x4260</load_address>
         <run_address>0x4260</run_address>
         <size>0x14</size>
         <input_file_ref idref="fl-10"/>
      </object_component>
      <object_component id="oc-300">
         <name>.text:I2C_setSlaveAddress</name>
         <load_address>0x4274</load_address>
         <run_address>0x4274</run_address>
         <size>0x14</size>
         <input_file_ref idref="fl-10"/>
      </object_component>
      <object_component id="oc-5ee">
         <name>.text:strcpy</name>
         <load_address>0x4288</load_address>
         <run_address>0x4288</run_address>
         <size>0x14</size>
         <input_file_ref idref="fl-109"/>
      </object_component>
      <object_component id="oc-338">
         <name>.text:strlen</name>
         <load_address>0x429c</load_address>
         <run_address>0x429c</run_address>
         <size>0x14</size>
         <input_file_ref idref="fl-e8"/>
      </object_component>
      <object_component id="oc-447">
         <name>.text:Timer_A_getInterruptStatus</name>
         <load_address>0x42b0</load_address>
         <run_address>0x42b0</run_address>
         <size>0x12</size>
         <input_file_ref idref="fl-12"/>
      </object_component>
      <object_component id="oc-283">
         <name>.text:dlseek</name>
         <load_address>0x42c2</load_address>
         <run_address>0x42c2</run_address>
         <size>0x12</size>
         <input_file_ref idref="fl-2"/>
      </object_component>
      <object_component id="oc-36d">
         <name>.text:wcslen</name>
         <load_address>0x42d4</load_address>
         <run_address>0x42d4</run_address>
         <size>0x12</size>
         <input_file_ref idref="fl-ef"/>
      </object_component>
      <object_component id="oc-2fa">
         <name>.text:Interrupt_disableMaster</name>
         <load_address>0x42e6</load_address>
         <run_address>0x42e6</run_address>
         <size>0x10</size>
         <input_file_ref idref="fl-11"/>
      </object_component>
      <object_component id="oc-31e">
         <name>.text:Interrupt_enableMaster</name>
         <load_address>0x42f6</load_address>
         <run_address>0x42f6</run_address>
         <size>0x10</size>
         <input_file_ref idref="fl-11"/>
      </object_component>
      <object_component id="oc-28f">
         <name>.text:drename</name>
         <load_address>0x4306</load_address>
         <run_address>0x4306</run_address>
         <size>0x10</size>
         <input_file_ref idref="fl-2"/>
      </object_component>
      <object_component id="oc-1d">
         <name>.text:decompress:none:__TI_decompress_none</name>
         <load_address>0x4316</load_address>
         <run_address>0x4316</run_address>
         <size>0xe</size>
         <input_file_ref idref="fl-dc"/>
      </object_component>
      <object_component id="oc-289">
         <name>.text:dunlink</name>
         <load_address>0x4324</load_address>
         <run_address>0x4324</run_address>
         <size>0xe</size>
         <input_file_ref idref="fl-2"/>
      </object_component>
      <object_component id="oc-45b">
         <name>.text:CPU_cpsid</name>
         <load_address>0x4332</load_address>
         <run_address>0x4332</run_address>
         <size>0xc</size>
         <input_file_ref idref="fl-14"/>
      </object_component>
      <object_component id="oc-467">
         <name>.text:CPU_cpsie</name>
         <load_address>0x433e</load_address>
         <run_address>0x433e</run_address>
         <size>0xc</size>
         <input_file_ref idref="fl-14"/>
      </object_component>
      <object_component id="oc-6a">
         <name>.text:Reset_Handler</name>
         <load_address>0x434a</load_address>
         <run_address>0x434a</run_address>
         <size>0xc</size>
         <input_file_ref idref="fl-3"/>
      </object_component>
      <object_component id="oc-dd">
         <name>.text:SysInit</name>
         <load_address>0x4356</load_address>
         <run_address>0x4356</run_address>
         <size>0x8</size>
         <input_file_ref idref="fl-2"/>
      </object_component>
      <object_component id="oc-373">
         <name>.text:__aeabi_errno_addr</name>
         <load_address>0x4360</load_address>
         <run_address>0x4360</run_address>
         <size>0x8</size>
         <input_file_ref idref="fl-ee"/>
      </object_component>
      <object_component id="oc-3e5">
         <name>.text:malloc</name>
         <load_address>0x4368</load_address>
         <run_address>0x4368</run_address>
         <size>0x8</size>
         <input_file_ref idref="fl-e6"/>
      </object_component>
      <object_component id="oc-215">
         <name>.text:_outc</name>
         <load_address>0x4370</load_address>
         <run_address>0x4370</run_address>
         <size>0x4</size>
         <input_file_ref idref="fl-ca"/>
      </object_component>
      <object_component id="oc-20f">
         <name>.text:_outs</name>
         <load_address>0x4374</load_address>
         <run_address>0x4374</run_address>
         <size>0x4</size>
         <input_file_ref idref="fl-ca"/>
      </object_component>
      <object_component id="oc-9a">
         <name>.text:_system_pre_init</name>
         <load_address>0x4378</load_address>
         <run_address>0x4378</run_address>
         <size>0x4</size>
         <input_file_ref idref="fl-f8"/>
      </object_component>
      <object_component id="oc-139">
         <name>.text:abort:abort</name>
         <load_address>0x437c</load_address>
         <run_address>0x437c</run_address>
         <size>0x4</size>
         <input_file_ref idref="fl-de"/>
      </object_component>
      <object_component id="oc-473">
         <name>.const:.string:_ctypes_</name>
         <load_address>0x4380</load_address>
         <run_address>0x4380</run_address>
         <size>0x101</size>
         <input_file_ref idref="fl-e2"/>
      </object_component>
      <object_component id="oc-1e3">
         <name>.const:GPIO_PORT_TO_BASE</name>
         <load_address>0x4484</load_address>
         <run_address>0x4484</run_address>
         <size>0x30</size>
         <input_file_ref idref="fl-f"/>
      </object_component>
      <object_component id="oc-40a">
         <name>.const:$P$T1$2</name>
         <load_address>0x44b4</load_address>
         <run_address>0x44b4</run_address>
         <size>0x28</size>
         <input_file_ref idref="fl-2"/>
      </object_component>
      <object_component id="oc-443">
         <name>.const:g_pulEnRegs</name>
         <load_address>0x44dc</load_address>
         <run_address>0x44dc</run_address>
         <size>0x8</size>
         <input_file_ref idref="fl-11"/>
      </object_component>
      <object_component id="oc-274">
         <name>.const:.string:$P$T0$1</name>
         <load_address>0x44e4</load_address>
         <run_address>0x44e4</run_address>
         <size>0x5</size>
         <input_file_ref idref="fl-2"/>
      </object_component>
      <object_component id="oc-6a4">
         <name>.cinit..data.load</name>
         <load_address>0x44f0</load_address>
         <run_address>0x44f0</run_address>
         <size>0x80</size>
      </object_component>
      <object_component id="oc-6a1">
         <name>__TI_handler_table</name>
         <load_address>0x4570</load_address>
         <run_address>0x4570</run_address>
         <size>0xc</size>
      </object_component>
      <object_component id="oc-6a5">
         <name>.cinit..bss.load</name>
         <load_address>0x4580</load_address>
         <run_address>0x4580</run_address>
         <size>0x8</size>
      </object_component>
      <object_component id="oc-6a3">
         <name>.cinit..vtable.load</name>
         <load_address>0x4588</load_address>
         <run_address>0x4588</run_address>
         <size>0x8</size>
      </object_component>
      <object_component id="oc-6a2">
         <name>__TI_cinit_table</name>
         <load_address>0x4590</load_address>
         <run_address>0x4590</run_address>
         <size>0x18</size>
      </object_component>
      <object_component id="oc-675">
         <name>.binit</name>
         <load_address>0x0</load_address>
         <run_address>0x0</run_address>
         <size>0x0</size>
      </object_component>
      <object_component id="oc-43e">
         <name>.vtable</name>
         <uninitialized>true</uninitialized>
         <run_address>0x20000000</run_address>
         <size>0xe8</size>
         <input_file_ref idref="fl-11"/>
      </object_component>
      <object_component id="oc-126">
         <name>.data</name>
         <load_address>0x20000948</load_address>
         <run_address>0x20000948</run_address>
         <size>0x1c</size>
         <input_file_ref idref="fl-1"/>
      </object_component>
      <object_component id="oc-246">
         <name>.data:$O1$$</name>
         <load_address>0x20000974</load_address>
         <run_address>0x20000974</run_address>
         <size>0xc</size>
         <input_file_ref idref="fl-de"/>
      </object_component>
      <object_component id="oc-209">
         <name>.data:$O1$$</name>
         <load_address>0x20000980</load_address>
         <run_address>0x20000980</run_address>
         <size>0x8</size>
         <input_file_ref idref="fl-df"/>
      </object_component>
      <object_component id="oc-20c">
         <name>.data:_ftable</name>
         <load_address>0x20000790</load_address>
         <run_address>0x20000790</run_address>
         <size>0xf0</size>
         <input_file_ref idref="fl-e3"/>
      </object_component>
      <object_component id="oc-56e">
         <name>.data</name>
         <load_address>0x20000964</load_address>
         <run_address>0x20000964</run_address>
         <size>0x10</size>
         <input_file_ref idref="fl-e3"/>
      </object_component>
      <object_component id="oc-60c">
         <name>.data:$O1$$</name>
         <load_address>0x20000988</load_address>
         <run_address>0x20000988</run_address>
         <size>0x8</size>
         <input_file_ref idref="fl-e6"/>
      </object_component>
      <object_component id="oc-3cc">
         <name>.data:_device</name>
         <load_address>0x20000880</load_address>
         <run_address>0x20000880</run_address>
         <size>0x78</size>
         <input_file_ref idref="fl-eb"/>
      </object_component>
      <object_component id="oc-5c5">
         <name>.data:_stream</name>
         <load_address>0x200008f8</load_address>
         <run_address>0x200008f8</run_address>
         <size>0x50</size>
         <input_file_ref idref="fl-eb"/>
      </object_component>
      <object_component id="oc-609">
         <name>.data</name>
         <load_address>0x20000998</load_address>
         <run_address>0x20000998</run_address>
         <size>0x4</size>
         <input_file_ref idref="fl-ec"/>
      </object_component>
      <object_component id="oc-3cb">
         <name>.data</name>
         <load_address>0x20000990</load_address>
         <run_address>0x20000990</run_address>
         <size>0x4</size>
         <input_file_ref idref="fl-ed"/>
      </object_component>
      <object_component id="oc-4c1">
         <name>.data</name>
         <load_address>0x20000994</load_address>
         <run_address>0x20000994</run_address>
         <size>0x4</size>
         <input_file_ref idref="fl-ee"/>
      </object_component>
      <object_component id="oc-646">
         <name>.bss:_CIOBUF_</name>
         <uninitialized>true</uninitialized>
         <run_address>0x200004e8</run_address>
         <size>0x120</size>
         <input_file_ref idref="fl-104"/>
      </object_component>
      <object_component id="oc-1a9">
         <name>.common:eUSCI_config</name>
         <uninitialized>true</uninitialized>
         <run_address>0x20000708</run_address>
         <size>0x14</size>
      </object_component>
      <object_component id="oc-129">
         <name>.common:range</name>
         <uninitialized>true</uninitialized>
         <run_address>0x2000078e</run_address>
         <size>0x2</size>
      </object_component>
      <object_component id="oc-1cf">
         <name>.common:TA0cfg</name>
         <uninitialized>true</uninitialized>
         <run_address>0x200006a8</run_address>
         <size>0x18</size>
      </object_component>
      <object_component id="oc-1db">
         <name>.common:TA1cfg</name>
         <uninitialized>true</uninitialized>
         <run_address>0x200006c0</run_address>
         <size>0x18</size>
      </object_component>
      <object_component id="oc-1d2">
         <name>.common:TA3cfg</name>
         <uninitialized>true</uninitialized>
         <run_address>0x2000073c</run_address>
         <size>0x10</size>
      </object_component>
      <object_component id="oc-1d0">
         <name>.common:TA0_ccr3</name>
         <uninitialized>true</uninitialized>
         <run_address>0x2000071c</run_address>
         <size>0x10</size>
      </object_component>
      <object_component id="oc-1d1">
         <name>.common:TA0_ccr4</name>
         <uninitialized>true</uninitialized>
         <run_address>0x2000072c</run_address>
         <size>0x10</size>
      </object_component>
      <object_component id="oc-1d3">
         <name>.common:TA3_ccr0</name>
         <uninitialized>true</uninitialized>
         <run_address>0x200006d8</run_address>
         <size>0x18</size>
      </object_component>
      <object_component id="oc-1d4">
         <name>.common:TA3_ccr1</name>
         <uninitialized>true</uninitialized>
         <run_address>0x200006f0</run_address>
         <size>0x18</size>
      </object_component>
      <object_component id="oc-2ed">
         <name>.common:enc_total_L</name>
         <uninitialized>true</uninitialized>
         <run_address>0x2000077c</run_address>
         <size>0x4</size>
      </object_component>
      <object_component id="oc-2ea">
         <name>.common:enc_total_R</name>
         <uninitialized>true</uninitialized>
         <run_address>0x20000780</run_address>
         <size>0x4</size>
      </object_component>
      <object_component id="oc-2e8">
         <name>.common:Tach_L_count</name>
         <uninitialized>true</uninitialized>
         <run_address>0x2000075c</run_address>
         <size>0x4</size>
      </object_component>
      <object_component id="oc-2e9">
         <name>.common:Tach_L</name>
         <uninitialized>true</uninitialized>
         <run_address>0x20000754</run_address>
         <size>0x4</size>
      </object_component>
      <object_component id="oc-2ef">
         <name>.common:Tach_L_sum</name>
         <uninitialized>true</uninitialized>
         <run_address>0x20000760</run_address>
         <size>0x4</size>
      </object_component>
      <object_component id="oc-2ee">
         <name>.common:Tach_L_sum_count</name>
         <uninitialized>true</uninitialized>
         <run_address>0x20000764</run_address>
         <size>0x4</size>
      </object_component>
      <object_component id="oc-130">
         <name>.common:Tach_L_avg</name>
         <uninitialized>true</uninitialized>
         <run_address>0x20000758</run_address>
         <size>0x4</size>
      </object_component>
      <object_component id="oc-2e6">
         <name>.common:Tach_R_count</name>
         <uninitialized>true</uninitialized>
         <run_address>0x20000770</run_address>
         <size>0x4</size>
      </object_component>
      <object_component id="oc-2e7">
         <name>.common:Tach_R</name>
         <uninitialized>true</uninitialized>
         <run_address>0x20000768</run_address>
         <size>0x4</size>
      </object_component>
      <object_component id="oc-2ec">
         <name>.common:Tach_R_sum</name>
         <uninitialized>true</uninitialized>
         <run_address>0x20000774</run_address>
         <size>0x4</size>
      </object_component>
      <object_component id="oc-2eb">
         <name>.common:Tach_R_sum_count</name>
         <uninitialized>true</uninitialized>
         <run_address>0x20000778</run_address>
         <size>0x4</size>
      </object_component>
      <object_component id="oc-132">
         <name>.common:Tach_R_avg</name>
         <uninitialized>true</uninitialized>
         <run_address>0x2000076c</run_address>
         <size>0x4</size>
      </object_component>
      <object_component id="oc-12d">
         <name>.common:desired_speed_L</name>
         <uninitialized>true</uninitialized>
         <run_address>0x20000788</run_address>
         <size>0x2</size>
      </object_component>
      <object_component id="oc-12e">
         <name>.common:desired_speed_R</name>
         <uninitialized>true</uninitialized>
         <run_address>0x2000078a</run_address>
         <size>0x2</size>
      </object_component>
      <object_component id="oc-12c">
         <name>.common:differential_speed</name>
         <uninitialized>true</uninitialized>
         <run_address>0x2000078c</run_address>
         <size>0x2</size>
      </object_component>
      <object_component id="oc-12f">
         <name>.common:current_speed_L</name>
         <uninitialized>true</uninitialized>
         <run_address>0x20000784</run_address>
         <size>0x2</size>
      </object_component>
      <object_component id="oc-131">
         <name>.common:current_speed_R</name>
         <uninitialized>true</uninitialized>
         <run_address>0x20000786</run_address>
         <size>0x2</size>
      </object_component>
      <object_component id="oc-54e">
         <name>.common:__TI_tmpnams</name>
         <uninitialized>true</uninitialized>
         <run_address>0x20000608</run_address>
         <size>0xa0</size>
      </object_component>
      <object_component id="oc-5e0">
         <name>.common:parmbuf</name>
         <uninitialized>true</uninitialized>
         <run_address>0x2000074c</run_address>
         <size>0x8</size>
      </object_component>
      <object_component id="oc-29">
         <name>.sysmem</name>
         <uninitialized>true</uninitialized>
         <run_address>0x200000e8</run_address>
         <size>0x10</size>
         <input_file_ref idref="fl-e6"/>
      </object_component>
      <object_component id="oc-6a8">
         <name>.sysmem</name>
         <uninitialized>true</uninitialized>
         <run_address>0x200000e8</run_address>
         <size>0x0</size>
      </object_component>
      <object_component id="oc-2c">
         <name>.stack</name>
         <uninitialized>true</uninitialized>
         <run_address>0x2000fc00</run_address>
         <size>0x4</size>
         <input_file_ref idref="fl-e9"/>
      </object_component>
      <object_component id="oc-6a7">
         <name>.stack</name>
         <uninitialized>true</uninitialized>
         <run_address>0x2000fc00</run_address>
         <size>0x0</size>
      </object_component>
      <object_component id="oc-12a">
         <name>.debug_info</name>
         <load_address>0x0</load_address>
         <run_address>0x0</run_address>
         <size>0x1237</size>
         <input_file_ref idref="fl-1"/>
      </object_component>
      <object_component id="oc-127">
         <name>.debug_info</name>
         <load_address>0x1237</load_address>
         <run_address>0x1237</run_address>
         <size>0x269</size>
         <input_file_ref idref="fl-1"/>
      </object_component>
      <object_component id="oc-a2">
         <name>.debug_info</name>
         <load_address>0x14a0</load_address>
         <run_address>0x14a0</run_address>
         <size>0x3b6</size>
         <input_file_ref idref="fl-1"/>
      </object_component>
      <object_component id="oc-e5">
         <name>.debug_info</name>
         <load_address>0x1856</load_address>
         <run_address>0x1856</run_address>
         <size>0x230</size>
         <input_file_ref idref="fl-1"/>
      </object_component>
      <object_component id="oc-eb">
         <name>.debug_info</name>
         <load_address>0x1a86</load_address>
         <run_address>0x1a86</run_address>
         <size>0x125</size>
         <input_file_ref idref="fl-1"/>
      </object_component>
      <object_component id="oc-1f9">
         <name>.debug_info</name>
         <load_address>0x1bab</load_address>
         <run_address>0x1bab</run_address>
         <size>0x2a0</size>
         <input_file_ref idref="fl-1"/>
      </object_component>
      <object_component id="oc-1f3">
         <name>.debug_info</name>
         <load_address>0x1e4b</load_address>
         <run_address>0x1e4b</run_address>
         <size>0x317</size>
         <input_file_ref idref="fl-1"/>
      </object_component>
      <object_component id="oc-fd">
         <name>.debug_info</name>
         <load_address>0x2162</load_address>
         <run_address>0x2162</run_address>
         <size>0x152</size>
         <input_file_ref idref="fl-1"/>
      </object_component>
      <object_component id="oc-f1">
         <name>.debug_info</name>
         <load_address>0x22b4</load_address>
         <run_address>0x22b4</run_address>
         <size>0x279</size>
         <input_file_ref idref="fl-1"/>
      </object_component>
      <object_component id="oc-1d7">
         <name>.debug_info</name>
         <load_address>0x252d</load_address>
         <run_address>0x252d</run_address>
         <size>0x2f5</size>
         <input_file_ref idref="fl-1"/>
      </object_component>
      <object_component id="oc-1de">
         <name>.debug_info</name>
         <load_address>0x2822</load_address>
         <run_address>0x2822</run_address>
         <size>0x127</size>
         <input_file_ref idref="fl-1"/>
      </object_component>
      <object_component id="oc-22c">
         <name>.debug_info</name>
         <load_address>0x2949</load_address>
         <run_address>0x2949</run_address>
         <size>0x9a</size>
         <input_file_ref idref="fl-1"/>
      </object_component>
      <object_component id="oc-231">
         <name>.debug_info</name>
         <load_address>0x29e3</load_address>
         <run_address>0x29e3</run_address>
         <size>0x37e2</size>
         <input_file_ref idref="fl-1"/>
      </object_component>
      <object_component id="oc-bc">
         <name>.debug_info</name>
         <load_address>0x61c5</load_address>
         <run_address>0x61c5</run_address>
         <size>0x26b</size>
         <input_file_ref idref="fl-1"/>
      </object_component>
      <object_component id="oc-236">
         <name>.debug_info</name>
         <load_address>0x6430</load_address>
         <run_address>0x6430</run_address>
         <size>0x1028</size>
         <input_file_ref idref="fl-1"/>
      </object_component>
      <object_component id="oc-23b">
         <name>.debug_info</name>
         <load_address>0x7458</load_address>
         <run_address>0x7458</run_address>
         <size>0x341</size>
         <input_file_ref idref="fl-1"/>
      </object_component>
      <object_component id="oc-134">
         <name>.debug_info</name>
         <load_address>0x7799</load_address>
         <run_address>0x7799</run_address>
         <size>0x8b</size>
         <input_file_ref idref="fl-1"/>
      </object_component>
      <object_component id="oc-178">
         <name>.debug_info</name>
         <load_address>0x7824</load_address>
         <run_address>0x7824</run_address>
         <size>0x2a4</size>
         <input_file_ref idref="fl-1"/>
      </object_component>
      <object_component id="oc-240">
         <name>.debug_info</name>
         <load_address>0x7ac8</load_address>
         <run_address>0x7ac8</run_address>
         <size>0xef</size>
         <input_file_ref idref="fl-1"/>
      </object_component>
      <object_component id="oc-1fe">
         <name>.debug_info</name>
         <load_address>0x7bb7</load_address>
         <run_address>0x7bb7</run_address>
         <size>0xbb</size>
         <input_file_ref idref="fl-1"/>
      </object_component>
      <object_component id="oc-41b">
         <name>.debug_info</name>
         <load_address>0x7c72</load_address>
         <run_address>0x7c72</run_address>
         <size>0xcc</size>
         <input_file_ref idref="fl-1"/>
      </object_component>
      <object_component id="oc-3fd">
         <name>.debug_info</name>
         <load_address>0x7d3e</load_address>
         <run_address>0x7d3e</run_address>
         <size>0x2c</size>
         <input_file_ref idref="fl-1"/>
      </object_component>
      <object_component id="oc-21d">
         <name>.debug_info</name>
         <load_address>0x7d6a</load_address>
         <run_address>0x7d6a</run_address>
         <size>0x2c</size>
         <input_file_ref idref="fl-1"/>
      </object_component>
      <object_component id="oc-40e">
         <name>.debug_info</name>
         <load_address>0x7d96</load_address>
         <run_address>0x7d96</run_address>
         <size>0x102</size>
         <input_file_ref idref="fl-1"/>
      </object_component>
      <object_component id="oc-2a2">
         <name>.debug_info</name>
         <load_address>0x7e98</load_address>
         <run_address>0x7e98</run_address>
         <size>0x770</size>
         <input_file_ref idref="fl-2"/>
      </object_component>
      <object_component id="oc-275">
         <name>.debug_info</name>
         <load_address>0x8608</load_address>
         <run_address>0x8608</run_address>
         <size>0xdd</size>
         <input_file_ref idref="fl-2"/>
      </object_component>
      <object_component id="oc-40b">
         <name>.debug_info</name>
         <load_address>0x86e5</load_address>
         <run_address>0x86e5</run_address>
         <size>0xdd</size>
         <input_file_ref idref="fl-2"/>
      </object_component>
      <object_component id="oc-de">
         <name>.debug_info</name>
         <load_address>0x87c2</load_address>
         <run_address>0x87c2</run_address>
         <size>0x13a</size>
         <input_file_ref idref="fl-2"/>
      </object_component>
      <object_component id="oc-17e">
         <name>.debug_info</name>
         <load_address>0x88fc</load_address>
         <run_address>0x88fc</run_address>
         <size>0x18b</size>
         <input_file_ref idref="fl-2"/>
      </object_component>
      <object_component id="oc-296">
         <name>.debug_info</name>
         <load_address>0x8a87</load_address>
         <run_address>0x8a87</run_address>
         <size>0x1d1</size>
         <input_file_ref idref="fl-2"/>
      </object_component>
      <object_component id="oc-29c">
         <name>.debug_info</name>
         <load_address>0x8c58</load_address>
         <run_address>0x8c58</run_address>
         <size>0x15a</size>
         <input_file_ref idref="fl-2"/>
      </object_component>
      <object_component id="oc-278">
         <name>.debug_info</name>
         <load_address>0x8db2</load_address>
         <run_address>0x8db2</run_address>
         <size>0x1aa</size>
         <input_file_ref idref="fl-2"/>
      </object_component>
      <object_component id="oc-27e">
         <name>.debug_info</name>
         <load_address>0x8f5c</load_address>
         <run_address>0x8f5c</run_address>
         <size>0x1ac</size>
         <input_file_ref idref="fl-2"/>
      </object_component>
      <object_component id="oc-284">
         <name>.debug_info</name>
         <load_address>0x9108</load_address>
         <run_address>0x9108</run_address>
         <size>0x1a9</size>
         <input_file_ref idref="fl-2"/>
      </object_component>
      <object_component id="oc-28a">
         <name>.debug_info</name>
         <load_address>0x92b1</load_address>
         <run_address>0x92b1</run_address>
         <size>0x14d</size>
         <input_file_ref idref="fl-2"/>
      </object_component>
      <object_component id="oc-290">
         <name>.debug_info</name>
         <load_address>0x93fe</load_address>
         <run_address>0x93fe</run_address>
         <size>0x190</size>
         <input_file_ref idref="fl-2"/>
      </object_component>
      <object_component id="oc-416">
         <name>.debug_info</name>
         <load_address>0x958e</load_address>
         <run_address>0x958e</run_address>
         <size>0x37e2</size>
         <input_file_ref idref="fl-2"/>
      </object_component>
      <object_component id="oc-78">
         <name>.debug_info</name>
         <load_address>0xcd70</load_address>
         <run_address>0xcd70</run_address>
         <size>0x2cc</size>
         <input_file_ref idref="fl-3"/>
      </object_component>
      <object_component id="oc-27">
         <name>.debug_info</name>
         <load_address>0xd03c</load_address>
         <run_address>0xd03c</run_address>
         <size>0xf8</size>
         <input_file_ref idref="fl-3"/>
      </object_component>
      <object_component id="oc-6b">
         <name>.debug_info</name>
         <load_address>0xd134</load_address>
         <run_address>0xd134</run_address>
         <size>0x15b</size>
         <input_file_ref idref="fl-3"/>
      </object_component>
      <object_component id="oc-71">
         <name>.debug_info</name>
         <load_address>0xd28f</load_address>
[...]
         <value>0x3a9d</value>
         <object_component_ref idref="oc-116"/>
      </symbol>
      <symbol id="sm-6f8">
         <name>__aeabi_i2d</name>
         <value>0x3efd</value>
         <object_component_ref idref="oc-11b"/>
      </symbol>
      <symbol id="sm-713">
         <name>memcpy</name>
         <value>0x291d</value>
         <object_component_ref idref="oc-3a"/>
      </symbol>
      <symbol id="sm-714">
         <name>__aeabi_memcpy</name>
         <value>0x291d</value>
         <object_component_ref idref="oc-3a"/>
      </symbol>
      <symbol id="sm-715">
         <name>__aeabi_memcpy8</name>
         <value>0x291d</value>
         <object_component_ref idref="oc-3a"/>
      </symbol>
      <symbol id="sm-716">
         <name>__aeabi_memcpy4</name>
         <value>0x291d</value>
         <object_component_ref idref="oc-3a"/>
      </symbol>
      <symbol id="sm-720">
         <name>__aeabi_ui2d</name>
         <value>0x40df</value>
         <object_component_ref idref="oc-107"/>
      </symbol>
      <symbol id="sm-72f">
         <name>__aeabi_memset</name>
         <value>0x2e93</value>
         <object_component_ref idref="oc-94"/>
      </symbol>
      <symbol id="sm-730">
         <name>memset</name>
         <value>0x2e99</value>
         <object_component_ref idref="oc-94"/>
      </symbol>
      <symbol id="sm-731">
         <name>__aeabi_memset8</name>
         <value>0x2e93</value>
         <object_component_ref idref="oc-94"/>
      </symbol>
      <symbol id="sm-732">
         <name>__aeabi_memset4</name>
         <value>0x2e93</value>
         <object_component_ref idref="oc-94"/>
      </symbol>
      <symbol id="sm-733">
         <name>__aeabi_memclr8</name>
         <value>0x2e91</value>
         <object_component_ref idref="oc-94"/>
      </symbol>
      <symbol id="sm-734">
         <name>__aeabi_memclr4</name>
         <value>0x2e91</value>
         <object_component_ref idref="oc-94"/>
      </symbol>
      <symbol id="sm-735">
         <name>__aeabi_memclr</name>
         <value>0x2e91</value>
         <object_component_ref idref="oc-94"/>
      </symbol>
      <symbol id="sm-742">
         <name>__aeabi_uldivmod</name>
         <value>0x2a51</value>
         <object_component_ref idref="oc-478"/>
      </symbol>
      <symbol id="sm-756">
         <name>__TI_zero_init_nomemset</name>
         <value>0x4139</value>
         <object_component_ref idref="oc-46"/>
      </symbol>
      <symbol id="sm-76d">
         <name>__TI_decompress_none</name>
         <value>0x4317</value>
         <object_component_ref idref="oc-1d"/>
      </symbol>
      <symbol id="sm-790">
         <name>__TI_decompress_lzss</name>
         <value>0x3271</value>
         <object_component_ref idref="oc-17"/>
      </symbol>
      <symbol id="sm-7b6">
         <name>C$$EXIT</name>
         <value>0x437d</value>
         <object_component_ref idref="oc-139"/>
      </symbol>
      <symbol id="sm-7b7">
         <name>abort</name>
         <value>0x437d</value>
         <object_component_ref idref="oc-139"/>
      </symbol>
      <symbol id="sm-7b8">
         <name>__TI_dtors_ptr</name>
         <value>0x20000978</value>
         <object_component_ref idref="oc-246"/>
      </symbol>
      <symbol id="sm-7b9">
         <name>__TI_cleanup_ptr</name>
         <value>0x20000974</value>
         <object_component_ref idref="oc-246"/>
      </symbol>
      <symbol id="sm-7ba">
         <name>__TI_enable_exit_profile_output</name>
         <value>0x2000097c</value>
         <object_component_ref idref="oc-246"/>
      </symbol>
      <symbol id="sm-7bb">
         <name>exit</name>
         <value>0x3a55</value>
         <object_component_ref idref="oc-13f"/>
      </symbol>
      <symbol id="sm-7d0">
         <name>_nop</name>
         <value>0x14b7</value>
         <object_component_ref idref="oc-385"/>
      </symbol>
      <symbol id="sm-7d1">
         <name>_lock</name>
         <value>0x20000980</value>
         <object_component_ref idref="oc-209"/>
      </symbol>
      <symbol id="sm-7d2">
         <name>_unlock</name>
         <value>0x20000984</value>
         <object_component_ref idref="oc-209"/>
      </symbol>
      <symbol id="sm-7e1">
         <name>__TI_ltoa</name>
         <value>0x3743</value>
         <object_component_ref idref="oc-47f"/>
      </symbol>
      <symbol id="sm-7f7">
         <name>atoi</name>
         <value>0x3979</value>
         <object_component_ref idref="oc-33e"/>
      </symbol>
      <symbol id="sm-802">
         <name>_ctypes_</name>
         <value>0x4380</value>
         <object_component_ref idref="oc-473"/>
      </symbol>
      <symbol id="sm-817">
         <name>__TI_tmpnams</name>
         <value>0x20000608</value>
      </symbol>
      <symbol id="sm-818">
         <name>__aeabi_stdout</name>
         <value>0x2000096c</value>
         <object_component_ref idref="oc-56e"/>
      </symbol>
      <symbol id="sm-819">
         <name>__aeabi_stderr</name>
         <value>0x20000970</value>
         <object_component_ref idref="oc-56e"/>
      </symbol>
      <symbol id="sm-81a">
         <name>__aeabi_stdin</name>
         <value>0x20000968</value>
         <object_component_ref idref="oc-56e"/>
      </symbol>
      <symbol id="sm-81b">
         <name>_ftable</name>
         <value>0x20000790</value>
         <object_component_ref idref="oc-20c"/>
      </symbol>
      <symbol id="sm-81c">
         <name>__TI_ft_end</name>
         <value>0x20000964</value>
         <object_component_ref idref="oc-56e"/>
      </symbol>
      <symbol id="sm-82c">
         <name>memccpy</name>
         <value>0x4171</value>
         <object_component_ref idref="oc-367"/>
      </symbol>
      <symbol id="sm-83c">
         <name>memchr</name>
         <value>0x40bf</value>
         <object_component_ref idref="oc-4e2"/>
      </symbol>
      <symbol id="sm-8c0">
         <name>_sys_memory</name>
         <value>0x200000e8</value>
         <object_component_ref idref="oc-29"/>
      </symbol>
      <symbol id="sm-8c1">
         <name>free</name>
         <value>0x230d</value>
         <object_component_ref idref="oc-3df"/>
      </symbol>
      <symbol id="sm-8c2">
         <name>memalign</name>
         <value>0x2111</value>
         <object_component_ref idref="oc-567"/>
      </symbol>
      <symbol id="sm-8c3">
         <name>malloc</name>
         <value>0x4369</value>
         <object_component_ref idref="oc-3e5"/>
      </symbol>
      <symbol id="sm-8c4">
         <name>aligned_alloc</name>
         <value>0x2111</value>
         <object_component_ref idref="oc-567"/>
      </symbol>
      <symbol id="sm-8d4">
         <name>strchr</name>
         <value>0x424b</value>
         <object_component_ref idref="oc-4b1"/>
      </symbol>
      <symbol id="sm-8e2">
         <name>strlen</name>
         <value>0x429d</value>
         <object_component_ref idref="oc-338"/>
      </symbol>
      <symbol id="sm-8f5">
         <name>__stack</name>
         <value>0x2000fc00</value>
         <object_component_ref idref="oc-2c"/>
      </symbol>
      <symbol id="sm-8f6">
         <name>_c_int00_noargs</name>
         <value>0x3e65</value>
         <object_component_ref idref="oc-58"/>
      </symbol>
      <symbol id="sm-90b">
         <name>write</name>
         <value>0x4075</value>
         <object_component_ref idref="oc-4ee"/>
      </symbol>
      <symbol id="sm-91c">
         <name>_stream</name>
         <value>0x200008f8</value>
         <object_component_ref idref="oc-5c5"/>
      </symbol>
      <symbol id="sm-91d">
         <name>_device</name>
         <value>0x20000880</value>
         <object_component_ref idref="oc-3cc"/>
      </symbol>
      <symbol id="sm-93a">
         <name>open</name>
         <value>0x25a1</value>
         <object_component_ref idref="oc-551"/>
      </symbol>
      <symbol id="sm-95a">
         <name>add_device</name>
         <value>0x265d</value>
         <object_component_ref idref="oc-262"/>
      </symbol>
      <symbol id="sm-970">
         <name>__aeabi_errno_addr</name>
         <value>0x4361</value>
         <object_component_ref idref="oc-373"/>
      </symbol>
      <symbol id="sm-971">
         <name>errno</name>
         <value>0x20000994</value>
         <object_component_ref idref="oc-4c1"/>
      </symbol>
      <symbol id="sm-98a">
         <name>wcslen</name>
         <value>0x42d5</value>
         <object_component_ref idref="oc-36d"/>
      </symbol>
      <symbol id="sm-9aa">
         <name>frexpl</name>
         <value>0x3341</value>
         <object_component_ref idref="oc-4a5"/>
      </symbol>
      <symbol id="sm-9ab">
         <name>frexp</name>
         <value>0x3341</value>
         <object_component_ref idref="oc-4a5"/>
      </symbol>
      <symbol id="sm-9c8">
         <name>scalbn</name>
         <value>0x2001</value>
         <object_component_ref idref="oc-4ab"/>
      </symbol>
      <symbol id="sm-9c9">
         <name>scalbnl</name>
         <value>0x2001</value>
         <object_component_ref idref="oc-4ab"/>
      </symbol>
      <symbol id="sm-9ca">
         <name>ldexpl</name>
         <value>0x2001</value>
         <object_component_ref idref="oc-4ab"/>
      </symbol>
      <symbol id="sm-9cb">
         <name>ldexp</name>
         <value>0x2001</value>
         <object_component_ref idref="oc-4ab"/>
      </symbol>
      <symbol id="sm-9e0">
         <name>__TI_closefile</name>
         <value>0x2f0d</value>
         <object_component_ref idref="oc-3d1"/>
      </symbol>
      <symbol id="sm-9f0">
         <name>__TI_doflush</name>
         <value>0x392d</value>
         <object_component_ref idref="oc-4e8"/>
      </symbol>
      <symbol id="sm-a02">
         <name>fseek</name>
         <value>0x33a5</value>
         <object_component_ref idref="oc-5ba"/>
      </symbol>
      <symbol id="sm-a20">
         <name>finddevice</name>
         <value>0x3ecd</value>
         <object_component_ref idref="oc-3bf"/>
      </symbol>
      <symbol id="sm-a21">
         <name>getdevice</name>
         <value>0x3bb1</value>
         <object_component_ref idref="oc-5ff"/>
      </symbol>
      <symbol id="sm-a2b">
         <name>__aeabi_idiv0</name>
         <value>0x1b9b</value>
         <object_component_ref idref="oc-58a"/>
      </symbol>
      <symbol id="sm-a2c">
         <name>__aeabi_ldiv0</name>
         <value>0x1b9b</value>
         <object_component_ref idref="oc-58a"/>
      </symbol>
      <symbol id="sm-a54">
         <name>__TI_auto_init_nobinit_nopinit</name>
         <value>0x3b6d</value>
         <object_component_ref idref="oc-145"/>
      </symbol>
      <symbol id="sm-a5e">
         <name>_system_pre_init</name>
         <value>0x4379</value>
         <object_component_ref idref="oc-9a"/>
      </symbol>
      <symbol id="sm-a6f">
         <name>strcmp</name>
         <value>0x41f1</value>
         <object_component_ref idref="oc-504"/>
      </symbol>
      <symbol id="sm-a7f">
         <name>strncpy</name>
         <value>0x3d5d</value>
         <object_component_ref idref="oc-3c5"/>
      </symbol>
      <symbol id="sm-a90">
         <name>HOSTclose</name>
         <value>0x3ae5</value>
         <object_component_ref idref="oc-514"/>
      </symbol>
      <symbol id="sm-aa1">
         <name>HOSTlseek</name>
         <value>0x3139</value>
         <object_component_ref idref="oc-526"/>
      </symbol>
      <symbol id="sm-ab3">
         <name>parmbuf</name>
         <value>0x2000074c</value>
      </symbol>
      <symbol id="sm-ab4">
         <name>HOSTopen</name>
         <value>0x34cd</value>
         <object_component_ref idref="oc-50e"/>
      </symbol>
      <symbol id="sm-ac5">
         <name>HOSTread</name>
         <value>0x35e5</value>
         <object_component_ref idref="oc-51a"/>
      </symbol>
      <symbol id="sm-ad6">
         <name>HOSTrename</name>
         <value>0x3061</value>
         <object_component_ref idref="oc-532"/>
      </symbol>
      <symbol id="sm-ae7">
         <name>HOSTunlink</name>
         <value>0x3b29</value>
         <object_component_ref idref="oc-52c"/>
      </symbol>
      <symbol id="sm-af8">
         <name>HOSTwrite</name>
         <value>0x363d</value>
         <object_component_ref idref="oc-520"/>
      </symbol>
      <symbol id="sm-b1c">
         <name>__TI_readmsg</name>
         <value>0x3e31</value>
         <object_component_ref idref="oc-5da"/>
      </symbol>
      <symbol id="sm-b1d">
         <name>C$$IO$$</name>
         <value>0x3d53</value>
         <object_component_ref idref="oc-5d4"/>
      </symbol>
      <symbol id="sm-b1e">
         <name>__CIOBUF_</name>
         <value>0x200004e8</value>
         <object_component_ref idref="oc-646"/>
      </symbol>
      <symbol id="sm-b1f">
         <name>__TI_writemsg</name>
         <value>0x3d25</value>
         <object_component_ref idref="oc-5d4"/>
      </symbol>
      <symbol id="sm-b30">
         <name>lseek</name>
         <value>0x404d</value>
         <object_component_ref idref="oc-634"/>
      </symbol>
      <symbol id="sm-b44">
         <name>close</name>
         <value>0x3589</value>
         <object_component_ref idref="oc-542"/>
      </symbol>
      <symbol id="sm-b4e">
         <name>copysign</name>
         <value>0x41a7</value>
         <object_component_ref idref="oc-59e"/>
      </symbol>
      <symbol id="sm-b4f">
         <name>copysignl</name>
         <value>0x41a7</value>
         <object_component_ref idref="oc-59e"/>
      </symbol>
      <symbol id="sm-b5d">
         <name>strcpy</name>
         <value>0x4289</value>
         <object_component_ref idref="oc-5ee"/>
      </symbol>
      <symbol id="sm-b6d">
         <name>unlink</name>
         <value>0x3f59</value>
         <object_component_ref idref="oc-548"/>
      </symbol>
      <symbol id="sm-b6e">
         <name>__TI_static_base__</name>
         <value>0x0</value>
      </symbol>
      <symbol id="sm-b71">
         <name>__mpu_init</name>
         <value>0x0</value>
      </symbol>
      <symbol id="sm-b72">
         <name>_system_post_cinit</name>
         <value>0x0</value>
      </symbol>
      <symbol id="sm-b73">
         <name>NMI_Handler</name>
         <value>0xb33</value>
      </symbol>
      <symbol id="sm-b74">
         <name>HardFault_Handler</name>
         <value>0xb33</value>
      </symbol>
      <symbol id="sm-b75">
         <name>MemManage_Handler</name>
         <value>0xb33</value>
      </symbol>
      <symbol id="sm-b76">
         <name>BusFault_Handler</name>
         <value>0xb33</value>
      </symbol>
      <symbol id="sm-b77">
         <name>UsageFault_Handler</name>
         <value>0xb33</value>
      </symbol>
      <symbol id="sm-b78">
         <name>SVC_Handler</name>
         <value>0xb33</value>
      </symbol>
      <symbol id="sm-b79">
         <name>DebugMon_Handler</name>
         <value>0xb33</value>
      </symbol>
      <symbol id="sm-b7a">
         <name>PendSV_Handler</name>
         <value>0xb33</value>
      </symbol>
      <symbol id="sm-b7b">
         <name>SysTick_Handler</name>
         <value>0xb33</value>
      </symbol>
      <symbol id="sm-b7c">
         <name>PSS_IRQHandler</name>
         <value>0xb33</value>
      </symbol>
      <symbol id="sm-b7d">
         <name>CS_IRQHandler</name>
         <value>0xb33</value>
      </symbol>
      <symbol id="sm-b7e">
         <name>PCM_IRQHandler</name>
         <value>0xb33</value>
      </symbol>
      <symbol id="sm-b7f">
         <name>WDT_A_IRQHandler</name>
         <value>0xb33</value>
      </symbol>
      <symbol id="sm-b80">
         <name>FPU_IRQHandler</name>
         <value>0xb33</value>
      </symbol>
      <symbol id="sm-b81">
         <name>FLCTL_IRQHandler</name>
         <value>0xb33</value>
      </symbol>
      <symbol id="sm-b82">
         <name>COMP_E0_IRQHandler</name>
         <value>0xb33</value>
      </symbol>
      <symbol id="sm-b83">
         <name>COMP_E1_IRQHandler</name>
         <value>0xb33</value>
      </symbol>
      <symbol id="sm-b84">
         <name>TA0_0_IRQHandler</name>
         <value>0xb33</value>
      </symbol>
      <symbol id="sm-b85">
         <name>TA0_N_IRQHandler</name>
         <value>0xb33</value>
      </symbol>
      <symbol id="sm-b86">
         <name>TA1_0_IRQHandler</name>
         <value>0xb33</value>
      </symbol>
      <symbol id="sm-b87">
         <name>TA1_N_IRQHandler</name>
         <value>0xb33</value>
      </symbol>
      <symbol id="sm-b88">
         <name>TA2_0_IRQHandler</name>
         <value>0xb33</value>
      </symbol>
      <symbol id="sm-b89">
         <name>TA2_N_IRQHandler</name>
         <value>0xb33</value>
      </symbol>
      <symbol id="sm-b8a">
         <name>TA3_0_IRQHandler</name>
         <value>0xb33</value>
      </symbol>
      <symbol id="sm-b8b">
         <name>TA3_N_IRQHandler</name>
         <value>0xb33</value>
      </symbol>
      <symbol id="sm-b8c">
         <name>EUSCIA0_IRQHandler</name>
         <value>0xb33</value>
      </symbol>
      <symbol id="sm-b8d">
         <name>EUSCIA1_IRQHandler</name>
         <value>0xb33</value>
      </symbol>
      <symbol id="sm-b8e">
         <name>EUSCIA2_IRQHandler</name>
         <value>0xb33</value>
      </symbol>
      <symbol id="sm-b8f">
         <name>EUSCIA3_IRQHandler</name>
         <value>0xb33</value>
      </symbol>
      <symbol id="sm-b90">
         <name>EUSCIB0_IRQHandler</name>
         <value>0xb33</value>
      </symbol>
      <symbol id="sm-b91">
         <name>EUSCIB1_IRQHandler</name>
         <value>0xb33</value>
      </symbol>
      <symbol id="sm-b92">
         <name>EUSCIB2_IRQHandler</name>
         <value>0xb33</value>
      </symbol>
      <symbol id="sm-b93">
         <name>EUSCIB3_IRQHandler</name>
         <value>0xb33</value>
      </symbol>
      <symbol id="sm-b94">
         <name>ADC14_IRQHandler</name>
         <value>0xb33</value>
      </symbol>
      <symbol id="sm-b95">
         <name>T32_INT1_IRQHandler</name>
         <value>0xb33</value>
      </symbol>
      <symbol id="sm-b96">
         <name>T32_INT2_IRQHandler</name>
         <value>0xb33</value>
      </symbol>
      <symbol id="sm-b97">
         <name>T32_INTC_IRQHandler</name>
         <value>0xb33</value>
      </symbol>
      <symbol id="sm-b98">
         <name>AES256_IRQHandler</name>
         <value>0xb33</value>
      </symbol>
      <symbol id="sm-b99">
         <name>RTC_C_IRQHandler</name>
         <value>0xb33</value>
      </symbol>
      <symbol id="sm-b9a">
         <name>DMA_ERR_IRQHandler</name>
         <value>0xb33</value>
      </symbol>
      <symbol id="sm-b9b">
         <name>DMA_INT3_IRQHandler</name>
         <value>0xb33</value>
      </symbol>
      <symbol id="sm-b9c">
         <name>DMA_INT2_IRQHandler</name>
         <value>0xb33</value>
      </symbol>
      <symbol id="sm-b9d">
         <name>DMA_INT1_IRQHandler</name>
         <value>0xb33</value>
      </symbol>
      <symbol id="sm-b9e">
         <name>DMA_INT0_IRQHandler</name>
         <value>0xb33</value>
      </symbol>
      <symbol id="sm-b9f">
         <name>PORT1_IRQHandler</name>
         <value>0xb33</value>
      </symbol>
      <symbol id="sm-ba0">
         <name>PORT2_IRQHandler</name>
         <value>0xb33</value>
      </symbol>
      <symbol id="sm-ba1">
         <name>PORT3_IRQHandler</name>
         <value>0xb33</value>
      </symbol>
      <symbol id="sm-ba2">
         <name>PORT4_IRQHandler</name>
         <value>0xb33</value>
      </symbol>
      <symbol id="sm-ba3">
         <name>PORT5_IRQHandler</name>
         <value>0xb33</value>
      </symbol>
      <symbol id="sm-ba4">
         <name>PORT6_IRQHandler</name>
         <value>0xb33</value>
      </symbol>
      <symbol id="sm-ba5">
         <name>remove</name>
         <value>0x3f59</value>
      </symbol>
   </symbol_table>
   <title>Link successful</title>
</link_info>
