<?xml version="1.0" encoding="ISO-8859-1" ?>
<link_info>
   <banner>TI ARM Linker Unix v20.2.7.LTS</banner>
   <copyright>Copyright (c) 1996-2018 Texas Instruments Incorporated</copyright>
   <link_time>0x650395e5</link_time>
   <link_errors>0x0</link_errors>
   <output_file>lab1_template.out</output_file>
   <entry_point>
      <name>_c_int00_noargs</name>
      <address>0x45fd</address>
   </entry_point>
   <input_file_list>
      <input_file id="fl-1">
         <path>./</path>
         <kind>object</kind>
         <file>main.obj</file>
         <name>main.obj</name>
      </input_file>
      <input_file id="fl-2">
         <path>./src/</path>
         <kind>object</kind>
         <file>engr2350_msp432.obj</file>
         <name>engr2350_msp432.obj</name>
      </input_file>
      <input_file id="fl-3">
         <path>./src/</path>
         <kind>object</kind>
         <file>startup_msp432p401r_ccs.obj</file>
         <name>startup_msp432p401r_ccs.obj</name>
      </input_file>
      <input_file id="fl-4">
         <path>./src/</path>
         <kind>object</kind>
         <file>system_msp432p401r.obj</file>
         <name>system_msp432p401r.obj</name>
      </input_file>
      <input_file id="fl-f">
         <kind>object</kind>
         <file>&lt;internal&gt;</file>
         <name>&lt;internal&gt;</name>
      </input_file>
      <input_file id="fl-10">
         <path>../src/</path>
         <kind>archive</kind>
         <file>Lab1lib.lib</file>
         <name>lab1lib.obj</name>
      </input_file>
      <input_file id="fl-11">
         <path>/Applications/ti/simplelink_msp432p4_sdk_3_40_01_02/source/ti/devices/msp432p4xx/driverlib/ccs/</path>
         <kind>archive</kind>
         <file>msp432p4xx_driverlib.lib</file>
         <name>gpio.o</name>
      </input_file>
      <input_file id="fl-12">
         <path>/Applications/ti/simplelink_msp432p4_sdk_3_40_01_02/source/ti/devices/msp432p4xx/driverlib/ccs/</path>
         <kind>archive</kind>
         <file>msp432p4xx_driverlib.lib</file>
         <name>interrupt.o</name>
      </input_file>
      <input_file id="fl-13">
         <path>/Applications/ti/simplelink_msp432p4_sdk_3_40_01_02/source/ti/devices/msp432p4xx/driverlib/ccs/</path>
         <kind>archive</kind>
         <file>msp432p4xx_driverlib.lib</file>
         <name>timer_a.o</name>
      </input_file>
      <input_file id="fl-14">
         <path>/Applications/ti/simplelink_msp432p4_sdk_3_40_01_02/source/ti/devices/msp432p4xx/driverlib/ccs/</path>
         <kind>archive</kind>
         <file>msp432p4xx_driverlib.lib</file>
         <name>uart.o</name>
      </input_file>
      <input_file id="fl-15">
         <path>/Applications/ti/simplelink_msp432p4_sdk_3_40_01_02/source/ti/devices/msp432p4xx/driverlib/ccs/</path>
         <kind>archive</kind>
         <file>msp432p4xx_driverlib.lib</file>
         <name>cpu.o</name>
      </input_file>
      <input_file id="fl-cb">
         <path>/Applications/ti/ccs1240/ccs/tools/compiler/ti-cgt-arm_20.2.7.LTS/lib/</path>
         <kind>archive</kind>
         <file>rtsv7M4_T_le_v4SPD16_eabi.lib</file>
         <name>printf.c.obj</name>
      </input_file>
      <input_file id="fl-cc">
         <path>/Applications/ti/ccs1240/ccs/tools/compiler/ti-cgt-arm_20.2.7.LTS/lib/</path>
         <kind>archive</kind>
         <file>rtsv7M4_T_le_v4SPD16_eabi.lib</file>
         <name>_printfi.c.obj</name>
      </input_file>
      <input_file id="fl-cd">
         <path>/Applications/ti/ccs1240/ccs/tools/compiler/ti-cgt-arm_20.2.7.LTS/lib/</path>
         <kind>archive</kind>
         <file>rtsv7M4_T_le_v4SPD16_eabi.lib</file>
         <name>fgetc.c.obj</name>
      </input_file>
      <input_file id="fl-ce">
         <path>/Applications/ti/ccs1240/ccs/tools/compiler/ti-cgt-arm_20.2.7.LTS/lib/</path>
         <kind>archive</kind>
         <file>rtsv7M4_T_le_v4SPD16_eabi.lib</file>
         <name>fopen.c.obj</name>
      </input_file>
      <input_file id="fl-cf">
         <path>/Applications/ti/ccs1240/ccs/tools/compiler/ti-cgt-arm_20.2.7.LTS/lib/</path>
         <kind>archive</kind>
         <file>rtsv7M4_T_le_v4SPD16_eabi.lib</file>
         <name>fputc.c.obj</name>
      </input_file>
      <input_file id="fl-d0">
         <path>/Applications/ti/ccs1240/ccs/tools/compiler/ti-cgt-arm_20.2.7.LTS/lib/</path>
         <kind>archive</kind>
         <file>rtsv7M4_T_le_v4SPD16_eabi.lib</file>
         <name>fputs.c.obj</name>
      </input_file>
      <input_file id="fl-d1">
         <path>/Applications/ti/ccs1240/ccs/tools/compiler/ti-cgt-arm_20.2.7.LTS/lib/</path>
         <kind>archive</kind>
         <file>rtsv7M4_T_le_v4SPD16_eabi.lib</file>
         <name>_bufread.c.obj</name>
      </input_file>
      <input_file id="fl-d2">
         <path>/Applications/ti/ccs1240/ccs/tools/compiler/ti-cgt-arm_20.2.7.LTS/lib/</path>
         <kind>archive</kind>
         <file>rtsv7M4_T_le_v4SPD16_eabi.lib</file>
         <name>_io_perm.c.obj</name>
      </input_file>
      <input_file id="fl-d3">
         <path>/Applications/ti/ccs1240/ccs/tools/compiler/ti-cgt-arm_20.2.7.LTS/lib/</path>
         <kind>archive</kind>
         <file>rtsv7M4_T_le_v4SPD16_eabi.lib</file>
         <name>setvbuf.c.obj</name>
      </input_file>
      <input_file id="fl-d4">
         <path>/Applications/ti/ccs1240/ccs/tools/compiler/ti-cgt-arm_20.2.7.LTS/lib/</path>
         <kind>archive</kind>
         <file>rtsv7M4_T_le_v4SPD16_eabi.lib</file>
         <name>fd_add_t2.asm.obj</name>
      </input_file>
      <input_file id="fl-d5">
         <path>/Applications/ti/ccs1240/ccs/tools/compiler/ti-cgt-arm_20.2.7.LTS/lib/</path>
         <kind>archive</kind>
         <file>rtsv7M4_T_le_v4SPD16_eabi.lib</file>
         <name>fd_cmp_t2.asm.obj</name>
      </input_file>
      <input_file id="fl-d6">
         <path>/Applications/ti/ccs1240/ccs/tools/compiler/ti-cgt-arm_20.2.7.LTS/lib/</path>
         <kind>archive</kind>
         <file>rtsv7M4_T_le_v4SPD16_eabi.lib</file>
         <name>fd_div_t2.asm.obj</name>
      </input_file>
      <input_file id="fl-d7">
         <path>/Applications/ti/ccs1240/ccs/tools/compiler/ti-cgt-arm_20.2.7.LTS/lib/</path>
         <kind>archive</kind>
         <file>rtsv7M4_T_le_v4SPD16_eabi.lib</file>
         <name>fd_mul_t2.asm.obj</name>
      </input_file>
      <input_file id="fl-d8">
         <path>/Applications/ti/ccs1240/ccs/tools/compiler/ti-cgt-arm_20.2.7.LTS/lib/</path>
         <kind>archive</kind>
         <file>rtsv7M4_T_le_v4SPD16_eabi.lib</file>
         <name>fd_toi_t2.asm.obj</name>
      </input_file>
      <input_file id="fl-d9">
         <path>/Applications/ti/ccs1240/ccs/tools/compiler/ti-cgt-arm_20.2.7.LTS/lib/</path>
         <kind>archive</kind>
         <file>rtsv7M4_T_le_v4SPD16_eabi.lib</file>
         <name>fd_tos_t2.asm.obj</name>
      </input_file>
      <input_file id="fl-da">
         <path>/Applications/ti/ccs1240/ccs/tools/compiler/ti-cgt-arm_20.2.7.LTS/lib/</path>
         <kind>archive</kind>
         <file>rtsv7M4_T_le_v4SPD16_eabi.lib</file>
         <name>fs_tod_t2.asm.obj</name>
      </input_file>
      <input_file id="fl-db">
         <path>/Applications/ti/ccs1240/ccs/tools/compiler/ti-cgt-arm_20.2.7.LTS/lib/</path>
         <kind>archive</kind>
         <file>rtsv7M4_T_le_v4SPD16_eabi.lib</file>
         <name>i_tofd_t2.asm.obj</name>
      </input_file>
      <input_file id="fl-dc">
         <path>/Applications/ti/ccs1240/ccs/tools/compiler/ti-cgt-arm_20.2.7.LTS/lib/</path>
         <kind>archive</kind>
         <file>rtsv7M4_T_le_v4SPD16_eabi.lib</file>
         <name>memcpy_t2.asm.obj</name>
      </input_file>
      <input_file id="fl-dd">
         <path>/Applications/ti/ccs1240/ccs/tools/compiler/ti-cgt-arm_20.2.7.LTS/lib/</path>
         <kind>archive</kind>
         <file>rtsv7M4_T_le_v4SPD16_eabi.lib</file>
         <name>u_tofd_t2.asm.obj</name>
      </input_file>
      <input_file id="fl-de">
         <path>/Applications/ti/ccs1240/ccs/tools/compiler/ti-cgt-arm_20.2.7.LTS/lib/</path>
         <kind>archive</kind>
         <file>rtsv7M4_T_le_v4SPD16_eabi.lib</file>
         <name>memset_t2.asm.obj</name>
      </input_file>
      <input_file id="fl-df">
         <path>/Applications/ti/ccs1240/ccs/tools/compiler/ti-cgt-arm_20.2.7.LTS/lib/</path>
         <kind>archive</kind>
         <file>rtsv7M4_T_le_v4SPD16_eabi.lib</file>
         <name>ull_div_t2.asm.obj</name>
      </input_file>
      <input_file id="fl-e0">
         <path>/Applications/ti/ccs1240/ccs/tools/compiler/ti-cgt-arm_20.2.7.LTS/lib/</path>
         <kind>archive</kind>
         <file>rtsv7M4_T_le_v4SPD16_eabi.lib</file>
         <name>copy_zero_init.c.obj</name>
      </input_file>
      <input_file id="fl-e1">
         <path>/Applications/ti/ccs1240/ccs/tools/compiler/ti-cgt-arm_20.2.7.LTS/lib/</path>
         <kind>archive</kind>
         <file>rtsv7M4_T_le_v4SPD16_eabi.lib</file>
         <name>copy_decompress_none.c.obj</name>
      </input_file>
      <input_file id="fl-e2">
         <path>/Applications/ti/ccs1240/ccs/tools/compiler/ti-cgt-arm_20.2.7.LTS/lib/</path>
         <kind>archive</kind>
         <file>rtsv7M4_T_le_v4SPD16_eabi.lib</file>
         <name>copy_decompress_lzss.c.obj</name>
      </input_file>
      <input_file id="fl-e3">
         <path>/Applications/ti/ccs1240/ccs/tools/compiler/ti-cgt-arm_20.2.7.LTS/lib/</path>
         <kind>archive</kind>
         <file>rtsv7M4_T_le_v4SPD16_eabi.lib</file>
         <name>exit.c.obj</name>
      </input_file>
      <input_file id="fl-e4">
         <path>/Applications/ti/ccs1240/ccs/tools/compiler/ti-cgt-arm_20.2.7.LTS/lib/</path>
         <kind>archive</kind>
         <file>rtsv7M4_T_le_v4SPD16_eabi.lib</file>
         <name>_lock.c.obj</name>
      </input_file>
      <input_file id="fl-e5">
         <path>/Applications/ti/ccs1240/ccs/tools/compiler/ti-cgt-arm_20.2.7.LTS/lib/</path>
         <kind>archive</kind>
         <file>rtsv7M4_T_le_v4SPD16_eabi.lib</file>
         <name>_ltoa.c.obj</name>
      </input_file>
      <input_file id="fl-e6">
         <path>/Applications/ti/ccs1240/ccs/tools/compiler/ti-cgt-arm_20.2.7.LTS/lib/</path>
         <kind>archive</kind>
         <file>rtsv7M4_T_le_v4SPD16_eabi.lib</file>
         <name>atoi.c.obj</name>
      </input_file>
      <input_file id="fl-e7">
         <path>/Applications/ti/ccs1240/ccs/tools/compiler/ti-cgt-arm_20.2.7.LTS/lib/</path>
         <kind>archive</kind>
         <file>rtsv7M4_T_le_v4SPD16_eabi.lib</file>
         <name>ctype.c.obj</name>
      </input_file>
      <input_file id="fl-e8">
         <path>/Applications/ti/ccs1240/ccs/tools/compiler/ti-cgt-arm_20.2.7.LTS/lib/</path>
         <kind>archive</kind>
         <file>rtsv7M4_T_le_v4SPD16_eabi.lib</file>
         <name>defs.c.obj</name>
      </input_file>
      <input_file id="fl-e9">
         <path>/Applications/ti/ccs1240/ccs/tools/compiler/ti-cgt-arm_20.2.7.LTS/lib/</path>
         <kind>archive</kind>
         <file>rtsv7M4_T_le_v4SPD16_eabi.lib</file>
         <name>memccpy.c.obj</name>
      </input_file>
      <input_file id="fl-ea">
         <path>/Applications/ti/ccs1240/ccs/tools/compiler/ti-cgt-arm_20.2.7.LTS/lib/</path>
         <kind>archive</kind>
         <file>rtsv7M4_T_le_v4SPD16_eabi.lib</file>
         <name>memchr.c.obj</name>
      </input_file>
      <input_file id="fl-eb">
         <path>/Applications/ti/ccs1240/ccs/tools/compiler/ti-cgt-arm_20.2.7.LTS/lib/</path>
         <kind>archive</kind>
         <file>rtsv7M4_T_le_v4SPD16_eabi.lib</file>
         <name>memory.c.obj</name>
      </input_file>
      <input_file id="fl-ec">
         <path>/Applications/ti/ccs1240/ccs/tools/compiler/ti-cgt-arm_20.2.7.LTS/lib/</path>
         <kind>archive</kind>
         <file>rtsv7M4_T_le_v4SPD16_eabi.lib</file>
         <name>strchr.c.obj</name>
      </input_file>
      <input_file id="fl-ed">
         <path>/Applications/ti/ccs1240/ccs/tools/compiler/ti-cgt-arm_20.2.7.LTS/lib/</path>
         <kind>archive</kind>
         <file>rtsv7M4_T_le_v4SPD16_eabi.lib</file>
         <name>strlen.c.obj</name>
      </input_file>
      <input_file id="fl-ee">
         <path>/Applications/ti/ccs1240/ccs/tools/compiler/ti-cgt-arm_20.2.7.LTS/lib/</path>
         <kind>archive</kind>
         <file>rtsv7M4_T_le_v4SPD16_eabi.lib</file>
         <name>boot_cortex_m.c.obj</name>
      </input_file>
      <input_file id="fl-ef">
         <path>/Applications/ti/ccs1240/ccs/tools/compiler/ti-cgt-arm_20.2.7.LTS/lib/</path>
         <kind>archive</kind>
         <file>rtsv7M4_T_le_v4SPD16_eabi.lib</file>
         <name>write.c.obj</name>
      </input_file>
      <input_file id="fl-f0">
         <path>/Applications/ti/ccs1240/ccs/tools/compiler/ti-cgt-arm_20.2.7.LTS/lib/</path>
         <kind>archive</kind>
         <file>rtsv7M4_T_le_v4SPD16_eabi.lib</file>
         <name>host_device.c.obj</name>
      </input_file>
      <input_file id="fl-f1">
         <path>/Applications/ti/ccs1240/ccs/tools/compiler/ti-cgt-arm_20.2.7.LTS/lib/</path>
         <kind>archive</kind>
         <file>rtsv7M4_T_le_v4SPD16_eabi.lib</file>
         <name>read.c.obj</name>
      </input_file>
      <input_file id="fl-f2">
         <path>/Applications/ti/ccs1240/ccs/tools/compiler/ti-cgt-arm_20.2.7.LTS/lib/</path>
         <kind>archive</kind>
         <file>rtsv7M4_T_le_v4SPD16_eabi.lib</file>
         <name>open.c.obj</name>
      </input_file>
      <input_file id="fl-f3">
         <path>/Applications/ti/ccs1240/ccs/tools/compiler/ti-cgt-arm_20.2.7.LTS/lib/</path>
         <kind>archive</kind>
         <file>rtsv7M4_T_le_v4SPD16_eabi.lib</file>
         <name>add_device.c.obj</name>
      </input_file>
      <input_file id="fl-f4">
         <path>/Applications/ti/ccs1240/ccs/tools/compiler/ti-cgt-arm_20.2.7.LTS/lib/</path>
         <kind>archive</kind>
         <file>rtsv7M4_T_le_v4SPD16_eabi.lib</file>
         <name>errno.c.obj</name>
      </input_file>
      <input_file id="fl-f5">
         <path>/Applications/ti/ccs1240/ccs/tools/compiler/ti-cgt-arm_20.2.7.LTS/lib/</path>
         <kind>archive</kind>
         <file>rtsv7M4_T_le_v4SPD16_eabi.lib</file>
         <name>wcslen.c.obj</name>
      </input_file>
      <input_file id="fl-f6">
         <path>/Applications/ti/ccs1240/ccs/tools/compiler/ti-cgt-arm_20.2.7.LTS/lib/</path>
         <kind>archive</kind>
         <file>rtsv7M4_T_le_v4SPD16_eabi.lib</file>
         <name>s_frexp.c.obj</name>
      </input_file>
      <input_file id="fl-f7">
         <path>/Applications/ti/ccs1240/ccs/tools/compiler/ti-cgt-arm_20.2.7.LTS/lib/</path>
         <kind>archive</kind>
         <file>rtsv7M4_T_le_v4SPD16_eabi.lib</file>
         <name>s_scalbn.c.obj</name>
      </input_file>
      <input_file id="fl-f8">
         <path>/Applications/ti/ccs1240/ccs/tools/compiler/ti-cgt-arm_20.2.7.LTS/lib/</path>
         <kind>archive</kind>
         <file>rtsv7M4_T_le_v4SPD16_eabi.lib</file>
         <name>fclose.c.obj</name>
      </input_file>
      <input_file id="fl-f9">
         <path>/Applications/ti/ccs1240/ccs/tools/compiler/ti-cgt-arm_20.2.7.LTS/lib/</path>
         <kind>archive</kind>
         <file>rtsv7M4_T_le_v4SPD16_eabi.lib</file>
         <name>fflush.c.obj</name>
      </input_file>
      <input_file id="fl-fa">
         <path>/Applications/ti/ccs1240/ccs/tools/compiler/ti-cgt-arm_20.2.7.LTS/lib/</path>
         <kind>archive</kind>
         <file>rtsv7M4_T_le_v4SPD16_eabi.lib</file>
         <name>fseek.c.obj</name>
      </input_file>
      <input_file id="fl-fb">
         <path>/Applications/ti/ccs1240/ccs/tools/compiler/ti-cgt-arm_20.2.7.LTS/lib/</path>
         <kind>archive</kind>
         <file>rtsv7M4_T_le_v4SPD16_eabi.lib</file>
         <name>getdevice.c.obj</name>
      </input_file>
      <input_file id="fl-fc">
         <path>/Applications/ti/ccs1240/ccs/tools/compiler/ti-cgt-arm_20.2.7.LTS/lib/</path>
         <kind>archive</kind>
         <file>rtsv7M4_T_le_v4SPD16_eabi.lib</file>
         <name>div0.asm.obj</name>
      </input_file>
      <input_file id="fl-fd">
         <path>/Applications/ti/ccs1240/ccs/tools/compiler/ti-cgt-arm_20.2.7.LTS/lib/</path>
         <kind>archive</kind>
         <file>rtsv7M4_T_le_v4SPD16_eabi.lib</file>
         <name>autoinit.c.obj</name>
      </input_file>
      <input_file id="fl-fe">
         <path>/Applications/ti/ccs1240/ccs/tools/compiler/ti-cgt-arm_20.2.7.LTS/lib/</path>
         <kind>archive</kind>
         <file>rtsv7M4_T_le_v4SPD16_eabi.lib</file>
         <name>pre_init.c.obj</name>
      </input_file>
      <input_file id="fl-ff">
         <path>/Applications/ti/ccs1240/ccs/tools/compiler/ti-cgt-arm_20.2.7.LTS/lib/</path>
         <kind>archive</kind>
         <file>rtsv7M4_T_le_v4SPD16_eabi.lib</file>
         <name>cpy_tbl.c.obj</name>
      </input_file>
      <input_file id="fl-100">
         <path>/Applications/ti/ccs1240/ccs/tools/compiler/ti-cgt-arm_20.2.7.LTS/lib/</path>
         <kind>archive</kind>
         <file>rtsv7M4_T_le_v4SPD16_eabi.lib</file>
         <name>args_main.c.obj</name>
      </input_file>
      <input_file id="fl-101">
         <path>/Applications/ti/ccs1240/ccs/tools/compiler/ti-cgt-arm_20.2.7.LTS/lib/</path>
         <kind>archive</kind>
         <file>rtsv7M4_T_le_v4SPD16_eabi.lib</file>
         <name>strcmp.c.obj</name>
      </input_file>
      <input_file id="fl-102">
         <path>/Applications/ti/ccs1240/ccs/tools/compiler/ti-cgt-arm_20.2.7.LTS/lib/</path>
         <kind>archive</kind>
         <file>rtsv7M4_T_le_v4SPD16_eabi.lib</file>
         <name>strncpy.c.obj</name>
      </input_file>
      <input_file id="fl-103">
         <path>/Applications/ti/ccs1240/ccs/tools/compiler/ti-cgt-arm_20.2.7.LTS/lib/</path>
         <kind>archive</kind>
         <file>rtsv7M4_T_le_v4SPD16_eabi.lib</file>
         <name>hostclose.c.obj</name>
      </input_file>
      <input_file id="fl-104">
         <path>/Applications/ti/ccs1240/ccs/tools/compiler/ti-cgt-arm_20.2.7.LTS/lib/</path>
         <kind>archive</kind>
         <file>rtsv7M4_T_le_v4SPD16_eabi.lib</file>
         <name>hostlseek.c.obj</name>
      </input_file>
      <input_file id="fl-105">
         <path>/Applications/ti/ccs1240/ccs/tools/compiler/ti-cgt-arm_20.2.7.LTS/lib/</path>
         <kind>archive</kind>
         <file>rtsv7M4_T_le_v4SPD16_eabi.lib</file>
         <name>hostopen.c.obj</name>
      </input_file>
      <input_file id="fl-106">
         <path>/Applications/ti/ccs1240/ccs/tools/compiler/ti-cgt-arm_20.2.7.LTS/lib/</path>
         <kind>archive</kind>
         <file>rtsv7M4_T_le_v4SPD16_eabi.lib</file>
         <name>hostread.c.obj</name>
      </input_file>
      <input_file id="fl-107">
         <path>/Applications/ti/ccs1240/ccs/tools/compiler/ti-cgt-arm_20.2.7.LTS/lib/</path>
         <kind>archive</kind>
         <file>rtsv7M4_T_le_v4SPD16_eabi.lib</file>
         <name>hostrename.c.obj</name>
      </input_file>
      <input_file id="fl-108">
         <path>/Applications/ti/ccs1240/ccs/tools/compiler/ti-cgt-arm_20.2.7.LTS/lib/</path>
         <kind>archive</kind>
         <file>rtsv7M4_T_le_v4SPD16_eabi.lib</file>
         <name>hostunlink.c.obj</name>
      </input_file>
      <input_file id="fl-109">
         <path>/Applications/ti/ccs1240/ccs/tools/compiler/ti-cgt-arm_20.2.7.LTS/lib/</path>
         <kind>archive</kind>
         <file>rtsv7M4_T_le_v4SPD16_eabi.lib</file>
         <name>hostwrite.c.obj</name>
      </input_file>
      <input_file id="fl-10a">
         <path>/Applications/ti/ccs1240/ccs/tools/compiler/ti-cgt-arm_20.2.7.LTS/lib/</path>
         <kind>archive</kind>
         <file>rtsv7M4_T_le_v4SPD16_eabi.lib</file>
         <name>trgmsg.c.obj</name>
      </input_file>
      <input_file id="fl-10b">
         <path>/Applications/ti/ccs1240/ccs/tools/compiler/ti-cgt-arm_20.2.7.LTS/lib/</path>
         <kind>archive</kind>
         <file>rtsv7M4_T_le_v4SPD16_eabi.lib</file>
         <name>remove.c.obj</name>
      </input_file>
      <input_file id="fl-10c">
         <path>/Applications/ti/ccs1240/ccs/tools/compiler/ti-cgt-arm_20.2.7.LTS/lib/</path>
         <kind>archive</kind>
         <file>rtsv7M4_T_le_v4SPD16_eabi.lib</file>
         <name>lseek.c.obj</name>
      </input_file>
      <input_file id="fl-10d">
         <path>/Applications/ti/ccs1240/ccs/tools/compiler/ti-cgt-arm_20.2.7.LTS/lib/</path>
         <kind>archive</kind>
         <file>rtsv7M4_T_le_v4SPD16_eabi.lib</file>
         <name>close.c.obj</name>
      </input_file>
      <input_file id="fl-10e">
         <path>/Applications/ti/ccs1240/ccs/tools/compiler/ti-cgt-arm_20.2.7.LTS/lib/</path>
         <kind>archive</kind>
         <file>rtsv7M4_T_le_v4SPD16_eabi.lib</file>
         <name>s_copysign.c.obj</name>
      </input_file>
      <input_file id="fl-10f">
         <path>/Applications/ti/ccs1240/ccs/tools/compiler/ti-cgt-arm_20.2.7.LTS/lib/</path>
         <kind>archive</kind>
         <file>rtsv7M4_T_le_v4SPD16_eabi.lib</file>
         <name>strcpy.c.obj</name>
      </input_file>
      <input_file id="fl-110">
         <path>/Applications/ti/ccs1240/ccs/tools/compiler/ti-cgt-arm_20.2.7.LTS/lib/</path>
         <kind>archive</kind>
         <file>rtsv7M4_T_le_v4SPD16_eabi.lib</file>
         <name>unlink.c.obj</name>
      </input_file>
   </input_file_list>
   <object_component_list>
      <object_component id="oc-26">
         <name>.intvecs:retain</name>
         <load_address>0x0</load_address>
         <run_address>0x0</run_address>
         <size>0xe4</size>
         <input_file_ref idref="fl-3"/>
      </object_component>
      <object_component id="oc-e3">
         <name>.text</name>
         <load_address>0xe4</load_address>
         <run_address>0xe4</run_address>
         <size>0xd0c</size>
         <input_file_ref idref="fl-10"/>
      </object_component>
      <object_component id="oc-21b">
         <name>.text:__TI_printfi</name>
         <load_address>0xdf0</load_address>
         <run_address>0xdf0</run_address>
         <size>0xa4e</size>
         <input_file_ref idref="fl-cc"/>
      </object_component>
      <object_component id="oc-70">
         <name>.text:Default_Handler</name>
         <load_address>0x183e</load_address>
         <run_address>0x183e</run_address>
         <size>0x2</size>
         <input_file_ref idref="fl-3"/>
      </object_component>
      <object_component id="oc-353">
         <name>.text:_pconv_a</name>
         <load_address>0x1840</load_address>
         <run_address>0x1840</run_address>
         <size>0x270</size>
         <input_file_ref idref="fl-cc"/>
      </object_component>
      <object_component id="oc-f5">
         <name>.text:ControlSystem</name>
         <load_address>0x1ab0</load_address>
         <run_address>0x1ab0</run_address>
         <size>0x1f4</size>
         <input_file_ref idref="fl-1"/>
      </object_component>
      <object_component id="oc-341">
         <name>.text:_pconv_g</name>
         <load_address>0x1ca4</load_address>
         <run_address>0x1ca4</run_address>
         <size>0x1d0</size>
         <input_file_ref idref="fl-cc"/>
      </object_component>
      <object_component id="oc-1ce">
         <name>.text</name>
         <load_address>0x1e74</load_address>
         <run_address>0x1e74</run_address>
         <size>0x1b6</size>
         <input_file_ref idref="fl-d4"/>
      </object_component>
      <object_component id="oc-377">
         <name>.text:_nop</name>
         <load_address>0x202a</load_address>
         <run_address>0x202a</run_address>
         <size>0x2</size>
         <input_file_ref idref="fl-e4"/>
      </object_component>
      <object_component id="oc-2e7">
         <name>.text:privateTimer_AProcessClockSourceDivider</name>
         <load_address>0x202c</load_address>
         <run_address>0x202c</run_address>
         <size>0x144</size>
         <input_file_ref idref="fl-13"/>
      </object_component>
      <object_component id="oc-34d">
         <name>.text:_pconv_e</name>
         <load_address>0x2170</load_address>
         <run_address>0x2170</run_address>
         <size>0x13c</size>
         <input_file_ref idref="fl-cc"/>
      </object_component>
      <object_component id="oc-1c4">
         <name>.text</name>
         <load_address>0x22ac</load_address>
         <run_address>0x22ac</run_address>
         <size>0x136</size>
         <input_file_ref idref="fl-d6"/>
      </object_component>
      <object_component id="oc-559">
         <name>.text</name>
         <load_address>0x23e2</load_address>
         <run_address>0x23e2</run_address>
         <size>0x2</size>
         <input_file_ref idref="fl-fc"/>
      </object_component>
      <object_component id="oc-468">
         <name>.text:fcvt</name>
         <load_address>0x23e4</load_address>
         <run_address>0x23e4</run_address>
         <size>0x124</size>
         <input_file_ref idref="fl-cc"/>
      </object_component>
      <object_component id="oc-3f8">
         <name>.text:UART_initModule</name>
         <load_address>0x2508</load_address>
         <run_address>0x2508</run_address>
         <size>0x11c</size>
         <input_file_ref idref="fl-14"/>
      </object_component>
      <object_component id="oc-385">
         <name>.text:fputs</name>
         <load_address>0x2624</load_address>
         <run_address>0x2624</run_address>
         <size>0x114</size>
         <input_file_ref idref="fl-d0"/>
      </object_component>
      <object_component id="oc-3cb">
         <name>.text:_openfile</name>
         <load_address>0x2738</load_address>
         <run_address>0x2738</run_address>
         <size>0x110</size>
         <input_file_ref idref="fl-ce"/>
      </object_component>
      <object_component id="oc-47c">
         <name>.text:scalbn</name>
         <load_address>0x2848</load_address>
         <run_address>0x2848</run_address>
         <size>0x110</size>
         <input_file_ref idref="fl-f7"/>
      </object_component>
      <object_component id="oc-538">
         <name>.text:aligned_alloc</name>
         <load_address>0x2958</load_address>
         <run_address>0x2958</run_address>
         <size>0x100</size>
         <input_file_ref idref="fl-eb"/>
      </object_component>
      <object_component id="oc-1c9">
         <name>.text</name>
         <load_address>0x2a58</load_address>
         <run_address>0x2a58</run_address>
         <size>0xfc</size>
         <input_file_ref idref="fl-d7"/>
      </object_component>
      <object_component id="oc-3d3">
         <name>.text:free</name>
         <load_address>0x2b54</load_address>
         <run_address>0x2b54</run_address>
         <size>0xe4</size>
         <input_file_ref idref="fl-eb"/>
      </object_component>
      <object_component id="oc-289">
         <name>.text:setvbuf</name>
         <load_address>0x2c38</load_address>
         <run_address>0x2c38</run_address>
         <size>0xdc</size>
         <input_file_ref idref="fl-d3"/>
      </object_component>
      <object_component id="oc-17f">
         <name>.text:Timer_A_registerInterrupt</name>
         <load_address>0x2d14</load_address>
         <run_address>0x2d14</run_address>
         <size>0xd2</size>
         <input_file_ref idref="fl-13"/>
      </object_component>
      <object_component id="oc-522">
         <name>.text:open</name>
         <load_address>0x2de8</load_address>
         <run_address>0x2de8</run_address>
         <size>0xbc</size>
         <input_file_ref idref="fl-f2"/>
      </object_component>
      <object_component id="oc-27d">
         <name>.text:add_device</name>
         <load_address>0x2ea4</load_address>
         <run_address>0x2ea4</run_address>
         <size>0xb8</size>
         <input_file_ref idref="fl-f3"/>
      </object_component>
      <object_component id="oc-336">
         <name>.text:_ltostr</name>
         <load_address>0x2f5c</load_address>
         <run_address>0x2f5c</run_address>
         <size>0xb1</size>
         <input_file_ref idref="fl-cc"/>
      </object_component>
      <object_component id="oc-148">
         <name>.text:init_motor_PWM</name>
         <load_address>0x3010</load_address>
         <run_address>0x3010</run_address>
         <size>0xac</size>
         <input_file_ref idref="fl-2"/>
      </object_component>
      <object_component id="oc-142">
         <name>.text:init_std_uart</name>
         <load_address>0x30bc</load_address>
         <run_address>0x30bc</run_address>
         <size>0x9c</size>
         <input_file_ref idref="fl-2"/>
      </object_component>
      <object_component id="oc-3a">
         <name>.text</name>
         <load_address>0x3158</load_address>
         <run_address>0x3158</run_address>
         <size>0x9c</size>
         <input_file_ref idref="fl-dc"/>
      </object_component>
      <object_component id="oc-b2">
         <name>.text:SystemInit</name>
         <load_address>0x31f4</load_address>
         <run_address>0x31f4</run_address>
         <size>0x98</size>
         <input_file_ref idref="fl-4"/>
      </object_component>
      <object_component id="oc-449">
         <name>.text</name>
         <load_address>0x328c</load_address>
         <run_address>0x328c</run_address>
         <size>0x96</size>
         <input_file_ref idref="fl-df"/>
      </object_component>
      <object_component id="oc-38c">
         <name>.text:fputc</name>
         <load_address>0x3324</load_address>
         <run_address>0x3324</run_address>
         <size>0x8c</size>
         <input_file_ref idref="fl-cf"/>
      </object_component>
      <object_component id="oc-15b">
         <name>.text:GPIO_setAsPeripheralModuleFunctionInputPin</name>
         <load_address>0x33b0</load_address>
         <run_address>0x33b0</run_address>
         <size>0x88</size>
         <input_file_ref idref="fl-11"/>
      </object_component>
      <object_component id="oc-155">
         <name>.text:GPIO_setAsPeripheralModuleFunctionOutputPin</name>
         <load_address>0x3438</load_address>
         <run_address>0x3438</run_address>
         <size>0x88</size>
         <input_file_ref idref="fl-11"/>
      </object_component>
      <object_component id="oc-33c">
         <name>.text:__aeabi_cdcmple</name>
         <load_address>0x34c0</load_address>
         <run_address>0x34c0</run_address>
         <size>0x86</size>
         <input_file_ref idref="fl-d5"/>
      </object_component>
      <object_component id="oc-450">
         <name>.text:__aeabi_cdrcmple</name>
         <load_address>0x3546</load_address>
         <run_address>0x3546</run_address>
         <size>0x86</size>
         <input_file_ref idref="fl-d5"/>
      </object_component>
      <object_component id="oc-2f8">
         <name>.text:Interrupt_enableInterrupt</name>
         <load_address>0x35cc</load_address>
         <run_address>0x35cc</run_address>
         <size>0x80</size>
         <input_file_ref idref="fl-12"/>
      </object_component>
      <object_component id="oc-2b0">
         <name>.text:dopen</name>
         <load_address>0x364c</load_address>
         <run_address>0x364c</run_address>
         <size>0x80</size>
         <input_file_ref idref="fl-2"/>
      </object_component>
      <object_component id="oc-94">
         <name>.text</name>
         <load_address>0x36cc</load_address>
         <run_address>0x36cc</run_address>
         <size>0x7a</size>
         <input_file_ref idref="fl-de"/>
      </object_component>
      <object_component id="oc-3c5">
         <name>.text:__TI_closefile</name>
         <load_address>0x3748</load_address>
         <run_address>0x3748</run_address>
         <size>0x74</size>
         <input_file_ref idref="fl-f8"/>
      </object_component>
      <object_component id="oc-5e0">
         <name>.text:split</name>
         <load_address>0x37bc</load_address>
         <run_address>0x37bc</run_address>
         <size>0x70</size>
         <input_file_ref idref="fl-eb"/>
      </object_component>
      <object_component id="oc-461">
         <name>.text:_mcpy</name>
         <load_address>0x382c</load_address>
         <run_address>0x382c</run_address>
         <size>0x6e</size>
         <input_file_ref idref="fl-cc"/>
      </object_component>
      <object_component id="oc-1d3">
         <name>.text</name>
         <load_address>0x389a</load_address>
         <run_address>0x389a</run_address>
         <size>0x6e</size>
         <input_file_ref idref="fl-d9"/>
      </object_component>
      <object_component id="oc-503">
         <name>.text:HOSTrename</name>
         <load_address>0x3908</load_address>
         <run_address>0x3908</run_address>
         <size>0x6c</size>
         <input_file_ref idref="fl-107"/>
      </object_component>
      <object_component id="oc-4f7">
         <name>.text:HOSTlseek</name>
         <load_address>0x3974</load_address>
         <run_address>0x3974</run_address>
         <size>0x68</size>
         <input_file_ref idref="fl-104"/>
      </object_component>
      <object_component id="oc-167">
         <name>.text:Timer_A_configureUpMode</name>
         <load_address>0x39dc</load_address>
         <run_address>0x39dc</run_address>
         <size>0x68</size>
         <input_file_ref idref="fl-13"/>
      </object_component>
      <object_component id="oc-17">
         <name>.text:decompress:lzss:__TI_decompress_lzss</name>
         <load_address>0x3a44</load_address>
         <run_address>0x3a44</run_address>
         <size>0x68</size>
         <input_file_ref idref="fl-e2"/>
      </object_component>
      <object_component id="oc-ef">
         <name>.text:printf</name>
         <load_address>0x3aac</load_address>
         <run_address>0x3aac</run_address>
         <size>0x68</size>
         <input_file_ref idref="fl-cb"/>
      </object_component>
      <object_component id="oc-476">
         <name>.text:frexp</name>
         <load_address>0x3b14</load_address>
         <run_address>0x3b14</run_address>
         <size>0x64</size>
         <input_file_ref idref="fl-f6"/>
      </object_component>
      <object_component id="oc-589">
         <name>.text:fseek</name>
         <load_address>0x3b78</load_address>
         <run_address>0x3b78</run_address>
         <size>0x64</size>
         <input_file_ref idref="fl-fa"/>
      </object_component>
      <object_component id="oc-4ad">
         <name>.text:__TI_wrt_ok</name>
         <load_address>0x3bdc</load_address>
         <run_address>0x3bdc</run_address>
         <size>0x62</size>
         <input_file_ref idref="fl-d2"/>
      </object_component>
      <object_component id="oc-4df">
         <name>.text:HOSTopen</name>
         <load_address>0x3c40</load_address>
         <run_address>0x3c40</run_address>
         <size>0x60</size>
         <input_file_ref idref="fl-105"/>
      </object_component>
      <object_component id="oc-2f2">
         <name>.text:Interrupt_registerInterrupt</name>
         <load_address>0x3ca0</load_address>
         <run_address>0x3ca0</run_address>
         <size>0x5c</size>
         <input_file_ref idref="fl-12"/>
      </object_component>
      <object_component id="oc-513">
         <name>.text:close</name>
         <load_address>0x3cfc</load_address>
         <run_address>0x3cfc</run_address>
         <size>0x5c</size>
         <input_file_ref idref="fl-10d"/>
      </object_component>
      <object_component id="oc-214">
         <name>.text:GPIO_setAsInputPinWithPullUpResistor</name>
         <load_address>0x3d58</load_address>
         <run_address>0x3d58</run_address>
         <size>0x58</size>
         <input_file_ref idref="fl-11"/>
      </object_component>
      <object_component id="oc-4eb">
         <name>.text:HOSTread</name>
         <load_address>0x3db0</load_address>
         <run_address>0x3db0</run_address>
         <size>0x58</size>
         <input_file_ref idref="fl-106"/>
      </object_component>
      <object_component id="oc-4f1">
         <name>.text:HOSTwrite</name>
         <load_address>0x3e08</load_address>
         <run_address>0x3e08</run_address>
         <size>0x58</size>
         <input_file_ref idref="fl-109"/>
      </object_component>
      <object_component id="oc-179">
         <name>.text:Timer_A_initCapture</name>
         <load_address>0x3e60</load_address>
         <run_address>0x3e60</run_address>
         <size>0x58</size>
         <input_file_ref idref="fl-13"/>
      </object_component>
      <object_component id="oc-347">
         <name>.text:_pconv_f</name>
         <load_address>0x3eb8</load_address>
         <run_address>0x3eb8</run_address>
         <size>0x56</size>
         <input_file_ref idref="fl-cc"/>
      </object_component>
      <object_component id="oc-185">
         <name>.text:Interrupt_setPriority</name>
         <load_address>0x3f10</load_address>
         <run_address>0x3f10</run_address>
         <size>0x54</size>
         <input_file_ref idref="fl-12"/>
      </object_component>
      <object_component id="oc-455">
         <name>.text:__TI_ltoa</name>
         <load_address>0x3f64</load_address>
         <run_address>0x3f64</run_address>
         <size>0x54</size>
         <input_file_ref idref="fl-e5"/>
      </object_component>
      <object_component id="oc-292">
         <name>.text:dread</name>
         <load_address>0x3fb8</load_address>
         <run_address>0x3fb8</run_address>
         <size>0x54</size>
         <input_file_ref idref="fl-2"/>
      </object_component>
      <object_component id="oc-45b">
         <name>.text:_ecpy</name>
         <load_address>0x400c</load_address>
         <run_address>0x400c</run_address>
         <size>0x52</size>
         <input_file_ref idref="fl-cc"/>
      </object_component>
      <object_component id="oc-16d">
         <name>.text:Timer_A_initCompare</name>
         <load_address>0x405e</load_address>
         <run_address>0x405e</run_address>
         <size>0x4e</size>
         <input_file_ref idref="fl-13"/>
      </object_component>
      <object_component id="oc-208">
         <name>.text:GPIO_setAsInputPin</name>
         <load_address>0x40ac</load_address>
         <run_address>0x40ac</run_address>
         <size>0x4c</size>
         <input_file_ref idref="fl-11"/>
      </object_component>
      <object_component id="oc-4b9">
         <name>.text:__TI_doflush</name>
         <load_address>0x40f8</load_address>
         <run_address>0x40f8</run_address>
         <size>0x4c</size>
         <input_file_ref idref="fl-f9"/>
      </object_component>
      <object_component id="oc-330">
         <name>.text:atoi</name>
         <load_address>0x4144</load_address>
         <run_address>0x4144</run_address>
         <size>0x4c</size>
         <input_file_ref idref="fl-e6"/>
      </object_component>
      <object_component id="oc-298">
         <name>.text:dwrite</name>
         <load_address>0x4190</load_address>
         <run_address>0x4190</run_address>
         <size>0x48</size>
         <input_file_ref idref="fl-2"/>
      </object_component>
      <object_component id="oc-102">
         <name>.text:exit</name>
         <load_address>0x41d8</load_address>
         <run_address>0x41d8</run_address>
         <size>0x48</size>
         <input_file_ref idref="fl-e3"/>
      </object_component>
      <object_component id="oc-2c3">
         <name>.text</name>
         <load_address>0x4220</load_address>
         <run_address>0x4220</run_address>
         <size>0x48</size>
         <input_file_ref idref="fl-d8"/>
      </object_component>
      <object_component id="oc-a0">
         <name>.text:main</name>
         <load_address>0x4268</load_address>
         <run_address>0x4268</run_address>
         <size>0x47</size>
         <input_file_ref idref="fl-1"/>
      </object_component>
      <object_component id="oc-4e5">
         <name>.text:HOSTclose</name>
         <load_address>0x42b0</load_address>
         <run_address>0x42b0</run_address>
         <size>0x44</size>
         <input_file_ref idref="fl-103"/>
      </object_component>
      <object_component id="oc-4fd">
         <name>.text:HOSTunlink</name>
         <load_address>0x42f4</load_address>
         <run_address>0x42f4</run_address>
         <size>0x44</size>
         <input_file_ref idref="fl-108"/>
      </object_component>
      <object_component id="oc-108">
         <name>.text:__TI_auto_init_nobinit_nopinit:__TI_auto_init_nobinit_nopinit</name>
         <load_address>0x4338</load_address>
         <run_address>0x4338</run_address>
         <size>0x44</size>
         <input_file_ref idref="fl-fd"/>
      </object_component>
      <object_component id="oc-5ce">
         <name>.text:getdevice</name>
         <load_address>0x437c</load_address>
         <run_address>0x437c</run_address>
         <size>0x44</size>
         <input_file_ref idref="fl-fb"/>
      </object_component>
      <object_component id="oc-e9">
         <name>.text:GPIOInit</name>
         <load_address>0x43c0</load_address>
         <run_address>0x43c0</run_address>
         <size>0x40</size>
         <input_file_ref idref="fl-1"/>
      </object_component>
      <object_component id="oc-20e">
         <name>.text:GPIO_setAsOutputPin</name>
         <load_address>0x4400</load_address>
         <run_address>0x4400</run_address>
         <size>0x40</size>
         <input_file_ref idref="fl-11"/>
      </object_component>
      <object_component id="oc-46e">
         <name>.text:_fcpy</name>
         <load_address>0x4440</load_address>
         <run_address>0x4440</run_address>
         <size>0x3e</size>
         <input_file_ref idref="fl-cc"/>
      </object_component>
      <object_component id="oc-198">
         <name>.text:Timer_A_getCaptureCompareEnabledInterruptStatus</name>
         <load_address>0x4480</load_address>
         <run_address>0x4480</run_address>
         <size>0x38</size>
         <input_file_ref idref="fl-13"/>
      </object_component>
      <object_component id="oc-5a3">
         <name>.text:__TI_writemsg</name>
         <load_address>0x44b8</load_address>
         <run_address>0x44b8</run_address>
         <size>0x38</size>
         <input_file_ref idref="fl-10a"/>
      </object_component>
      <object_component id="oc-1ba">
         <name>.text</name>
         <load_address>0x44f0</load_address>
         <run_address>0x44f0</run_address>
         <size>0x38</size>
         <input_file_ref idref="fl-da"/>
      </object_component>
      <object_component id="oc-3b9">
         <name>.text:strncpy</name>
         <load_address>0x4528</load_address>
         <run_address>0x4528</run_address>
         <size>0x36</size>
         <input_file_ref idref="fl-102"/>
      </object_component>
      <object_component id="oc-173">
         <name>.text:Timer_A_configureContinuousMode</name>
         <load_address>0x4560</load_address>
         <run_address>0x4560</run_address>
         <size>0x34</size>
         <input_file_ref idref="fl-13"/>
      </object_component>
      <object_component id="oc-3df">
         <name>.text:__TI_cleanup</name>
         <load_address>0x4594</load_address>
         <run_address>0x4594</run_address>
         <size>0x34</size>
         <input_file_ref idref="fl-ce"/>
      </object_component>
      <object_component id="oc-5a9">
         <name>.text:__TI_readmsg</name>
         <load_address>0x45c8</load_address>
         <run_address>0x45c8</run_address>
         <size>0x34</size>
         <input_file_ref idref="fl-10a"/>
      </object_component>
      <object_component id="oc-58">
         <name>.text:_c_int00_noargs:_c_int00_noargs</name>
         <load_address>0x45fc</load_address>
         <run_address>0x45fc</run_address>
         <size>0x34</size>
         <input_file_ref idref="fl-ee"/>
      </object_component>
      <object_component id="oc-283">
         <name>.text:freopen</name>
         <load_address>0x4630</load_address>
         <run_address>0x4630</run_address>
         <size>0x34</size>
         <input_file_ref idref="fl-ce"/>
      </object_component>
      <object_component id="oc-23a">
         <name>.text:GPIO_getInputPinValue</name>
         <load_address>0x4664</load_address>
         <run_address>0x4664</run_address>
         <size>0x30</size>
         <input_file_ref idref="fl-11"/>
      </object_component>
      <object_component id="oc-3b3">
         <name>.text:finddevice</name>
         <load_address>0x4694</load_address>
         <run_address>0x4694</run_address>
         <size>0x30</size>
         <input_file_ref idref="fl-fb"/>
      </object_component>
      <object_component id="oc-1bf">
         <name>.text</name>
         <load_address>0x46c4</load_address>
         <run_address>0x46c4</run_address>
         <size>0x2e</size>
         <input_file_ref idref="fl-db"/>
      </object_component>
      <object_component id="oc-19e">
         <name>.text:Timer_A_clearCaptureCompareInterrupt</name>
         <load_address>0x46f4</load_address>
         <run_address>0x46f4</run_address>
         <size>0x2c</size>
         <input_file_ref idref="fl-13"/>
      </object_component>
      <object_component id="oc-519">
         <name>.text:unlink</name>
         <load_address>0x4720</load_address>
         <run_address>0x4720</run_address>
         <size>0x2c</size>
         <input_file_ref idref="fl-110"/>
      </object_component>
      <object_component id="oc-1f5">
         <name>.text:GPIO_setOutputHighOnPin</name>
         <load_address>0x474c</load_address>
         <run_address>0x474c</run_address>
         <size>0x28</size>
         <input_file_ref idref="fl-11"/>
      </object_component>
      <object_component id="oc-1ef">
         <name>.text:GPIO_setOutputLowOnPin</name>
         <load_address>0x4774</load_address>
         <run_address>0x4774</run_address>
         <size>0x28</size>
         <input_file_ref idref="fl-11"/>
      </object_component>
      <object_component id="oc-240">
         <name>.text:GPIO_toggleOutputOnPin</name>
         <load_address>0x479c</load_address>
         <run_address>0x479c</run_address>
         <size>0x28</size>
         <input_file_ref idref="fl-11"/>
      </object_component>
      <object_component id="oc-310">
         <name>.text:Timer_A_getCaptureCompareInterruptStatus</name>
         <load_address>0x47c4</load_address>
         <run_address>0x47c4</run_address>
         <size>0x28</size>
         <input_file_ref idref="fl-13"/>
      </object_component>
      <object_component id="oc-1dc">
         <name>.text:Timer_A_setCompareValue</name>
         <load_address>0x47ec</load_address>
         <run_address>0x47ec</run_address>
         <size>0x28</size>
         <input_file_ref idref="fl-13"/>
      </object_component>
      <object_component id="oc-531">
         <name>.text:free_list_insert</name>
         <load_address>0x4814</load_address>
         <run_address>0x4814</run_address>
         <size>0x28</size>
         <input_file_ref idref="fl-eb"/>
      </object_component>
      <object_component id="oc-603">
         <name>.text:lseek</name>
         <load_address>0x483c</load_address>
         <run_address>0x483c</run_address>
         <size>0x28</size>
         <input_file_ref idref="fl-10c"/>
      </object_component>
      <object_component id="oc-4bf">
         <name>.text:write</name>
         <load_address>0x4864</load_address>
         <run_address>0x4864</run_address>
         <size>0x28</size>
         <input_file_ref idref="fl-ef"/>
      </object_component>
      <object_component id="oc-1a4">
         <name>.text:Timer_A_getCaptureCompareCount</name>
         <load_address>0x488c</load_address>
         <run_address>0x488c</run_address>
         <size>0x22</size>
         <input_file_ref idref="fl-13"/>
      </object_component>
      <object_component id="oc-4b3">
         <name>.text:memchr</name>
         <load_address>0x48ae</load_address>
         <run_address>0x48ae</run_address>
         <size>0x20</size>
         <input_file_ref idref="fl-ea"/>
      </object_component>
      <object_component id="oc-2be">
         <name>.text</name>
         <load_address>0x48ce</load_address>
         <run_address>0x48ce</run_address>
         <size>0x20</size>
         <input_file_ref idref="fl-dd"/>
      </object_component>
      <object_component id="oc-2b6">
         <name>.text:dclose</name>
         <load_address>0x48f0</load_address>
         <run_address>0x48f0</run_address>
         <size>0x1c</size>
         <input_file_ref idref="fl-2"/>
      </object_component>
      <object_component id="oc-46">
         <name>.text:decompress:ZI:__TI_zero_init_nomemset:__TI_zero_init_nomemset</name>
         <load_address>0x490c</load_address>
         <run_address>0x490c</run_address>
         <size>0x1c</size>
         <input_file_ref idref="fl-e0"/>
      </object_component>
      <object_component id="oc-52b">
         <name>.text:free_list_remove</name>
         <load_address>0x4928</load_address>
         <run_address>0x4928</run_address>
         <size>0x1c</size>
         <input_file_ref idref="fl-eb"/>
      </object_component>
      <object_component id="oc-359">
         <name>.text:memccpy</name>
         <load_address>0x4944</load_address>
         <run_address>0x4944</run_address>
         <size>0x1c</size>
         <input_file_ref idref="fl-e9"/>
      </object_component>
      <object_component id="oc-56d">
         <name>.text:copysign</name>
         <load_address>0x4960</load_address>
         <run_address>0x4960</run_address>
         <size>0x1a</size>
         <input_file_ref idref="fl-10e"/>
      </object_component>
      <object_component id="oc-18c">
         <name>.text:Timer_A_getEnabledInterruptStatus</name>
         <load_address>0x497a</load_address>
         <run_address>0x497a</run_address>
         <size>0x18</size>
         <input_file_ref idref="fl-13"/>
      </object_component>
      <object_component id="oc-4d5">
         <name>.text:strcmp</name>
         <load_address>0x4992</load_address>
         <run_address>0x4992</run_address>
         <size>0x18</size>
         <input_file_ref idref="fl-101"/>
      </object_component>
      <object_component id="oc-192">
         <name>.text:Timer_A_clearInterruptFlag</name>
         <load_address>0x49aa</load_address>
         <run_address>0x49aa</run_address>
         <size>0x16</size>
         <input_file_ref idref="fl-13"/>
      </object_component>
      <object_component id="oc-14f">
         <name>.text:Timer_A_startCounter</name>
         <load_address>0x49c0</load_address>
         <run_address>0x49c0</run_address>
         <size>0x16</size>
         <input_file_ref idref="fl-13"/>
      </object_component>
      <object_component id="oc-482">
         <name>.text:strchr</name>
         <load_address>0x49d6</load_address>
         <run_address>0x49d6</run_address>
         <size>0x16</size>
         <input_file_ref idref="fl-ec"/>
      </object_component>
      <object_component id="oc-1e9">
         <name>.text:Timer_A_stopTimer</name>
         <load_address>0x49ec</load_address>
         <run_address>0x49ec</run_address>
         <size>0x14</size>
         <input_file_ref idref="fl-13"/>
      </object_component>
      <object_component id="oc-5bd">
         <name>.text:strcpy</name>
         <load_address>0x4a00</load_address>
         <run_address>0x4a00</run_address>
         <size>0x14</size>
         <input_file_ref idref="fl-10f"/>
      </object_component>
      <object_component id="oc-32a">
         <name>.text:strlen</name>
         <load_address>0x4a14</load_address>
         <run_address>0x4a14</run_address>
         <size>0x14</size>
         <input_file_ref idref="fl-ed"/>
      </object_component>
      <object_component id="oc-308">
         <name>.text:Timer_A_getInterruptStatus</name>
         <load_address>0x4a28</load_address>
         <run_address>0x4a28</run_address>
         <size>0x12</size>
         <input_file_ref idref="fl-13"/>
      </object_component>
      <object_component id="oc-29e">
         <name>.text:dlseek</name>
         <load_address>0x4a3a</load_address>
         <run_address>0x4a3a</run_address>
         <size>0x12</size>
         <input_file_ref idref="fl-2"/>
      </object_component>
      <object_component id="oc-35f">
         <name>.text:wcslen</name>
         <load_address>0x4a4c</load_address>
         <run_address>0x4a4c</run_address>
         <size>0x12</size>
         <input_file_ref idref="fl-f5"/>
      </object_component>
      <object_component id="oc-2aa">
         <name>.text:drename</name>
         <load_address>0x4a5e</load_address>
         <run_address>0x4a5e</run_address>
         <size>0x10</size>
         <input_file_ref idref="fl-2"/>
      </object_component>
      <object_component id="oc-1d">
         <name>.text:decompress:none:__TI_decompress_none</name>
         <load_address>0x4a6e</load_address>
         <run_address>0x4a6e</run_address>
         <size>0xe</size>
         <input_file_ref idref="fl-e1"/>
      </object_component>
      <object_component id="oc-2a4">
         <name>.text:dunlink</name>
         <load_address>0x4a7c</load_address>
         <run_address>0x4a7c</run_address>
         <size>0xe</size>
         <input_file_ref idref="fl-2"/>
      </object_component>
      <object_component id="oc-6a">
         <name>.text:Reset_Handler</name>
         <load_address>0x4a8a</load_address>
         <run_address>0x4a8a</run_address>
         <size>0xc</size>
         <input_file_ref idref="fl-3"/>
      </object_component>
      <object_component id="oc-dd">
         <name>.text:SysInit</name>
         <load_address>0x4a96</load_address>
         <run_address>0x4a96</run_address>
         <size>0xc</size>
         <input_file_ref idref="fl-2"/>
      </object_component>
      <object_component id="oc-365">
         <name>.text:__aeabi_errno_addr</name>
         <load_address>0x4aa4</load_address>
         <run_address>0x4aa4</run_address>
         <size>0x8</size>
         <input_file_ref idref="fl-f4"/>
      </object_component>
      <object_component id="oc-3d9">
         <name>.text:malloc</name>
         <load_address>0x4aac</load_address>
         <run_address>0x4aac</run_address>
         <size>0x8</size>
         <input_file_ref idref="fl-eb"/>
      </object_component>
      <object_component id="oc-22d">
         <name>.text:_outc</name>
         <load_address>0x4ab4</load_address>
         <run_address>0x4ab4</run_address>
         <size>0x4</size>
         <input_file_ref idref="fl-cb"/>
      </object_component>
      <object_component id="oc-227">
         <name>.text:_outs</name>
         <load_address>0x4ab8</load_address>
         <run_address>0x4ab8</run_address>
         <size>0x4</size>
         <input_file_ref idref="fl-cb"/>
      </object_component>
      <object_component id="oc-9a">
         <name>.text:_system_pre_init</name>
         <load_address>0x4abc</load_address>
         <run_address>0x4abc</run_address>
         <size>0x4</size>
         <input_file_ref idref="fl-fe"/>
      </object_component>
      <object_component id="oc-fc">
         <name>.text:abort:abort</name>
         <load_address>0x4ac0</load_address>
         <run_address>0x4ac0</run_address>
         <size>0x4</size>
         <input_file_ref idref="fl-e3"/>
      </object_component>
      <object_component id="oc-444">
         <name>.const:.string:_ctypes_</name>
         <load_address>0x4ac4</load_address>
         <run_address>0x4ac4</run_address>
         <size>0x101</size>
         <input_file_ref idref="fl-e7"/>
      </object_component>
      <object_component id="oc-2ff">
         <name>.const:g_pulRegs</name>
         <load_address>0x4bc8</load_address>
         <run_address>0x4bc8</run_address>
         <size>0x50</size>
         <input_file_ref idref="fl-12"/>
      </object_component>
      <object_component id="oc-2d4">
         <name>.const:GPIO_PORT_TO_BASE</name>
         <load_address>0x4c18</load_address>
         <run_address>0x4c18</run_address>
         <size>0x30</size>
         <input_file_ref idref="fl-11"/>
      </object_component>
      <object_component id="oc-3fe">
         <name>.const:$P$T1$2</name>
         <load_address>0x4c48</load_address>
         <run_address>0x4c48</run_address>
         <size>0x28</size>
         <input_file_ref idref="fl-2"/>
      </object_component>
      <object_component id="oc-43a">
         <name>.const:g_pulEnRegs</name>
         <load_address>0x4c70</load_address>
         <run_address>0x4c70</run_address>
         <size>0x8</size>
         <input_file_ref idref="fl-12"/>
      </object_component>
      <object_component id="oc-28f">
         <name>.const:.string:$P$T0$1</name>
         <load_address>0x4c78</load_address>
         <run_address>0x4c78</run_address>
         <size>0x5</size>
         <input_file_ref idref="fl-2"/>
      </object_component>
      <object_component id="oc-673">
         <name>.cinit..data.load</name>
         <load_address>0x4c80</load_address>
         <run_address>0x4c80</run_address>
         <size>0x93</size>
      </object_component>
      <object_component id="oc-670">
         <name>__TI_handler_table</name>
         <load_address>0x4d14</load_address>
         <run_address>0x4d14</run_address>
         <size>0xc</size>
      </object_component>
      <object_component id="oc-674">
         <name>.cinit..bss.load</name>
         <load_address>0x4d20</load_address>
         <run_address>0x4d20</run_address>
         <size>0x8</size>
      </object_component>
      <object_component id="oc-672">
         <name>.cinit..vtable.load</name>
         <load_address>0x4d28</load_address>
         <run_address>0x4d28</run_address>
         <size>0x8</size>
      </object_component>
      <object_component id="oc-671">
         <name>__TI_cinit_table</name>
         <load_address>0x4d30</load_address>
         <run_address>0x4d30</run_address>
         <size>0x18</size>
      </object_component>
      <object_component id="oc-644">
         <name>.binit</name>
         <load_address>0x0</load_address>
         <run_address>0x0</run_address>
         <size>0x0</size>
      </object_component>
      <object_component id="oc-435">
         <name>.vtable</name>
         <uninitialized>true</uninitialized>
         <run_address>0x20000000</run_address>
         <size>0xe8</size>
         <input_file_ref idref="fl-12"/>
      </object_component>
      <object_component id="oc-161">
         <name>.data</name>
         <load_address>0x20000964</load_address>
         <run_address>0x20000964</run_address>
         <size>0x35</size>
         <input_file_ref idref="fl-10"/>
      </object_component>
      <object_component id="oc-1fc">
         <name>.data:error_sum_L_base</name>
         <load_address>0x2000099c</load_address>
         <run_address>0x2000099c</run_address>
         <size>0x14</size>
         <input_file_ref idref="fl-10"/>
      </object_component>
      <object_component id="oc-1ff">
         <name>.data:error_sum_R_base</name>
         <load_address>0x200009b0</load_address>
         <run_address>0x200009b0</run_address>
         <size>0x14</size>
         <input_file_ref idref="fl-10"/>
      </object_component>
      <object_component id="oc-250">
         <name>.data:$O1$$</name>
         <load_address>0x200009d4</load_address>
         <run_address>0x200009d4</run_address>
         <size>0xc</size>
         <input_file_ref idref="fl-e3"/>
      </object_component>
      <object_component id="oc-221">
         <name>.data:$O1$$</name>
         <load_address>0x200009e0</load_address>
         <run_address>0x200009e0</run_address>
         <size>0x8</size>
         <input_file_ref idref="fl-e4"/>
      </object_component>
      <object_component id="oc-224">
         <name>.data:_ftable</name>
         <load_address>0x200007ac</load_address>
         <run_address>0x200007ac</run_address>
         <size>0xf0</size>
         <input_file_ref idref="fl-e8"/>
      </object_component>
      <object_component id="oc-53f">
         <name>.data</name>
         <load_address>0x200009c4</load_address>
         <run_address>0x200009c4</run_address>
         <size>0x10</size>
         <input_file_ref idref="fl-e8"/>
      </object_component>
      <object_component id="oc-5db">
         <name>.data:$O1$$</name>
         <load_address>0x200009e8</load_address>
         <run_address>0x200009e8</run_address>
         <size>0x8</size>
         <input_file_ref idref="fl-eb"/>
      </object_component>
      <object_component id="oc-3c0">
         <name>.data:_device</name>
         <load_address>0x2000089c</load_address>
         <run_address>0x2000089c</run_address>
         <size>0x78</size>
         <input_file_ref idref="fl-f0"/>
      </object_component>
      <object_component id="oc-594">
         <name>.data:_stream</name>
         <load_address>0x20000914</load_address>
         <run_address>0x20000914</run_address>
         <size>0x50</size>
         <input_file_ref idref="fl-f0"/>
      </object_component>
      <object_component id="oc-5d8">
         <name>.data</name>
         <load_address>0x200009f8</load_address>
         <run_address>0x200009f8</run_address>
         <size>0x4</size>
         <input_file_ref idref="fl-f2"/>
      </object_component>
      <object_component id="oc-3bf">
         <name>.data</name>
         <load_address>0x200009f0</load_address>
         <run_address>0x200009f0</run_address>
         <size>0x4</size>
         <input_file_ref idref="fl-f3"/>
      </object_component>
      <object_component id="oc-492">
         <name>.data</name>
         <load_address>0x200009f4</load_address>
         <run_address>0x200009f4</run_address>
         <size>0x4</size>
         <input_file_ref idref="fl-f4"/>
      </object_component>
      <object_component id="oc-615">
         <name>.bss:_CIOBUF_</name>
         <uninitialized>true</uninitialized>
         <run_address>0x200004e8</run_address>
         <size>0x120</size>
         <input_file_ref idref="fl-10a"/>
      </object_component>
      <object_component id="oc-246">
         <name>.common:ss1</name>
         <uninitialized>true</uninitialized>
         <run_address>0x200007a9</run_address>
         <size>0x1</size>
      </object_component>
      <object_component id="oc-24d">
         <name>.common:pb1</name>
         <uninitialized>true</uninitialized>
         <run_address>0x200007a8</run_address>
         <size>0x1</size>
      </object_component>
      <object_component id="oc-247">
         <name>.common:bmp0</name>
         <uninitialized>true</uninitialized>
         <run_address>0x200007a2</run_address>
         <size>0x1</size>
      </object_component>
      <object_component id="oc-248">
         <name>.common:bmp1</name>
         <uninitialized>true</uninitialized>
         <run_address>0x200007a3</run_address>
         <size>0x1</size>
      </object_component>
      <object_component id="oc-249">
         <name>.common:bmp2</name>
         <uninitialized>true</uninitialized>
         <run_address>0x200007a4</run_address>
         <size>0x1</size>
      </object_component>
      <object_component id="oc-24a">
         <name>.common:bmp3</name>
         <uninitialized>true</uninitialized>
         <run_address>0x200007a5</run_address>
         <size>0x1</size>
      </object_component>
      <object_component id="oc-24b">
         <name>.common:bmp4</name>
         <uninitialized>true</uninitialized>
         <run_address>0x200007a6</run_address>
         <size>0x1</size>
      </object_component>
      <object_component id="oc-24c">
         <name>.common:bmp5</name>
         <uninitialized>true</uninitialized>
         <run_address>0x200007a7</run_address>
         <size>0x1</size>
      </object_component>
      <object_component id="oc-164">
         <name>.common:segments</name>
         <uninitialized>true</uninitialized>
         <run_address>0x200006a8</run_address>
         <size>0x34</size>
      </object_component>
      <object_component id="oc-1e2">
         <name>.common:distance_L</name>
         <uninitialized>true</uninitialized>
         <run_address>0x2000078c</run_address>
         <size>0x4</size>
      </object_component>
      <object_component id="oc-1e4">
         <name>.common:distance_R</name>
         <uninitialized>true</uninitialized>
         <run_address>0x20000790</run_address>
         <size>0x4</size>
      </object_component>
      <object_component id="oc-1e5">
         <name>.common:d_scale_R</name>
         <uninitialized>true</uninitialized>
         <run_address>0x20000788</run_address>
         <size>0x4</size>
      </object_component>
      <object_component id="oc-1e3">
         <name>.common:d_scale_L</name>
         <uninitialized>true</uninitialized>
         <run_address>0x20000784</run_address>
         <size>0x4</size>
      </object_component>
      <object_component id="oc-1d8">
         <name>.common:cmp_L_count</name>
         <uninitialized>true</uninitialized>
         <run_address>0x20000774</run_address>
         <size>0x4</size>
      </object_component>
      <object_component id="oc-1da">
         <name>.common:cmp_R_count</name>
         <uninitialized>true</uninitialized>
         <run_address>0x2000077c</run_address>
         <size>0x4</size>
      </object_component>
      <object_component id="oc-1ae">
         <name>.common:Tach_L_count</name>
         <uninitialized>true</uninitialized>
         <run_address>0x20000754</run_address>
         <size>0x4</size>
      </object_component>
      <object_component id="oc-1b1">
         <name>.common:Tach_L</name>
         <uninitialized>true</uninitialized>
         <run_address>0x2000074c</run_address>
         <size>0x4</size>
      </object_component>
      <object_component id="oc-1b3">
         <name>.common:Tach_L_sum</name>
         <uninitialized>true</uninitialized>
         <run_address>0x20000758</run_address>
         <size>0x4</size>
      </object_component>
      <object_component id="oc-1b2">
         <name>.common:Tach_L_sum_count</name>
         <uninitialized>true</uninitialized>
         <run_address>0x2000075c</run_address>
         <size>0x4</size>
      </object_component>
      <object_component id="oc-1d9">
         <name>.common:Tach_L_avg</name>
         <uninitialized>true</uninitialized>
         <run_address>0x20000750</run_address>
         <size>0x4</size>
      </object_component>
      <object_component id="oc-1af">
         <name>.common:Tach_R_count</name>
         <uninitialized>true</uninitialized>
         <run_address>0x20000768</run_address>
         <size>0x4</size>
      </object_component>
      <object_component id="oc-1b6">
         <name>.common:Tach_R</name>
         <uninitialized>true</uninitialized>
         <run_address>0x20000760</run_address>
         <size>0x4</size>
      </object_component>
      <object_component id="oc-1b8">
         <name>.common:Tach_R_sum</name>
         <uninitialized>true</uninitialized>
         <run_address>0x2000076c</run_address>
         <size>0x4</size>
      </object_component>
      <object_component id="oc-1b7">
         <name>.common:Tach_R_sum_count</name>
         <uninitialized>true</uninitialized>
         <run_address>0x20000770</run_address>
         <size>0x4</size>
      </object_component>
      <object_component id="oc-1db">
         <name>.common:Tach_R_avg</name>
         <uninitialized>true</uninitialized>
         <run_address>0x20000764</run_address>
         <size>0x4</size>
      </object_component>
      <object_component id="oc-1b4">
         <name>.common:Tach_L_flag</name>
         <uninitialized>true</uninitialized>
         <run_address>0x200007a0</run_address>
         <size>0x1</size>
      </object_component>
      <object_component id="oc-1b9">
         <name>.common:Tach_R_flag</name>
         <uninitialized>true</uninitialized>
         <run_address>0x200007a1</run_address>
         <size>0x1</size>
      </object_component>
      <object_component id="oc-1b0">
         <name>.common:cmp_L_total</name>
         <uninitialized>true</uninitialized>
         <run_address>0x20000778</run_address>
         <size>0x4</size>
      </object_component>
      <object_component id="oc-1b5">
         <name>.common:cmp_R_total</name>
         <uninitialized>true</uninitialized>
         <run_address>0x20000780</run_address>
         <size>0x4</size>
      </object_component>
      <object_component id="oc-1e8">
         <name>.common:PW_L</name>
         <uninitialized>true</uninitialized>
         <run_address>0x2000079c</run_address>
         <size>0x2</size>
      </object_component>
      <object_component id="oc-1fb">
         <name>.common:PW_R</name>
         <uninitialized>true</uninitialized>
         <run_address>0x2000079e</run_address>
         <size>0x2</size>
      </object_component>
      <object_component id="oc-1e6">
         <name>.common:error_sum_L</name>
         <uninitialized>true</uninitialized>
         <run_address>0x20000794</run_address>
         <size>0x4</size>
      </object_component>
      <object_component id="oc-1e7">
         <name>.common:error_sum_R</name>
         <uninitialized>true</uninitialized>
         <run_address>0x20000798</run_address>
         <size>0x4</size>
      </object_component>
      <object_component id="oc-18b">
         <name>.common:TA0cfg</name>
         <uninitialized>true</uninitialized>
         <run_address>0x200006dc</run_address>
         <size>0x18</size>
      </object_component>
      <object_component id="oc-1ad">
         <name>.common:TA1cfg</name>
         <uninitialized>true</uninitialized>
         <run_address>0x200006f4</run_address>
         <size>0x18</size>
      </object_component>
      <object_component id="oc-1ab">
         <name>.common:TA3cfg</name>
         <uninitialized>true</uninitialized>
         <run_address>0x20000734</run_address>
         <size>0x10</size>
      </object_component>
      <object_component id="oc-1aa">
         <name>.common:TA0_ccr</name>
         <uninitialized>true</uninitialized>
         <run_address>0x20000724</run_address>
         <size>0x10</size>
      </object_component>
      <object_component id="oc-1ac">
         <name>.common:TA3_ccr</name>
         <uninitialized>true</uninitialized>
         <run_address>0x2000070c</run_address>
         <size>0x18</size>
      </object_component>
      <object_component id="oc-51f">
         <name>.common:__TI_tmpnams</name>
         <uninitialized>true</uninitialized>
         <run_address>0x20000608</run_address>
         <size>0xa0</size>
      </object_component>
      <object_component id="oc-5af">
         <name>.common:parmbuf</name>
         <uninitialized>true</uninitialized>
         <run_address>0x20000744</run_address>
         <size>0x8</size>
      </object_component>
      <object_component id="oc-29">
         <name>.sysmem</name>
         <uninitialized>true</uninitialized>
         <run_address>0x200000e8</run_address>
         <size>0x10</size>
         <input_file_ref idref="fl-eb"/>
      </object_component>
      <object_component id="oc-677">
         <name>.sysmem</name>
         <uninitialized>true</uninitialized>
         <run_address>0x200000e8</run_address>
         <size>0x0</size>
      </object_component>
      <object_component id="oc-2c">
         <name>.stack</name>
         <uninitialized>true</uninitialized>
         <run_address>0x2000fc00</run_address>
         <size>0x4</size>
         <input_file_ref idref="fl-ee"/>
      </object_component>
      <object_component id="oc-676">
         <name>.stack</name>
         <uninitialized>true</uninitialized>
         <run_address>0x2000fc00</run_address>
         <size>0x0</size>
      </object_component>
      <object_component id="oc-140">
         <name>.debug_info</name>
         <load_address>0x0</load_address>
         <run_address>0x0</run_address>
         <size>0x94b</size>
         <input_file_ref idref="fl-1"/>
      </object_component>
      <object_component id="oc-a1">
         <name>.debug_info</name>
         <load_address>0x94b</load_address>
         <run_address>0x94b</run_address>
         <size>0x14d</size>
         <input_file_ref idref="fl-1"/>
      </object_component>
      <object_component id="oc-ea">
         <name>.debug_info</name>
         <load_address>0xa98</load_address>
         <run_address>0xa98</run_address>
         <size>0x1de</size>
         <input_file_ref idref="fl-1"/>
      </object_component>
      <object_component id="oc-f6">
         <name>.debug_info</name>
         <load_address>0xc76</load_address>
         <run_address>0xc76</run_address>
         <size>0x3ee</size>
         <input_file_ref idref="fl-1"/>
      </object_component>
      <object_component id="oc-bc">
         <name>.debug_info</name>
         <load_address>0x1064</load_address>
         <run_address>0x1064</run_address>
         <size>0x26b</size>
         <input_file_ref idref="fl-1"/>
      </object_component>
      <object_component id="oc-273">
         <name>.debug_info</name>
         <load_address>0x12cf</load_address>
         <run_address>0x12cf</run_address>
         <size>0x1028</size>
         <input_file_ref idref="fl-1"/>
      </object_component>
      <object_component id="oc-26e">
         <name>.debug_info</name>
         <load_address>0x22f7</load_address>
         <run_address>0x22f7</run_address>
         <size>0x37e2</size>
         <input_file_ref idref="fl-1"/>
      </object_component>
      <object_component id="oc-2e2">
         <name>.debug_info</name>
         <load_address>0x5ad9</load_address>
         <run_address>0x5ad9</run_address>
         <size>0x341</size>
         <input_file_ref idref="fl-1"/>
      </object_component>
      <object_component id="oc-35">
         <name>.debug_info</name>
         <load_address>0x5e1a</load_address>
         <run_address>0x5e1a</run_address>
         <size>0x84</size>
         <input_file_ref idref="fl-1"/>
      </object_component>
      <object_component id="oc-13b">
         <name>.debug_info</name>
         <load_address>0x5e9e</load_address>
         <run_address>0x5e9e</run_address>
         <size>0x2a4</size>
         <input_file_ref idref="fl-1"/>
      </object_component>
      <object_component id="oc-278">
         <name>.debug_info</name>
         <load_address>0x6142</load_address>
         <run_address>0x6142</run_address>
         <size>0xef</size>
         <input_file_ref idref="fl-1"/>
      </object_component>
      <object_component id="oc-203">
         <name>.debug_info</name>
         <load_address>0x6231</load_address>
         <run_address>0x6231</run_address>
         <size>0xbb</size>
         <input_file_ref idref="fl-1"/>
      </object_component>
      <object_component id="oc-40f">
         <name>.debug_info</name>
         <load_address>0x62ec</load_address>
         <run_address>0x62ec</run_address>
         <size>0xcc</size>
         <input_file_ref idref="fl-1"/>
      </object_component>
      <object_component id="oc-3f1">
         <name>.debug_info</name>
         <load_address>0x63b8</load_address>
         <run_address>0x63b8</run_address>
         <size>0x2c</size>
         <input_file_ref idref="fl-1"/>
      </object_component>
      <object_component id="oc-235">
         <name>.debug_info</name>
         <load_address>0x63e4</load_address>
         <run_address>0x63e4</run_address>
         <size>0x2c</size>
         <input_file_ref idref="fl-1"/>
      </object_component>
      <object_component id="oc-402">
         <name>.debug_info</name>
         <load_address>0x6410</load_address>
         <run_address>0x6410</run_address>
         <size>0x102</size>
         <input_file_ref idref="fl-1"/>
      </object_component>
      <object_component id="oc-2bd">
         <name>.debug_info</name>
         <load_address>0x6512</load_address>
         <run_address>0x6512</run_address>
         <size>0x77a</size>
         <input_file_ref idref="fl-2"/>
      </object_component>
      <object_component id="oc-290">
         <name>.debug_info</name>
         <load_address>0x6c8c</load_address>
         <run_address>0x6c8c</run_address>
         <size>0xe7</size>
         <input_file_ref idref="fl-2"/>
      </object_component>
      <object_component id="oc-3ff">
         <name>.debug_info</name>
         <load_address>0x6d73</load_address>
         <run_address>0x6d73</run_address>
         <size>0xe7</size>
         <input_file_ref idref="fl-2"/>
      </object_component>
      <object_component id="oc-de">
         <name>.debug_info</name>
         <load_address>0x6e5a</load_address>
         <run_address>0x6e5a</run_address>
         <size>0x159</size>
         <input_file_ref idref="fl-2"/>
      </object_component>
      <object_component id="oc-143">
         <name>.debug_info</name>
         <load_address>0x6fb3</load_address>
         <run_address>0x6fb3</run_address>
         <size>0x195</size>
         <input_file_ref idref="fl-2"/>
      </object_component>
      <object_component id="oc-2b1">
         <name>.debug_info</name>
         <load_address>0x7148</load_address>
         <run_address>0x7148</run_address>
         <size>0x1db</size>
         <input_file_ref idref="fl-2"/>
      </object_component>
      <object_component id="oc-2b7">
         <name>.debug_info</name>
         <load_address>0x7323</load_address>
         <run_address>0x7323</run_address>
         <size>0x164</size>
         <input_file_ref idref="fl-2"/>
      </object_component>
      <object_component id="oc-293">
         <name>.debug_info</name>
         <load_address>0x7487</load_address>
         <run_address>0x7487</run_address>
         <size>0x1b4</size>
         <input_file_ref idref="fl-2"/>
      </object_component>
      <object_component id="oc-299">
         <name>.debug_info</name>
         <load_address>0x763b</load_address>
         <run_address>0x763b</run_address>
         <size>0x1b6</size>
         <input_file_ref idref="fl-2"/>
      </object_component>
      <object_component id="oc-29f">
         <name>.debug_info</name>
         <load_address>0x77f1</load_address>
         <run_address>0x77f1</run_address>
         <size>0x1b3</size>
         <input_file_ref idref="fl-2"/>
      </object_component>
      <object_component id="oc-2a5">
         <name>.debug_info</name>
         <load_address>0x79a4</load_address>
         <run_address>0x79a4</run_address>
         <size>0x157</size>
         <input_file_ref idref="fl-2"/>
      </object_component>
      <object_component id="oc-2ab">
         <name>.debug_info</name>
         <load_address>0x7afb</load_address>
         <run_address>0x7afb</run_address>
         <size>0x19a</size>
         <input_file_ref idref="fl-2"/>
      </object_component>
      <object_component id="oc-149">
         <name>.debug_info</name>
         <load_address>0x7c95</load_address>
         <run_address>0x7c95</run_address>
         <size>0x177</size>
         <input_file_ref idref="fl-2"/>
      </object_component>
      <object_component id="oc-40a">
         <name>.debug_info</name>
         <load_address>0x7e0c</load_address>
         <run_address>0x7e0c</run_address>
         <size>0x37e2</size>
         <input_file_ref idref="fl-2"/>
      </object_component>
      <object_component id="oc-303">
         <name>.debug_info</name>
         <load_address>0xb5ee</load_address>
         <run_address>0xb5ee</run_address>
         <size>0x8b</size>
         <input_file_ref idref="fl-2"/>
      </object_component>
      <object_component id="oc-78">
         <name>.debug_info</name>
         <load_address>0xb679</load_address>
         <run_address>0xb679</run_address>
         <size>0x2d6</size>
         <input_file_ref idref="fl-3"/>
      </object_component>
      <object_component id="oc-27">
         <name>.debug_info</name>
         <load_address>0xb94f</load_address>
         <run_address>0xb94f</run_address>
         <size>0x102</size>
         <input_file_ref idref="fl-3"/>
[...]
      </symbol>
      <symbol id="sm-767">
         <name>__aeabi_i2d</name>
         <value>0x46c5</value>
         <object_component_ref idref="oc-1bf"/>
      </symbol>
      <symbol id="sm-782">
         <name>memcpy</name>
         <value>0x3159</value>
         <object_component_ref idref="oc-3a"/>
      </symbol>
      <symbol id="sm-783">
         <name>__aeabi_memcpy</name>
         <value>0x3159</value>
         <object_component_ref idref="oc-3a"/>
      </symbol>
      <symbol id="sm-784">
         <name>__aeabi_memcpy8</name>
         <value>0x3159</value>
         <object_component_ref idref="oc-3a"/>
      </symbol>
      <symbol id="sm-785">
         <name>__aeabi_memcpy4</name>
         <value>0x3159</value>
         <object_component_ref idref="oc-3a"/>
      </symbol>
      <symbol id="sm-78f">
         <name>__aeabi_ui2d</name>
         <value>0x48cf</value>
         <object_component_ref idref="oc-2be"/>
      </symbol>
      <symbol id="sm-79e">
         <name>__aeabi_memset</name>
         <value>0x36cf</value>
         <object_component_ref idref="oc-94"/>
      </symbol>
      <symbol id="sm-79f">
         <name>memset</name>
         <value>0x36d5</value>
         <object_component_ref idref="oc-94"/>
      </symbol>
      <symbol id="sm-7a0">
         <name>__aeabi_memset8</name>
         <value>0x36cf</value>
         <object_component_ref idref="oc-94"/>
      </symbol>
      <symbol id="sm-7a1">
         <name>__aeabi_memset4</name>
         <value>0x36cf</value>
         <object_component_ref idref="oc-94"/>
      </symbol>
      <symbol id="sm-7a2">
         <name>__aeabi_memclr8</name>
         <value>0x36cd</value>
         <object_component_ref idref="oc-94"/>
      </symbol>
      <symbol id="sm-7a3">
         <name>__aeabi_memclr4</name>
         <value>0x36cd</value>
         <object_component_ref idref="oc-94"/>
      </symbol>
      <symbol id="sm-7a4">
         <name>__aeabi_memclr</name>
         <value>0x36cd</value>
         <object_component_ref idref="oc-94"/>
      </symbol>
      <symbol id="sm-7b1">
         <name>__aeabi_uldivmod</name>
         <value>0x328d</value>
         <object_component_ref idref="oc-449"/>
      </symbol>
      <symbol id="sm-7c5">
         <name>__TI_zero_init_nomemset</name>
         <value>0x490d</value>
         <object_component_ref idref="oc-46"/>
      </symbol>
      <symbol id="sm-7dc">
         <name>__TI_decompress_none</name>
         <value>0x4a6f</value>
         <object_component_ref idref="oc-1d"/>
      </symbol>
      <symbol id="sm-7ff">
         <name>__TI_decompress_lzss</name>
         <value>0x3a45</value>
         <object_component_ref idref="oc-17"/>
      </symbol>
      <symbol id="sm-825">
         <name>C$$EXIT</name>
         <value>0x4ac1</value>
         <object_component_ref idref="oc-fc"/>
      </symbol>
      <symbol id="sm-826">
         <name>abort</name>
         <value>0x4ac1</value>
         <object_component_ref idref="oc-fc"/>
      </symbol>
      <symbol id="sm-827">
         <name>__TI_dtors_ptr</name>
         <value>0x200009d8</value>
         <object_component_ref idref="oc-250"/>
      </symbol>
      <symbol id="sm-828">
         <name>__TI_cleanup_ptr</name>
         <value>0x200009d4</value>
         <object_component_ref idref="oc-250"/>
      </symbol>
      <symbol id="sm-829">
         <name>__TI_enable_exit_profile_output</name>
         <value>0x200009dc</value>
         <object_component_ref idref="oc-250"/>
      </symbol>
      <symbol id="sm-82a">
         <name>exit</name>
         <value>0x41d9</value>
         <object_component_ref idref="oc-102"/>
      </symbol>
      <symbol id="sm-83f">
         <name>_nop</name>
         <value>0x202b</value>
         <object_component_ref idref="oc-377"/>
      </symbol>
      <symbol id="sm-840">
         <name>_lock</name>
         <value>0x200009e0</value>
         <object_component_ref idref="oc-221"/>
      </symbol>
      <symbol id="sm-841">
         <name>_unlock</name>
         <value>0x200009e4</value>
         <object_component_ref idref="oc-221"/>
      </symbol>
      <symbol id="sm-850">
         <name>__TI_ltoa</name>
         <value>0x3f65</value>
         <object_component_ref idref="oc-455"/>
      </symbol>
      <symbol id="sm-866">
         <name>atoi</name>
         <value>0x4145</value>
         <object_component_ref idref="oc-330"/>
      </symbol>
      <symbol id="sm-871">
         <name>_ctypes_</name>
         <value>0x4ac4</value>
         <object_component_ref idref="oc-444"/>
      </symbol>
      <symbol id="sm-886">
         <name>__TI_tmpnams</name>
         <value>0x20000608</value>
      </symbol>
      <symbol id="sm-887">
         <name>__aeabi_stdout</name>
         <value>0x200009cc</value>
         <object_component_ref idref="oc-53f"/>
      </symbol>
      <symbol id="sm-888">
         <name>__aeabi_stderr</name>
         <value>0x200009d0</value>
         <object_component_ref idref="oc-53f"/>
      </symbol>
      <symbol id="sm-889">
         <name>__aeabi_stdin</name>
         <value>0x200009c8</value>
         <object_component_ref idref="oc-53f"/>
      </symbol>
      <symbol id="sm-88a">
         <name>_ftable</name>
         <value>0x200007ac</value>
         <object_component_ref idref="oc-224"/>
      </symbol>
      <symbol id="sm-88b">
         <name>__TI_ft_end</name>
         <value>0x200009c4</value>
         <object_component_ref idref="oc-53f"/>
      </symbol>
      <symbol id="sm-89b">
         <name>memccpy</name>
         <value>0x4945</value>
         <object_component_ref idref="oc-359"/>
      </symbol>
      <symbol id="sm-8ab">
         <name>memchr</name>
         <value>0x48af</value>
         <object_component_ref idref="oc-4b3"/>
      </symbol>
      <symbol id="sm-92f">
         <name>_sys_memory</name>
         <value>0x200000e8</value>
         <object_component_ref idref="oc-29"/>
      </symbol>
      <symbol id="sm-930">
         <name>free</name>
         <value>0x2b55</value>
         <object_component_ref idref="oc-3d3"/>
      </symbol>
      <symbol id="sm-931">
         <name>memalign</name>
         <value>0x2959</value>
         <object_component_ref idref="oc-538"/>
      </symbol>
      <symbol id="sm-932">
         <name>malloc</name>
         <value>0x4aad</value>
         <object_component_ref idref="oc-3d9"/>
      </symbol>
      <symbol id="sm-933">
         <name>aligned_alloc</name>
         <value>0x2959</value>
         <object_component_ref idref="oc-538"/>
      </symbol>
      <symbol id="sm-943">
         <name>strchr</name>
         <value>0x49d7</value>
         <object_component_ref idref="oc-482"/>
      </symbol>
      <symbol id="sm-951">
         <name>strlen</name>
         <value>0x4a15</value>
         <object_component_ref idref="oc-32a"/>
      </symbol>
      <symbol id="sm-964">
         <name>__stack</name>
         <value>0x2000fc00</value>
         <object_component_ref idref="oc-2c"/>
      </symbol>
      <symbol id="sm-965">
         <name>_c_int00_noargs</name>
         <value>0x45fd</value>
         <object_component_ref idref="oc-58"/>
      </symbol>
      <symbol id="sm-97a">
         <name>write</name>
         <value>0x4865</value>
         <object_component_ref idref="oc-4bf"/>
      </symbol>
      <symbol id="sm-98b">
         <name>_stream</name>
         <value>0x20000914</value>
         <object_component_ref idref="oc-594"/>
      </symbol>
      <symbol id="sm-98c">
         <name>_device</name>
         <value>0x2000089c</value>
         <object_component_ref idref="oc-3c0"/>
      </symbol>
      <symbol id="sm-9aa">
         <name>open</name>
         <value>0x2de9</value>
         <object_component_ref idref="oc-522"/>
      </symbol>
      <symbol id="sm-9ca">
         <name>add_device</name>
         <value>0x2ea5</value>
         <object_component_ref idref="oc-27d"/>
      </symbol>
      <symbol id="sm-9e0">
         <name>__aeabi_errno_addr</name>
         <value>0x4aa5</value>
         <object_component_ref idref="oc-365"/>
      </symbol>
      <symbol id="sm-9e1">
         <name>errno</name>
         <value>0x200009f4</value>
         <object_component_ref idref="oc-492"/>
      </symbol>
      <symbol id="sm-9fa">
         <name>wcslen</name>
         <value>0x4a4d</value>
         <object_component_ref idref="oc-35f"/>
      </symbol>
      <symbol id="sm-a1a">
         <name>frexpl</name>
         <value>0x3b15</value>
         <object_component_ref idref="oc-476"/>
      </symbol>
      <symbol id="sm-a1b">
         <name>frexp</name>
         <value>0x3b15</value>
         <object_component_ref idref="oc-476"/>
      </symbol>
      <symbol id="sm-a38">
         <name>scalbn</name>
         <value>0x2849</value>
         <object_component_ref idref="oc-47c"/>
      </symbol>
      <symbol id="sm-a39">
         <name>scalbnl</name>
         <value>0x2849</value>
         <object_component_ref idref="oc-47c"/>
      </symbol>
      <symbol id="sm-a3a">
         <name>ldexpl</name>
         <value>0x2849</value>
         <object_component_ref idref="oc-47c"/>
      </symbol>
      <symbol id="sm-a3b">
         <name>ldexp</name>
         <value>0x2849</value>
         <object_component_ref idref="oc-47c"/>
      </symbol>
      <symbol id="sm-a50">
         <name>__TI_closefile</name>
         <value>0x3749</value>
         <object_component_ref idref="oc-3c5"/>
      </symbol>
      <symbol id="sm-a60">
         <name>__TI_doflush</name>
         <value>0x40f9</value>
         <object_component_ref idref="oc-4b9"/>
      </symbol>
      <symbol id="sm-a72">
         <name>fseek</name>
         <value>0x3b79</value>
         <object_component_ref idref="oc-589"/>
      </symbol>
      <symbol id="sm-a90">
         <name>finddevice</name>
         <value>0x4695</value>
         <object_component_ref idref="oc-3b3"/>
      </symbol>
      <symbol id="sm-a91">
         <name>getdevice</name>
         <value>0x437d</value>
         <object_component_ref idref="oc-5ce"/>
      </symbol>
      <symbol id="sm-a9b">
         <name>__aeabi_idiv0</name>
         <value>0x23e3</value>
         <object_component_ref idref="oc-559"/>
      </symbol>
      <symbol id="sm-a9c">
         <name>__aeabi_ldiv0</name>
         <value>0x23e3</value>
         <object_component_ref idref="oc-559"/>
      </symbol>
      <symbol id="sm-ac4">
         <name>__TI_auto_init_nobinit_nopinit</name>
         <value>0x4339</value>
         <object_component_ref idref="oc-108"/>
      </symbol>
      <symbol id="sm-ace">
         <name>_system_pre_init</name>
         <value>0x4abd</value>
         <object_component_ref idref="oc-9a"/>
      </symbol>
      <symbol id="sm-adf">
         <name>strcmp</name>
         <value>0x4993</value>
         <object_component_ref idref="oc-4d5"/>
      </symbol>
      <symbol id="sm-aef">
         <name>strncpy</name>
         <value>0x4529</value>
         <object_component_ref idref="oc-3b9"/>
      </symbol>
      <symbol id="sm-b00">
         <name>HOSTclose</name>
         <value>0x42b1</value>
         <object_component_ref idref="oc-4e5"/>
      </symbol>
      <symbol id="sm-b11">
         <name>HOSTlseek</name>
         <value>0x3975</value>
         <object_component_ref idref="oc-4f7"/>
      </symbol>
      <symbol id="sm-b23">
         <name>parmbuf</name>
         <value>0x20000744</value>
      </symbol>
      <symbol id="sm-b24">
         <name>HOSTopen</name>
         <value>0x3c41</value>
         <object_component_ref idref="oc-4df"/>
      </symbol>
      <symbol id="sm-b35">
         <name>HOSTread</name>
         <value>0x3db1</value>
         <object_component_ref idref="oc-4eb"/>
      </symbol>
      <symbol id="sm-b46">
         <name>HOSTrename</name>
         <value>0x3909</value>
         <object_component_ref idref="oc-503"/>
      </symbol>
      <symbol id="sm-b57">
         <name>HOSTunlink</name>
         <value>0x42f5</value>
         <object_component_ref idref="oc-4fd"/>
      </symbol>
      <symbol id="sm-b68">
         <name>HOSTwrite</name>
         <value>0x3e09</value>
         <object_component_ref idref="oc-4f1"/>
      </symbol>
      <symbol id="sm-b8c">
         <name>__TI_readmsg</name>
         <value>0x45c9</value>
         <object_component_ref idref="oc-5a9"/>
      </symbol>
      <symbol id="sm-b8d">
         <name>C$$IO$$</name>
         <value>0x44e7</value>
         <object_component_ref idref="oc-5a3"/>
      </symbol>
      <symbol id="sm-b8e">
         <name>__CIOBUF_</name>
         <value>0x200004e8</value>
         <object_component_ref idref="oc-615"/>
      </symbol>
      <symbol id="sm-b8f">
         <name>__TI_writemsg</name>
         <value>0x44b9</value>
         <object_component_ref idref="oc-5a3"/>
      </symbol>
      <symbol id="sm-ba0">
         <name>lseek</name>
         <value>0x483d</value>
         <object_component_ref idref="oc-603"/>
      </symbol>
      <symbol id="sm-bb4">
         <name>close</name>
         <value>0x3cfd</value>
         <object_component_ref idref="oc-513"/>
      </symbol>
      <symbol id="sm-bbe">
         <name>copysign</name>
         <value>0x4961</value>
         <object_component_ref idref="oc-56d"/>
      </symbol>
      <symbol id="sm-bbf">
         <name>copysignl</name>
         <value>0x4961</value>
         <object_component_ref idref="oc-56d"/>
      </symbol>
      <symbol id="sm-bcd">
         <name>strcpy</name>
         <value>0x4a01</value>
         <object_component_ref idref="oc-5bd"/>
      </symbol>
      <symbol id="sm-bdd">
         <name>unlink</name>
         <value>0x4721</value>
         <object_component_ref idref="oc-519"/>
      </symbol>
      <symbol id="sm-bde">
         <name>__TI_static_base__</name>
         <value>0x0</value>
      </symbol>
      <symbol id="sm-be1">
         <name>__mpu_init</name>
         <value>0x0</value>
      </symbol>
      <symbol id="sm-be2">
         <name>_system_post_cinit</name>
         <value>0x0</value>
      </symbol>
      <symbol id="sm-be3">
         <name>NMI_Handler</name>
         <value>0x183f</value>
      </symbol>
      <symbol id="sm-be4">
         <name>HardFault_Handler</name>
         <value>0x183f</value>
      </symbol>
      <symbol id="sm-be5">
         <name>MemManage_Handler</name>
         <value>0x183f</value>
      </symbol>
      <symbol id="sm-be6">
         <name>BusFault_Handler</name>
         <value>0x183f</value>
      </symbol>
      <symbol id="sm-be7">
         <name>UsageFault_Handler</name>
         <value>0x183f</value>
      </symbol>
      <symbol id="sm-be8">
         <name>SVC_Handler</name>
         <value>0x183f</value>
      </symbol>
      <symbol id="sm-be9">
         <name>DebugMon_Handler</name>
         <value>0x183f</value>
      </symbol>
      <symbol id="sm-bea">
         <name>PendSV_Handler</name>
         <value>0x183f</value>
      </symbol>
      <symbol id="sm-beb">
         <name>SysTick_Handler</name>
         <value>0x183f</value>
      </symbol>
      <symbol id="sm-bec">
         <name>PSS_IRQHandler</name>
         <value>0x183f</value>
      </symbol>
      <symbol id="sm-bed">
         <name>CS_IRQHandler</name>
         <value>0x183f</value>
      </symbol>
      <symbol id="sm-bee">
         <name>PCM_IRQHandler</name>
         <value>0x183f</value>
      </symbol>
      <symbol id="sm-bef">
         <name>WDT_A_IRQHandler</name>
         <value>0x183f</value>
      </symbol>
      <symbol id="sm-bf0">
         <name>FPU_IRQHandler</name>
         <value>0x183f</value>
      </symbol>
      <symbol id="sm-bf1">
         <name>FLCTL_IRQHandler</name>
         <value>0x183f</value>
      </symbol>
      <symbol id="sm-bf2">
         <name>COMP_E0_IRQHandler</name>
         <value>0x183f</value>
      </symbol>
      <symbol id="sm-bf3">
         <name>COMP_E1_IRQHandler</name>
         <value>0x183f</value>
      </symbol>
      <symbol id="sm-bf4">
         <name>TA0_0_IRQHandler</name>
         <value>0x183f</value>
      </symbol>
      <symbol id="sm-bf5">
         <name>TA0_N_IRQHandler</name>
         <value>0x183f</value>
      </symbol>
      <symbol id="sm-bf6">
         <name>TA1_0_IRQHandler</name>
         <value>0x183f</value>
      </symbol>
      <symbol id="sm-bf7">
         <name>TA1_N_IRQHandler</name>
         <value>0x183f</value>
      </symbol>
      <symbol id="sm-bf8">
         <name>TA2_0_IRQHandler</name>
         <value>0x183f</value>
      </symbol>
      <symbol id="sm-bf9">
         <name>TA2_N_IRQHandler</name>
         <value>0x183f</value>
      </symbol>
      <symbol id="sm-bfa">
         <name>TA3_0_IRQHandler</name>
         <value>0x183f</value>
      </symbol>
      <symbol id="sm-bfb">
         <name>TA3_N_IRQHandler</name>
         <value>0x183f</value>
      </symbol>
      <symbol id="sm-bfc">
         <name>EUSCIA0_IRQHandler</name>
         <value>0x183f</value>
      </symbol>
      <symbol id="sm-bfd">
         <name>EUSCIA1_IRQHandler</name>
         <value>0x183f</value>
      </symbol>
      <symbol id="sm-bfe">
         <name>EUSCIA2_IRQHandler</name>
         <value>0x183f</value>
      </symbol>
      <symbol id="sm-bff">
         <name>EUSCIA3_IRQHandler</name>
         <value>0x183f</value>
      </symbol>
      <symbol id="sm-c00">
         <name>EUSCIB0_IRQHandler</name>
         <value>0x183f</value>
      </symbol>
      <symbol id="sm-c01">
         <name>EUSCIB1_IRQHandler</name>
         <value>0x183f</value>
      </symbol>
      <symbol id="sm-c02">
         <name>EUSCIB2_IRQHandler</name>
         <value>0x183f</value>
      </symbol>
      <symbol id="sm-c03">
         <name>EUSCIB3_IRQHandler</name>
         <value>0x183f</value>
      </symbol>
      <symbol id="sm-c04">
         <name>ADC14_IRQHandler</name>
         <value>0x183f</value>
      </symbol>
      <symbol id="sm-c05">
         <name>T32_INT1_IRQHandler</name>
         <value>0x183f</value>
      </symbol>
      <symbol id="sm-c06">
         <name>T32_INT2_IRQHandler</name>
         <value>0x183f</value>
      </symbol>
      <symbol id="sm-c07">
         <name>T32_INTC_IRQHandler</name>
         <value>0x183f</value>
      </symbol>
      <symbol id="sm-c08">
         <name>AES256_IRQHandler</name>
         <value>0x183f</value>
      </symbol>
      <symbol id="sm-c09">
         <name>RTC_C_IRQHandler</name>
         <value>0x183f</value>
      </symbol>
      <symbol id="sm-c0a">
         <name>DMA_ERR_IRQHandler</name>
         <value>0x183f</value>
      </symbol>
      <symbol id="sm-c0b">
         <name>DMA_INT3_IRQHandler</name>
         <value>0x183f</value>
      </symbol>
      <symbol id="sm-c0c">
         <name>DMA_INT2_IRQHandler</name>
         <value>0x183f</value>
      </symbol>
      <symbol id="sm-c0d">
         <name>DMA_INT1_IRQHandler</name>
         <value>0x183f</value>
      </symbol>
      <symbol id="sm-c0e">
         <name>DMA_INT0_IRQHandler</name>
         <value>0x183f</value>
      </symbol>
      <symbol id="sm-c0f">
         <name>PORT1_IRQHandler</name>
         <value>0x183f</value>
      </symbol>
      <symbol id="sm-c10">
         <name>PORT2_IRQHandler</name>
         <value>0x183f</value>
      </symbol>
      <symbol id="sm-c11">
         <name>PORT3_IRQHandler</name>
         <value>0x183f</value>
      </symbol>
      <symbol id="sm-c12">
         <name>PORT4_IRQHandler</name>
         <value>0x183f</value>
      </symbol>
      <symbol id="sm-c13">
         <name>PORT5_IRQHandler</name>
         <value>0x183f</value>
      </symbol>
      <symbol id="sm-c14">
         <name>PORT6_IRQHandler</name>
         <value>0x183f</value>
      </symbol>
      <symbol id="sm-c15">
         <name>remove</name>
         <value>0x4721</value>
      </symbol>
   </symbol_table>
   <title>Link successful</title>
</link_info>
