******************************************************************************
                  TI ARM Linker Unix v20.2.7                   
******************************************************************************
>> Linked Tue Sep 19 12:44:45 2023

OUTPUT FILE NAME:   <lab1_template.out>
ENTRY POINT SYMBOL: "_c_int00_noargs"  address: 0000472d


MEMORY CONFIGURATION

         name            origin    length      used     unused   attr    fill
----------------------  --------  ---------  --------  --------  ----  --------
  MAIN                  00000000   00040000  00004e75  0003b18b  R  X
  INFO                  00200000   00004000  00000000  00004000  R  X
  SRAM_CODE             01000000   00010000  00000dfa  0000f206  RW X
  SRAM_DATA             20000000   00010000  00000dfa  0000f206  RW  


SEGMENT ALLOCATION MAP

run origin  load origin   length   init length attrs members
----------  ----------- ---------- ----------- ----- -------
00000000    00000000    00004e78   00004e78    r-x
  00000000    00000000    000000e4   000000e4    r-- .intvecs
  000000e4    000000e4    00004b10   00004b10    r-x .text
  00004bf4    00004bf4    000001b9   000001b9    r-- .const
  00004db0    00004db0    000000c8   000000c8    r-- .cinit
20000000    20000000    000009fc   00000000    rw-
  20000000    20000000    000000e8   00000000    rw- .vtable
  200000e8    200000e8    00000400   00000000    rw- .sysmem
  200004e8    200004e8    000002c2   00000000    rw- .bss
  200007ac    200007ac    00000250   00000000    rw- .data
2000fc00    2000fc00    00000400   00000000    rw-
  2000fc00    2000fc00    00000400   00000000    rw- .stack


SECTION ALLOCATION MAP

 output                                  attributes/
section   page    origin      length       input sections
--------  ----  ----------  ----------   ----------------
.intvecs   0    00000000    000000e4     
                  00000000    000000e4     startup_msp432p401r_ccs.obj (.intvecs:retain)

.text      0    000000e4    00004b10     
                  000000e4    00000d0c     Lab1lib.lib : lab1lib.obj (.text)
                  00000df0    00000a4e     rtsv7M4_T_le_v4SPD16_eabi.lib : _printfi.c.obj (.text:__TI_printfi)
                  0000183e    00000002     startup_msp432p401r_ccs.obj (.text:Default_Handler)
                  00001840    00000328     main.obj (.text:ControlSystem)
                  00001b68    00000270     rtsv7M4_T_le_v4SPD16_eabi.lib : _printfi.c.obj (.text:_pconv_a)
                  00001dd8    000001d0                                   : _printfi.c.obj (.text:_pconv_g)
                  00001fa8    000001b6                                   : fd_add_t2.asm.obj (.text)
                  0000215e    00000002                                   : _lock.c.obj (.text:_nop)
                  00002160    00000144     msp432p4xx_driverlib.lib : timer_a.o (.text:privateTimer_AProcessClockSourceDivider)
                  000022a4    0000013c     rtsv7M4_T_le_v4SPD16_eabi.lib : _printfi.c.obj (.text:_pconv_e)
                  000023e0    00000136                                   : fd_div_t2.asm.obj (.text)
                  00002516    00000002                                   : div0.asm.obj (.text)
                  00002518    00000124                                   : _printfi.c.obj (.text:fcvt)
                  0000263c    0000011c     msp432p4xx_driverlib.lib : uart.o (.text:UART_initModule)
                  00002758    00000114     rtsv7M4_T_le_v4SPD16_eabi.lib : fputs.c.obj (.text:fputs)
                  0000286c    00000110                                   : fopen.c.obj (.text:_openfile)
                  0000297c    00000110                                   : s_scalbn.c.obj (.text:scalbn)
                  00002a8c    00000100                                   : memory.c.obj (.text:aligned_alloc)
                  00002b8c    000000fc                                   : fd_mul_t2.asm.obj (.text)
                  00002c88    000000e4                                   : memory.c.obj (.text:free)
                  00002d6c    000000dc                                   : setvbuf.c.obj (.text:setvbuf)
                  00002e48    000000d2     msp432p4xx_driverlib.lib : timer_a.o (.text:Timer_A_registerInterrupt)
                  00002f1a    00000002     --HOLE-- [fill = 0]
                  00002f1c    000000bc     rtsv7M4_T_le_v4SPD16_eabi.lib : open.c.obj (.text:open)
                  00002fd8    000000b8                                   : add_device.c.obj (.text:add_device)
                  00003090    000000b1                                   : _printfi.c.obj (.text:_ltostr)
                  00003141    00000003     --HOLE-- [fill = 0]
                  00003144    000000ac     engr2350_msp432.obj (.text:init_motor_PWM)
                  000031f0    0000009c     engr2350_msp432.obj (.text:init_std_uart)
                  0000328c    0000009c     rtsv7M4_T_le_v4SPD16_eabi.lib : memcpy_t2.asm.obj (.text)
                  00003328    00000098     system_msp432p401r.obj (.text:SystemInit)
                  000033c0    00000096     rtsv7M4_T_le_v4SPD16_eabi.lib : ull_div_t2.asm.obj (.text)
                  00003456    00000002     --HOLE-- [fill = 0]
                  00003458    0000008c                                   : fputc.c.obj (.text:fputc)
                  000034e4    00000088     msp432p4xx_driverlib.lib : gpio.o (.text:GPIO_setAsPeripheralModuleFunctionInputPin)
                  0000356c    00000088                              : gpio.o (.text:GPIO_setAsPeripheralModuleFunctionOutputPin)
                  000035f4    00000086     rtsv7M4_T_le_v4SPD16_eabi.lib : fd_cmp_t2.asm.obj (.text:__aeabi_cdcmple)
                  0000367a    00000086                                   : fd_cmp_t2.asm.obj (.text:__aeabi_cdrcmple)
                  00003700    00000080     msp432p4xx_driverlib.lib : interrupt.o (.text:Interrupt_enableInterrupt)
                  00003780    00000080     engr2350_msp432.obj (.text:dopen)
                  00003800    0000007a     rtsv7M4_T_le_v4SPD16_eabi.lib : memset_t2.asm.obj (.text)
                  0000387a    00000002     --HOLE-- [fill = 0]
                  0000387c    00000074                                   : fclose.c.obj (.text:__TI_closefile)
                  000038f0    00000070                                   : memory.c.obj (.text:split)
                  00003960    0000006e                                   : _printfi.c.obj (.text:_mcpy)
                  000039ce    0000006e                                   : fd_tos_t2.asm.obj (.text)
                  00003a3c    0000006c                                   : hostrename.c.obj (.text:HOSTrename)
                  00003aa8    00000068                                   : hostlseek.c.obj (.text:HOSTlseek)
                  00003b10    00000068     msp432p4xx_driverlib.lib : timer_a.o (.text:Timer_A_configureUpMode)
                  00003b78    00000068     rtsv7M4_T_le_v4SPD16_eabi.lib : copy_decompress_lzss.c.obj (.text:decompress:lzss:__TI_decompress_lzss)
                  00003be0    00000068                                   : printf.c.obj (.text:printf)
                  00003c48    00000064                                   : s_frexp.c.obj (.text:frexp)
                  00003cac    00000064                                   : fseek.c.obj (.text:fseek)
                  00003d10    00000062                                   : _io_perm.c.obj (.text:__TI_wrt_ok)
                  00003d72    00000002     --HOLE-- [fill = 0]
                  00003d74    00000060                                   : hostopen.c.obj (.text:HOSTopen)
                  00003dd4    0000005c     msp432p4xx_driverlib.lib : interrupt.o (.text:Interrupt_registerInterrupt)
                  00003e30    0000005c     rtsv7M4_T_le_v4SPD16_eabi.lib : close.c.obj (.text:close)
                  00003e8c    00000058     msp432p4xx_driverlib.lib : gpio.o (.text:GPIO_setAsInputPinWithPullUpResistor)
                  00003ee4    00000058     rtsv7M4_T_le_v4SPD16_eabi.lib : hostread.c.obj (.text:HOSTread)
                  00003f3c    00000058                                   : hostwrite.c.obj (.text:HOSTwrite)
                  00003f94    00000058     msp432p4xx_driverlib.lib : timer_a.o (.text:Timer_A_initCapture)
                  00003fec    00000056     rtsv7M4_T_le_v4SPD16_eabi.lib : _printfi.c.obj (.text:_pconv_f)
                  00004042    00000002     --HOLE-- [fill = 0]
                  00004044    00000054     msp432p4xx_driverlib.lib : interrupt.o (.text:Interrupt_setPriority)
                  00004098    00000054     rtsv7M4_T_le_v4SPD16_eabi.lib : _ltoa.c.obj (.text:__TI_ltoa)
                  000040ec    00000054     engr2350_msp432.obj (.text:dread)
                  00004140    00000052     rtsv7M4_T_le_v4SPD16_eabi.lib : _printfi.c.obj (.text:_ecpy)
                  00004192    0000004e     msp432p4xx_driverlib.lib : timer_a.o (.text:Timer_A_initCompare)
                  000041e0    0000004c                              : gpio.o (.text:GPIO_setAsInputPin)
                  0000422c    0000004c     rtsv7M4_T_le_v4SPD16_eabi.lib : fflush.c.obj (.text:__TI_doflush)
                  00004278    0000004c                                   : atoi.c.obj (.text:atoi)
                  000042c4    00000048     engr2350_msp432.obj (.text:dwrite)
                  0000430c    00000048     rtsv7M4_T_le_v4SPD16_eabi.lib : exit.c.obj (.text:exit)
                  00004354    00000048                                   : fd_toi_t2.asm.obj (.text)
                  0000439c    00000047     main.obj (.text:main)
                  000043e3    00000001     --HOLE-- [fill = 0]
                  000043e4    00000044     rtsv7M4_T_le_v4SPD16_eabi.lib : hostclose.c.obj (.text:HOSTclose)
                  00004428    00000044                                   : hostunlink.c.obj (.text:HOSTunlink)
                  0000446c    00000044                                   : autoinit.c.obj (.text:__TI_auto_init_nobinit_nopinit:__TI_auto_init_nobinit_nopinit)
                  000044b0    00000044                                   : getdevice.c.obj (.text:getdevice)
                  000044f4    00000040     msp432p4xx_driverlib.lib : gpio.o (.text:GPIO_setAsOutputPin)
                  00004534    0000003e     rtsv7M4_T_le_v4SPD16_eabi.lib : _printfi.c.obj (.text:_fcpy)
                  00004572    0000003c     main.obj (.text:GPIOInit)
                  000045ae    00000002     --HOLE-- [fill = 0]
                  000045b0    00000038     msp432p4xx_driverlib.lib : timer_a.o (.text:Timer_A_getCaptureCompareEnabledInterruptStatus)
                  000045e8    00000038     rtsv7M4_T_le_v4SPD16_eabi.lib : trgmsg.c.obj (.text:__TI_writemsg)
                  00004620    00000038                                   : fs_tod_t2.asm.obj (.text)
                  00004658    00000036                                   : strncpy.c.obj (.text:strncpy)
                  0000468e    00000002     --HOLE-- [fill = 0]
                  00004690    00000034     msp432p4xx_driverlib.lib : timer_a.o (.text:Timer_A_configureContinuousMode)
                  000046c4    00000034     rtsv7M4_T_le_v4SPD16_eabi.lib : fopen.c.obj (.text:__TI_cleanup)
                  000046f8    00000034                                   : trgmsg.c.obj (.text:__TI_readmsg)
                  0000472c    00000034                                   : boot_cortex_m.c.obj (.text:_c_int00_noargs:_c_int00_noargs)
                  00004760    00000034                                   : fopen.c.obj (.text:freopen)
                  00004794    00000030     msp432p4xx_driverlib.lib : gpio.o (.text:GPIO_getInputPinValue)
                  000047c4    00000030     rtsv7M4_T_le_v4SPD16_eabi.lib : getdevice.c.obj (.text:finddevice)
                  000047f4    0000002e                                   : i_tofd_t2.asm.obj (.text)
                  00004822    00000002     --HOLE-- [fill = 0]
                  00004824    0000002c     msp432p4xx_driverlib.lib : timer_a.o (.text:Timer_A_clearCaptureCompareInterrupt)
                  00004850    0000002c     rtsv7M4_T_le_v4SPD16_eabi.lib : unlink.c.obj (.text:unlink)
                  0000487c    00000028     msp432p4xx_driverlib.lib : gpio.o (.text:GPIO_setOutputHighOnPin)
                  000048a4    00000028                              : gpio.o (.text:GPIO_setOutputLowOnPin)
                  000048cc    00000028                              : gpio.o (.text:GPIO_toggleOutputOnPin)
                  000048f4    00000028                              : timer_a.o (.text:Timer_A_getCaptureCompareInterruptStatus)
                  0000491c    00000028                              : timer_a.o (.text:Timer_A_setCompareValue)
                  00004944    00000028     rtsv7M4_T_le_v4SPD16_eabi.lib : memory.c.obj (.text:free_list_insert)
                  0000496c    00000028                                   : lseek.c.obj (.text:lseek)
                  00004994    00000028                                   : write.c.obj (.text:write)
                  000049bc    00000022     msp432p4xx_driverlib.lib : timer_a.o (.text:Timer_A_getCaptureCompareCount)
                  000049de    00000020     rtsv7M4_T_le_v4SPD16_eabi.lib : memchr.c.obj (.text:memchr)
                  000049fe    00000020                                   : u_tofd_t2.asm.obj (.text)
                  00004a1e    00000002     --HOLE-- [fill = 0]
                  00004a20    0000001c     engr2350_msp432.obj (.text:dclose)
                  00004a3c    0000001c     rtsv7M4_T_le_v4SPD16_eabi.lib : copy_zero_init.c.obj (.text:decompress:ZI:__TI_zero_init_nomemset:__TI_zero_init_nomemset)
                  00004a58    0000001c                                   : memory.c.obj (.text:free_list_remove)
                  00004a74    0000001c                                   : memccpy.c.obj (.text:memccpy)
                  00004a90    0000001a                                   : s_copysign.c.obj (.text:copysign)
                  00004aaa    00000018     msp432p4xx_driverlib.lib : timer_a.o (.text:Timer_A_getEnabledInterruptStatus)
                  00004ac2    00000018     rtsv7M4_T_le_v4SPD16_eabi.lib : strcmp.c.obj (.text:strcmp)
                  00004ada    00000016     msp432p4xx_driverlib.lib : timer_a.o (.text:Timer_A_clearInterruptFlag)
                  00004af0    00000016                              : timer_a.o (.text:Timer_A_startCounter)
                  00004b06    00000016     rtsv7M4_T_le_v4SPD16_eabi.lib : strchr.c.obj (.text:strchr)
                  00004b1c    00000014     msp432p4xx_driverlib.lib : timer_a.o (.text:Timer_A_stopTimer)
                  00004b30    00000014     rtsv7M4_T_le_v4SPD16_eabi.lib : strcpy.c.obj (.text:strcpy)
                  00004b44    00000014                                   : strlen.c.obj (.text:strlen)
                  00004b58    00000012     msp432p4xx_driverlib.lib : timer_a.o (.text:Timer_A_getInterruptStatus)
                  00004b6a    00000012     engr2350_msp432.obj (.text:dlseek)
                  00004b7c    00000012     rtsv7M4_T_le_v4SPD16_eabi.lib : wcslen.c.obj (.text:wcslen)
                  00004b8e    00000010     engr2350_msp432.obj (.text:drename)
                  00004b9e    0000000e     rtsv7M4_T_le_v4SPD16_eabi.lib : copy_decompress_none.c.obj (.text:decompress:none:__TI_decompress_none)
                  00004bac    0000000e     engr2350_msp432.obj (.text:dunlink)
                  00004bba    0000000c     startup_msp432p401r_ccs.obj (.text:Reset_Handler)
                  00004bc6    0000000c     engr2350_msp432.obj (.text:SysInit)
                  00004bd2    00000002     --HOLE-- [fill = 0]
                  00004bd4    00000008     rtsv7M4_T_le_v4SPD16_eabi.lib : errno.c.obj (.text:__aeabi_errno_addr)
                  00004bdc    00000008                                   : memory.c.obj (.text:malloc)
                  00004be4    00000004                                   : printf.c.obj (.text:_outc)
                  00004be8    00000004                                   : printf.c.obj (.text:_outs)
                  00004bec    00000004                                   : pre_init.c.obj (.text:_system_pre_init)
                  00004bf0    00000004                                   : exit.c.obj (.text:abort:abort)

.const     0    00004bf4    000001b9     
                  00004bf4    00000101     rtsv7M4_T_le_v4SPD16_eabi.lib : ctype.c.obj (.const:.string:_ctypes_)
                  00004cf5    00000003     --HOLE-- [fill = 0]
                  00004cf8    00000050     msp432p4xx_driverlib.lib : interrupt.o (.const:g_pulRegs)
                  00004d48    00000030                              : gpio.o (.const:GPIO_PORT_TO_BASE)
                  00004d78    00000028     engr2350_msp432.obj (.const:$P$T1$2)
                  00004da0    00000008     msp432p4xx_driverlib.lib : interrupt.o (.const:g_pulEnRegs)
                  00004da8    00000005     engr2350_msp432.obj (.const:.string:$P$T0$1)

.cinit     0    00004db0    000000c8     
                  00004db0    00000092     (.cinit..data.load) [load image, compression = lzss]
                  00004e42    00000002     --HOLE-- [fill = 0]
                  00004e44    0000000c     (__TI_handler_table)
                  00004e50    00000008     (.cinit..bss.load) [load image, compression = zero_init]
                  00004e58    00000008     (.cinit..vtable.load) [load image, compression = zero_init]
                  00004e60    00000018     (__TI_cinit_table)

.init_array 
*          0    00000000    00000000     UNINITIALIZED

.binit     0    00000000    00000000     

.vtable    0    20000000    000000e8     UNINITIALIZED
                  20000000    000000e8     msp432p4xx_driverlib.lib : interrupt.o (.vtable)

.sysmem    0    200000e8    00000400     UNINITIALIZED
                  200000e8    00000010     rtsv7M4_T_le_v4SPD16_eabi.lib : memory.c.obj (.sysmem)
                  200000f8    000003f0     --HOLE--

.bss       0    200004e8    000002c2     UNINITIALIZED
                  200004e8    00000120     rtsv7M4_T_le_v4SPD16_eabi.lib : trgmsg.c.obj (.bss:_CIOBUF_)
                  20000608    000000a0     (.common:__TI_tmpnams)
                  200006a8    00000034     (.common:segments)
                  200006dc    00000018     (.common:TA0cfg)
                  200006f4    00000018     (.common:TA1cfg)
                  2000070c    00000018     (.common:TA3_ccr)
                  20000724    00000010     (.common:TA0_ccr)
                  20000734    00000010     (.common:TA3cfg)
                  20000744    00000008     (.common:parmbuf)
                  2000074c    00000004     (.common:Tach_L)
                  20000750    00000004     (.common:Tach_L_avg)
                  20000754    00000004     (.common:Tach_L_count)
                  20000758    00000004     (.common:Tach_L_sum)
                  2000075c    00000004     (.common:Tach_L_sum_count)
                  20000760    00000004     (.common:Tach_R)
                  20000764    00000004     (.common:Tach_R_avg)
                  20000768    00000004     (.common:Tach_R_count)
                  2000076c    00000004     (.common:Tach_R_sum)
                  20000770    00000004     (.common:Tach_R_sum_count)
                  20000774    00000004     (.common:cmp_L_count)
                  20000778    00000004     (.common:cmp_L_total)
                  2000077c    00000004     (.common:cmp_R_count)
                  20000780    00000004     (.common:cmp_R_total)
                  20000784    00000004     (.common:d_scale_L)
                  20000788    00000004     (.common:d_scale_R)
                  2000078c    00000004     (.common:distance_L)
                  20000790    00000004     (.common:distance_R)
                  20000794    00000004     (.common:error_sum_L)
                  20000798    00000004     (.common:error_sum_R)
                  2000079c    00000002     (.common:PW_L)
                  2000079e    00000002     (.common:PW_R)
                  200007a0    00000001     (.common:Tach_L_flag)
                  200007a1    00000001     (.common:Tach_R_flag)
                  200007a2    00000001     (.common:bmp0)
                  200007a3    00000001     (.common:bmp1)
                  200007a4    00000001     (.common:bmp2)
                  200007a5    00000001     (.common:bmp3)
                  200007a6    00000001     (.common:bmp4)
                  200007a7    00000001     (.common:bmp5)
                  200007a8    00000001     (.common:pb1)
                  200007a9    00000001     (.common:ss1)

.data      0    200007ac    00000250     UNINITIALIZED
                  200007ac    000000f0     rtsv7M4_T_le_v4SPD16_eabi.lib : defs.c.obj (.data:_ftable)
                  2000089c    00000078                                   : host_device.c.obj (.data:_device)
                  20000914    00000050                                   : host_device.c.obj (.data:_stream)
                  20000964    00000035     Lab1lib.lib : lab1lib.obj (.data)
                  20000999    00000003     --HOLE--
                  2000099c    00000014                 : lab1lib.obj (.data:error_sum_L_base)
                  200009b0    00000014                 : lab1lib.obj (.data:error_sum_R_base)
                  200009c4    00000010     rtsv7M4_T_le_v4SPD16_eabi.lib : defs.c.obj (.data)
                  200009d4    0000000c                                   : exit.c.obj (.data:$O1$$)
                  200009e0    00000008                                   : _lock.c.obj (.data:$O1$$)
                  200009e8    00000008                                   : memory.c.obj (.data:$O1$$)
                  200009f0    00000004                                   : add_device.c.obj (.data)
                  200009f4    00000004                                   : errno.c.obj (.data)
                  200009f8    00000004                                   : open.c.obj (.data)

.stack     0    2000fc00    00000400     UNINITIALIZED
                  2000fc00    00000004     rtsv7M4_T_le_v4SPD16_eabi.lib : boot_cortex_m.c.obj (.stack)
                  2000fc04    000003fc     --HOLE--

__llvm_prf_cnts 
*          0    20000000    00000000     UNINITIALIZED

MODULE SUMMARY

       Module                        code    ro data   rw data
       ------                        ----    -------   -------
    ./
       main.obj                      939     0         16     
    +--+-----------------------------+-------+---------+---------+
       Total:                        939     0         16     
                                                              
    ./src/
       engr2350_msp432.obj           700     45        0      
       startup_msp432p401r_ccs.obj   14      228       0      
       system_msp432p401r.obj        152     0         0      
    +--+-----------------------------+-------+---------+---------+
       Total:                        866     273       0      
                                                              
    ../src/Lab1lib.lib
       lab1lib.obj                   3340    0         670    
    +--+-----------------------------+-------+---------+---------+
       Total:                        3340    0         670    
                                                              
    /Applications/ti/ccs1240/ccs/tools/compiler/ti-cgt-arm_20.2.7.LTS/lib/rtsv7M4_T_le_v4SPD16_eabi.lib
       _printfi.c.obj                4851    0         0      
       defs.c.obj                    0       0         832    
       memory.c.obj                  672     0         16     
       trgmsg.c.obj                  108     0         576    
       fd_add_t2.asm.obj             438     0         0      
       host_device.c.obj             0       0         400    
       fopen.c.obj                   376     0         0      
       fd_div_t2.asm.obj             310     0         0      
       fputs.c.obj                   276     0         0      
       s_scalbn.c.obj                272     0         0      
       fd_cmp_t2.asm.obj             268     0         0      
       ctype.c.obj                   0       257       0      
       fd_mul_t2.asm.obj             252     0         0      
       setvbuf.c.obj                 220     0         0      
       open.c.obj                    188     0         8      
       add_device.c.obj              184     0         8      
       memcpy_t2.asm.obj             156     0         0      
       ull_div_t2.asm.obj            150     0         0      
       fputc.c.obj                   140     0         0      
       memset_t2.asm.obj             122     0         0      
       fclose.c.obj                  116     0         0      
       getdevice.c.obj               116     0         0      
       hostopen.c.obj                96      0         16     
       printf.c.obj                  112     0         0      
       fd_tos_t2.asm.obj             110     0         0      
       hostrename.c.obj              108     0         0      
       copy_decompress_lzss.c.obj    104     0         0      
       hostlseek.c.obj               104     0         0      
       exit.c.obj                    76      0         24     
       fseek.c.obj                   100     0         0      
       s_frexp.c.obj                 100     0         0      
       _io_perm.c.obj                98      0         0      
       close.c.obj                   92      0         0      
       hostread.c.obj                88      0         0      
       hostwrite.c.obj               88      0         0      
       _ltoa.c.obj                   84      0         0      
       atoi.c.obj                    76      0         0      
       fflush.c.obj                  76      0         0      
       fd_toi_t2.asm.obj             72      0         0      
       autoinit.c.obj                68      0         0      
       hostclose.c.obj               68      0         0      
       hostunlink.c.obj              68      0         0      
       fs_tod_t2.asm.obj             56      0         0      
       strncpy.c.obj                 54      0         0      
       boot_cortex_m.c.obj           52      0         0      
       i_tofd_t2.asm.obj             46      0         0      
       unlink.c.obj                  44      0         0      
       lseek.c.obj                   40      0         0      
       write.c.obj                   40      0         0      
       memchr.c.obj                  32      0         0      
       u_tofd_t2.asm.obj             32      0         0      
       copy_zero_init.c.obj          28      0         0      
       memccpy.c.obj                 28      0         0      
       s_copysign.c.obj              26      0         0      
       strcmp.c.obj                  24      0         0      
       strchr.c.obj                  22      0         0      
       strcpy.c.obj                  20      0         0      
       strlen.c.obj                  20      0         0      
       _lock.c.obj                   2       0         16     
       wcslen.c.obj                  18      0         0      
       errno.c.obj                   8       0         8      
       copy_decompress_none.c.obj    14      0         0      
       pre_init.c.obj                4       0         0      
       div0.asm.obj                  2       0         0      
    +--+-----------------------------+-------+---------+---------+
       Total:                        11615   257       1904   
                                                              
    /Applications/ti/simplelink_msp432p4_sdk_3_40_01_02/source/ti/devices/msp432p4xx/driverlib/ccs/msp432p4xx_driverlib.lib
       timer_a.o                     1176    0         0      
       interrupt.o                   304     88        464    
       gpio.o                        668     48        0      
       uart.o                        284     0         0      
    +--+-----------------------------+-------+---------+---------+
       Total:                        2432    136       464    
                                                              
       Heap:                         0       0         2048   
       Stack:                        0       0         2048   
       Linker Generated:             0       198       0      
    +--+-----------------------------+-------+---------+---------+
       Grand Total:                  19192   864       7150   


LINKER GENERATED COPY TABLES

__TI_cinit_table @ 00004e60 records: 3, size/record: 8, table size: 24
	.data: load addr=00004db0, load size=00000092 bytes, run addr=200007ac, run size=00000250 bytes, compression=lzss
	.bss: load addr=00004e50, load size=00000008 bytes, run addr=200004e8, run size=000002c2 bytes, compression=zero_init
	.vtable: load addr=00004e58, load size=00000008 bytes, run addr=20000000, run size=000000e8 bytes, compression=zero_init


LINKER GENERATED HANDLER TABLE

__TI_handler_table @ 00004e44 records: 3, size/record: 4, table size: 12
	index: 0, handler: __TI_zero_init
	index: 1, handler: __TI_decompress_lzss
	index: 2, handler: __TI_decompress_none


GLOBAL SYMBOLS: SORTED ALPHABETICALLY BY Name 

address   name                                           
-------   ----                                           
0000183f  ADC14_IRQHandler                               
0000183f  AES256_IRQHandler                              
0000183f  BusFault_Handler                               
00004bf1  C$$EXIT                                        
00004617  C$$IO$$                                        
0000183f  COMP_E0_IRQHandler                             
0000183f  COMP_E1_IRQHandler                             
0000183f  CS_IRQHandler                                  
00001841  ControlSystem                                  
0000183f  DMA_ERR_IRQHandler                             
0000183f  DMA_INT0_IRQHandler                            
0000183f  DMA_INT1_IRQHandler                            
0000183f  DMA_INT2_IRQHandler                            
0000183f  DMA_INT3_IRQHandler                            
0000183f  DebugMon_Handler                               
0000183f  Default_Handler                                
0000183f  EUSCIA0_IRQHandler                             
0000183f  EUSCIA1_IRQHandler                             
0000183f  EUSCIA2_IRQHandler                             
0000183f  EUSCIA3_IRQHandler                             
0000183f  EUSCIB0_IRQHandler                             
0000183f  EUSCIB1_IRQHandler                             
0000183f  EUSCIB2_IRQHandler                             
0000183f  EUSCIB3_IRQHandler                             
0000183f  FLCTL_IRQHandler                               
0000183f  FPU_IRQHandler                                 
00004573  GPIOInit                                       
00004795  GPIO_getInputPinValue                          
000041e1  GPIO_setAsInputPin                             
00003e8d  GPIO_setAsInputPinWithPullUpResistor           
000044f5  GPIO_setAsOutputPin                            
000034e5  GPIO_setAsPeripheralModuleFunctionInputPin     
0000356d  GPIO_setAsPeripheralModuleFunctionOutputPin    
0000487d  GPIO_setOutputHighOnPin                        
000048a5  GPIO_setOutputLowOnPin                         
000048cd  GPIO_toggleOutputOnPin                         
000043e5  HOSTclose                                      
00003aa9  HOSTlseek                                      
00003d75  HOSTopen                                       
00003ee5  HOSTread                                       
00003a3d  HOSTrename                                     
00004429  HOSTunlink                                     
00003f3d  HOSTwrite                                      
0000183f  HardFault_Handler                              
000006e1  I_ISR                                          
00003701  Interrupt_enableInterrupt                      
00003dd5  Interrupt_registerInterrupt                    
00004045  Interrupt_setPriority                          
0000183f  MemManage_Handler                              
0000183f  NMI_Handler                                    
20000965  N_run                                          
20000964  N_store                                        
0000183f  PCM_IRQHandler                                 
0000183f  PORT1_IRQHandler                               
0000183f  PORT2_IRQHandler                               
0000183f  PORT3_IRQHandler                               
0000183f  PORT4_IRQHandler                               
0000183f  PORT5_IRQHandler                               
0000183f  PORT6_IRQHandler                               
0000183f  PSS_IRQHandler                                 
2000079c  PW_L                                           
2000079e  PW_R                                           
0000183f  PendSV_Handler                                 
0000183f  RTC_C_IRQHandler                               
00004bbb  Reset_Handler                                  
0000183f  SVC_Handler                                    
00004bc7  SysInit                                        
0000183f  SysTick_Handler                                
00003329  SystemInit                                     
0000183f  T32_INT1_IRQHandler                            
0000183f  T32_INT2_IRQHandler                            
0000183f  T32_INTC_IRQHandler                            
0000183f  TA0_0_IRQHandler                               
0000183f  TA0_N_IRQHandler                               
20000724  TA0_ccr                                        
200006dc  TA0cfg                                         
0000183f  TA1_0_IRQHandler                               
0000183f  TA1_N_IRQHandler                               
200006f4  TA1cfg                                         
0000183f  TA2_0_IRQHandler                               
0000183f  TA2_N_IRQHandler                               
0000183f  TA3_0_IRQHandler                               
0000183f  TA3_N_IRQHandler                               
2000070c  TA3_ccr                                        
20000734  TA3cfg                                         
00000515  Tach_ISR                                       
2000074c  Tach_L                                         
20000750  Tach_L_avg                                     
20000754  Tach_L_count                                   
200007a0  Tach_L_flag                                    
20000758  Tach_L_sum                                     
2000075c  Tach_L_sum_count                               
20000760  Tach_R                                         
20000764  Tach_R_avg                                     
20000768  Tach_R_count                                   
200007a1  Tach_R_flag                                    
2000076c  Tach_R_sum                                     
20000770  Tach_R_sum_count                               
00004825  Timer_A_clearCaptureCompareInterrupt           
00004adb  Timer_A_clearInterruptFlag                     
00004691  Timer_A_configureContinuousMode                
00003b11  Timer_A_configureUpMode                        
000049bd  Timer_A_getCaptureCompareCount                 
000045b1  Timer_A_getCaptureCompareEnabledInterruptStatus
000048f5  Timer_A_getCaptureCompareInterruptStatus       
00004aab  Timer_A_getEnabledInterruptStatus              
00004b59  Timer_A_getInterruptStatus                     
00003f95  Timer_A_initCapture                            
00004193  Timer_A_initCompare                            
00002e49  Timer_A_registerInterrupt                      
0000491d  Timer_A_setCompareValue                        
00004af1  Timer_A_startCounter                           
00004b1d  Timer_A_stopTimer                              
0000263d  UART_initModule                                
0000183f  UsageFault_Handler                             
4000480c  WDTCTL_SYM                                     
0000183f  WDT_A_IRQHandler                               
200004e8  __CIOBUF_                                      
20010000  __STACK_END                                    
00000400  __STACK_SIZE                                   
00000400  __SYSMEM_SIZE                                  
00004e60  __TI_CINIT_Base                                
00004e78  __TI_CINIT_Limit                               
00004e44  __TI_Handler_Table_Base                        
00004e50  __TI_Handler_Table_Limit                       
0000446d  __TI_auto_init_nobinit_nopinit                 
000046c5  __TI_cleanup                                   
200009d4  __TI_cleanup_ptr                               
0000387d  __TI_closefile                                 
00003b79  __TI_decompress_lzss                           
00004b9f  __TI_decompress_none                           
0000422d  __TI_doflush                                   
200009d8  __TI_dtors_ptr                                 
200009dc  __TI_enable_exit_profile_output                
200009c4  __TI_ft_end                                    
00004099  __TI_ltoa                                      
ffffffff  __TI_pprof_out_hndl                            
00000df1  __TI_printfi                                   
ffffffff  __TI_prof_data_size                            
ffffffff  __TI_prof_data_start                           
000046f9  __TI_readmsg                                   
00000000  __TI_static_base__                             
20000608  __TI_tmpnams                                   
000045e9  __TI_writemsg                                  
00003d11  __TI_wrt_ok                                    
00004a3d  __TI_zero_init_nomemset                        
000035f5  __aeabi_cdcmpeq                                
000035f5  __aeabi_cdcmple                                
0000367b  __aeabi_cdrcmple                               
000039cf  __aeabi_d2f                                    
00004355  __aeabi_d2iz                                   
00001fb3  __aeabi_dadd                                   
000023e1  __aeabi_ddiv                                   
00002b8d  __aeabi_dmul                                   
00001fa9  __aeabi_dsub                                   
00004bd5  __aeabi_errno_addr                             
00004621  __aeabi_f2d                                    
000047f5  __aeabi_i2d                                    
00002517  __aeabi_idiv0                                  
00002517  __aeabi_ldiv0                                  
00003801  __aeabi_memclr                                 
00003801  __aeabi_memclr4                                
00003801  __aeabi_memclr8                                
0000328d  __aeabi_memcpy                                 
0000328d  __aeabi_memcpy4                                
0000328d  __aeabi_memcpy8                                
00003803  __aeabi_memset                                 
00003803  __aeabi_memset4                                
00003803  __aeabi_memset8                                
200009d0  __aeabi_stderr                                 
200009c8  __aeabi_stdin                                  
200009cc  __aeabi_stdout                                 
000049ff  __aeabi_ui2d                                   
000033c1  __aeabi_uldivmod                               
ffffffff  __binit__                                      
ffffffff  __c_args__                                     
UNDEFED   __mpu_init                                     
2000fc00  __stack                                        
20000000  __start___llvm_prf_cnts                        
20000000  __stop___llvm_prf_cnts                         
0000472d  _c_int00_noargs                                
00004bf4  _ctypes_                                       
2000089c  _device                                        
200007ac  _ftable                                        
200009e0  _lock                                          
0000215f  _nop                                           
20000914  _stream                                        
200000e8  _sys_memory                                    
UNDEFED   _system_post_cinit                             
00004bed  _system_pre_init                               
200009e4  _unlock                                        
00004bf1  abort                                          
00002fd9  add_device                                     
00002a8d  aligned_alloc                                  
00004279  atoi                                           
ffffffff  binit                                          
200007a2  bmp0                                           
200007a3  bmp1                                           
200007a4  bmp2                                           
200007a5  bmp3                                           
200007a6  bmp4                                           
200007a7  bmp5                                           
00000b7d  calc_Segment                                   
000001f3  checkGPIO                                      
00000141  clear_Sequence                                 
00003e31  close                                          
20000774  cmp_L_count                                    
20000778  cmp_L_total                                    
2000077c  cmp_R_count                                    
20000780  cmp_R_total                                    
00004a91  copysign                                       
00004a91  copysignl                                      
20000784  d_scale_L                                      
20000788  d_scale_R                                      
00004a21  dclose                                         
2000096c  desired_distance                               
20000972  desired_speed                                  
20000974  desired_speed_L                                
20000978  desired_speed_L_mod                            
20000976  desired_speed_R                                
2000097a  desired_speed_R_mod                            
20000984  diff_speed                                     
20000988  dir_L                                          
2000098c  dir_R                                          
2000078c  distance_L                                     
20000790  distance_R                                     
00004b6b  dlseek                                         
00003781  dopen                                          
000040ed  dread                                          
00004b8f  drename                                        
00004bad  dunlink                                        
000042c5  dwrite                                         
200009f4  errno                                          
20000794  error_sum_L                                    
2000099c  error_sum_L_base                               
20000798  error_sum_R                                    
200009b0  error_sum_R_base                               
0000430d  exit                                           
000047c5  finddevice                                     
00003459  fputc                                          
00002759  fputs                                          
00002c89  free                                           
00004761  freopen                                        
00003c49  frexp                                          
00003c49  frexpl                                         
00003cad  fseek                                          
20000000  g_pfnRAMVectors                                
000001d5  get_SequenceLength                             
000044b1  getdevice                                      
20000998  ignore_error                                   
000000e5  init_Sequence                                  
00003145  init_motor_PWM                                 
000031f1  init_std_uart                                  
00000000  interruptVectors                               
20000994  ki                                             
20000990  kp_dist                                        
000001db  lab1_GPIOInit                                  
000002e1  lab1_TimerInit                                 
0000297d  ldexp                                          
0000297d  ldexpl                                         
0000496d  lseek                                          
0000439d  main                                           
00004bdd  malloc                                         
20000980  max_diff_speed                                 
2000097c  max_speed                                      
00002a8d  memalign                                       
00004a75  memccpy                                        
000049df  memchr                                         
0000328d  memcpy                                         
00003809  memset                                         
2000097e  min_speed                                      
00002f1d  open                                           
20000744  parmbuf                                        
200007a8  pb1                                            
00000149  pop_Segment                                    
00003be1  printf                                         
00003459  putc                                           
000000f7  record_Segment                                 
00004851  remove                                         
0000015f  run_Sequence                                   
20000970  run_control                                    
20000966  running                                        
0000297d  scalbn                                         
0000297d  scalbnl                                        
200006a8  segments                                       
00002d6d  setvbuf                                        
200007a9  ss1                                            
000001af  status_Segment                                 
000001c5  status_Sequence                                
00000d3b  stop                                           
20000968  stop_counts                                    
00004b07  strchr                                         
00004ac3  strcmp                                         
00004b31  strcpy                                         
00004b45  strlen                                         
00004659  strncpy                                        
20000967  timer_counts                                   
00004851  unlink                                         
00004b7d  wcslen                                         
00004995  write                                          


GLOBAL SYMBOLS: SORTED BY Symbol Address 

address   name                                           
-------   ----                                           
00000000  __TI_static_base__                             
00000000  interruptVectors                               
000000e5  init_Sequence                                  
000000f7  record_Segment                                 
00000141  clear_Sequence                                 
00000149  pop_Segment                                    
0000015f  run_Sequence                                   
000001af  status_Segment                                 
000001c5  status_Sequence                                
000001d5  get_SequenceLength                             
000001db  lab1_GPIOInit                                  
000001f3  checkGPIO                                      
000002e1  lab1_TimerInit                                 
00000400  __STACK_SIZE                                   
00000400  __SYSMEM_SIZE                                  
00000515  Tach_ISR                                       
000006e1  I_ISR                                          
00000b7d  calc_Segment                                   
00000d3b  stop                                           
00000df1  __TI_printfi                                   
0000183f  ADC14_IRQHandler                               
0000183f  AES256_IRQHandler                              
0000183f  BusFault_Handler                               
0000183f  COMP_E0_IRQHandler                             
0000183f  COMP_E1_IRQHandler                             
0000183f  CS_IRQHandler                                  
0000183f  DMA_ERR_IRQHandler                             
0000183f  DMA_INT0_IRQHandler                            
0000183f  DMA_INT1_IRQHandler                            
0000183f  DMA_INT2_IRQHandler                            
0000183f  DMA_INT3_IRQHandler                            
0000183f  DebugMon_Handler                               
0000183f  Default_Handler                                
0000183f  EUSCIA0_IRQHandler                             
0000183f  EUSCIA1_IRQHandler                             
0000183f  EUSCIA2_IRQHandler                             
0000183f  EUSCIA3_IRQHandler                             
0000183f  EUSCIB0_IRQHandler                             
0000183f  EUSCIB1_IRQHandler                             
0000183f  EUSCIB2_IRQHandler                             
0000183f  EUSCIB3_IRQHandler                             
0000183f  FLCTL_IRQHandler                               
0000183f  FPU_IRQHandler                                 
0000183f  HardFault_Handler                              
0000183f  MemManage_Handler                              
0000183f  NMI_Handler                                    
0000183f  PCM_IRQHandler                                 
0000183f  PORT1_IRQHandler                               
0000183f  PORT2_IRQHandler                               
0000183f  PORT3_IRQHandler                               
0000183f  PORT4_IRQHandler                               
0000183f  PORT5_IRQHandler                               
0000183f  PORT6_IRQHandler                               
0000183f  PSS_IRQHandler                                 
0000183f  PendSV_Handler                                 
0000183f  RTC_C_IRQHandler                               
0000183f  SVC_Handler                                    
0000183f  SysTick_Handler                                
0000183f  T32_INT1_IRQHandler                            
0000183f  T32_INT2_IRQHandler                            
0000183f  T32_INTC_IRQHandler                            
0000183f  TA0_0_IRQHandler                               
0000183f  TA0_N_IRQHandler                               
0000183f  TA1_0_IRQHandler                               
0000183f  TA1_N_IRQHandler                               
0000183f  TA2_0_IRQHandler                               
0000183f  TA2_N_IRQHandler                               
0000183f  TA3_0_IRQHandler                               
0000183f  TA3_N_IRQHandler                               
0000183f  UsageFault_Handler                             
0000183f  WDT_A_IRQHandler                               
00001841  ControlSystem                                  
00001fa9  __aeabi_dsub                                   
00001fb3  __aeabi_dadd                                   
0000215f  _nop                                           
000023e1  __aeabi_ddiv                                   
00002517  __aeabi_idiv0                                  
00002517  __aeabi_ldiv0                                  
0000263d  UART_initModule                                
00002759  fputs                                          
0000297d  ldexp                                          
0000297d  ldexpl                                         
0000297d  scalbn                                         
0000297d  scalbnl                                        
00002a8d  aligned_alloc                                  
00002a8d  memalign                                       
00002b8d  __aeabi_dmul                                   
00002c89  free                                           
00002d6d  setvbuf                                        
00002e49  Timer_A_registerInterrupt                      
00002f1d  open                                           
00002fd9  add_device                                     
00003145  init_motor_PWM                                 
000031f1  init_std_uart                                  
0000328d  __aeabi_memcpy                                 
0000328d  __aeabi_memcpy4                                
0000328d  __aeabi_memcpy8                                
0000328d  memcpy                                         
00003329  SystemInit                                     
000033c1  __aeabi_uldivmod                               
00003459  fputc                                          
00003459  putc                                           
000034e5  GPIO_setAsPeripheralModuleFunctionInputPin     
0000356d  GPIO_setAsPeripheralModuleFunctionOutputPin    
000035f5  __aeabi_cdcmpeq                                
000035f5  __aeabi_cdcmple                                
0000367b  __aeabi_cdrcmple                               
00003701  Interrupt_enableInterrupt                      
00003781  dopen                                          
00003801  __aeabi_memclr                                 
00003801  __aeabi_memclr4                                
00003801  __aeabi_memclr8                                
00003803  __aeabi_memset                                 
00003803  __aeabi_memset4                                
00003803  __aeabi_memset8                                
00003809  memset                                         
0000387d  __TI_closefile                                 
000039cf  __aeabi_d2f                                    
00003a3d  HOSTrename                                     
00003aa9  HOSTlseek                                      
00003b11  Timer_A_configureUpMode                        
00003b79  __TI_decompress_lzss                           
00003be1  printf                                         
00003c49  frexp                                          
00003c49  frexpl                                         
00003cad  fseek                                          
00003d11  __TI_wrt_ok                                    
00003d75  HOSTopen                                       
00003dd5  Interrupt_registerInterrupt                    
00003e31  close                                          
00003e8d  GPIO_setAsInputPinWithPullUpResistor           
00003ee5  HOSTread                                       
00003f3d  HOSTwrite                                      
00003f95  Timer_A_initCapture                            
00004045  Interrupt_setPriority                          
00004099  __TI_ltoa                                      
000040ed  dread                                          
00004193  Timer_A_initCompare                            
000041e1  GPIO_setAsInputPin                             
0000422d  __TI_doflush                                   
00004279  atoi                                           
000042c5  dwrite                                         
0000430d  exit                                           
00004355  __aeabi_d2iz                                   
0000439d  main                                           
000043e5  HOSTclose                                      
00004429  HOSTunlink                                     
0000446d  __TI_auto_init_nobinit_nopinit                 
000044b1  getdevice                                      
000044f5  GPIO_setAsOutputPin                            
00004573  GPIOInit                                       
000045b1  Timer_A_getCaptureCompareEnabledInterruptStatus
000045e9  __TI_writemsg                                  
00004617  C$$IO$$                                        
00004621  __aeabi_f2d                                    
00004659  strncpy                                        
00004691  Timer_A_configureContinuousMode                
000046c5  __TI_cleanup                                   
000046f9  __TI_readmsg                                   
0000472d  _c_int00_noargs                                
00004761  freopen                                        
00004795  GPIO_getInputPinValue                          
000047c5  finddevice                                     
000047f5  __aeabi_i2d                                    
00004825  Timer_A_clearCaptureCompareInterrupt           
00004851  remove                                         
00004851  unlink                                         
0000487d  GPIO_setOutputHighOnPin                        
000048a5  GPIO_setOutputLowOnPin                         
000048cd  GPIO_toggleOutputOnPin                         
000048f5  Timer_A_getCaptureCompareInterruptStatus       
0000491d  Timer_A_setCompareValue                        
0000496d  lseek                                          
00004995  write                                          
000049bd  Timer_A_getCaptureCompareCount                 
000049df  memchr                                         
000049ff  __aeabi_ui2d                                   
00004a21  dclose                                         
00004a3d  __TI_zero_init_nomemset                        
00004a75  memccpy                                        
00004a91  copysign                                       
00004a91  copysignl                                      
00004aab  Timer_A_getEnabledInterruptStatus              
00004ac3  strcmp                                         
00004adb  Timer_A_clearInterruptFlag                     
00004af1  Timer_A_startCounter                           
00004b07  strchr                                         
00004b1d  Timer_A_stopTimer                              
00004b31  strcpy                                         
00004b45  strlen                                         
00004b59  Timer_A_getInterruptStatus                     
00004b6b  dlseek                                         
00004b7d  wcslen                                         
00004b8f  drename                                        
00004b9f  __TI_decompress_none                           
00004bad  dunlink                                        
00004bbb  Reset_Handler                                  
00004bc7  SysInit                                        
00004bd5  __aeabi_errno_addr                             
00004bdd  malloc                                         
00004bed  _system_pre_init                               
00004bf1  C$$EXIT                                        
00004bf1  abort                                          
00004bf4  _ctypes_                                       
00004e44  __TI_Handler_Table_Base                        
00004e50  __TI_Handler_Table_Limit                       
00004e60  __TI_CINIT_Base                                
00004e78  __TI_CINIT_Limit                               
20000000  __start___llvm_prf_cnts                        
20000000  __stop___llvm_prf_cnts                         
20000000  g_pfnRAMVectors                                
200000e8  _sys_memory                                    
200004e8  __CIOBUF_                                      
20000608  __TI_tmpnams                                   
200006a8  segments                                       
200006dc  TA0cfg                                         
200006f4  TA1cfg                                         
2000070c  TA3_ccr                                        
20000724  TA0_ccr                                        
20000734  TA3cfg                                         
20000744  parmbuf                                        
2000074c  Tach_L                                         
20000750  Tach_L_avg                                     
20000754  Tach_L_count                                   
20000758  Tach_L_sum                                     
2000075c  Tach_L_sum_count                               
20000760  Tach_R                                         
20000764  Tach_R_avg                                     
20000768  Tach_R_count                                   
2000076c  Tach_R_sum                                     
20000770  Tach_R_sum_count                               
20000774  cmp_L_count                                    
20000778  cmp_L_total                                    
2000077c  cmp_R_count                                    
20000780  cmp_R_total                                    
20000784  d_scale_L                                      
20000788  d_scale_R                                      
2000078c  distance_L                                     
20000790  distance_R                                     
20000794  error_sum_L                                    
20000798  error_sum_R                                    
2000079c  PW_L                                           
2000079e  PW_R                                           
200007a0  Tach_L_flag                                    
200007a1  Tach_R_flag                                    
200007a2  bmp0                                           
200007a3  bmp1                                           
200007a4  bmp2                                           
200007a5  bmp3                                           
200007a6  bmp4                                           
200007a7  bmp5                                           
200007a8  pb1                                            
200007a9  ss1                                            
200007ac  _ftable                                        
2000089c  _device                                        
20000914  _stream                                        
20000964  N_store                                        
20000965  N_run                                          
20000966  running                                        
20000967  timer_counts                                   
20000968  stop_counts                                    
2000096c  desired_distance                               
20000970  run_control                                    
20000972  desired_speed                                  
20000974  desired_speed_L                                
20000976  desired_speed_R                                
20000978  desired_speed_L_mod                            
2000097a  desired_speed_R_mod                            
2000097c  max_speed                                      
2000097e  min_speed                                      
20000980  max_diff_speed                                 
20000984  diff_speed                                     
20000988  dir_L                                          
2000098c  dir_R                                          
20000990  kp_dist                                        
20000994  ki                                             
20000998  ignore_error                                   
2000099c  error_sum_L_base                               
200009b0  error_sum_R_base                               
200009c4  __TI_ft_end                                    
200009c8  __aeabi_stdin                                  
200009cc  __aeabi_stdout                                 
200009d0  __aeabi_stderr                                 
200009d4  __TI_cleanup_ptr                               
200009d8  __TI_dtors_ptr                                 
200009dc  __TI_enable_exit_profile_output                
200009e0  _lock                                          
200009e4  _unlock                                        
200009f4  errno                                          
2000fc00  __stack                                        
20010000  __STACK_END                                    
4000480c  WDTCTL_SYM                                     
ffffffff  __TI_pprof_out_hndl                            
ffffffff  __TI_prof_data_size                            
ffffffff  __TI_prof_data_start                           
ffffffff  __binit__                                      
ffffffff  __c_args__                                     
ffffffff  binit                                          
UNDEFED   __mpu_init                                     
UNDEFED   _system_post_cinit                             

[300 symbols]
